#-----------------------------------------------------------
# Vivado v2020.2 (64-bit)
# SW Build 3064766 on Wed Nov 18 09:12:45 MST 2020
# IP Build 3064653 on Wed Nov 18 14:17:31 MST 2020
# Start of session at: Tue Apr 13 14:18:52 2021
# Process ID: 12052
# Current directory: D:/CELab2/Lab4
# Command line: vivado.exe -gui_launcher_event rodinguilauncherevent14000 D:\CELab2\Lab4\lab4.xpr
# Log file: D:/CELab2/Lab4/vivado.log
# Journal file: D:/CELab2/Lab4\vivado.jou
#-----------------------------------------------------------
start_gui
open_project D:/CELab2/Lab4/lab4.xpr
update_compile_order -fileset sources_1
launch_simulation
source testbench.tcl
close_sim
launch_simulation
source testbench.tcl
close_sim
launch_simulation
source testbench.tcl
close_sim
launch_simulation
source testbench.tcl
close_sim
launch_simulation
source testbench.tcl
update_compile_order -fileset sources_1
update_compile_order -fileset sources_1
set_property file_type SystemVerilog [get_files  D:/CELab2/Lab4/lab4.srcs/sim_1/new/testbench.v]
update_compile_order -fileset sources_1
update_compile_order -fileset sources_1
