#-----------------------------------------------------------
# Vivado v2020.2 (64-bit)
# SW Build 3064766 on Wed Nov 18 09:12:45 MST 2020
# IP Build 3064653 on Wed Nov 18 14:17:31 MST 2020
# Start of session at: Fri Mar 12 20:29:43 2021
# Process ID: 12936
# Current directory: D:/CELab2/ARM-Pipeline-Processor
# Command line: vivado.exe -gui_launcher_event rodinguilauncherevent18872 D:\CELab2\ARM-Pipeline-Processor\ARM-Pipeline-Processor.xpr
# Log file: D:/CELab2/ARM-Pipeline-Processor/vivado.log
# Journal file: D:/CELab2/ARM-Pipeline-Processor\vivado.jou
#-----------------------------------------------------------
start_gui
open_project D:/CELab2/ARM-Pipeline-Processor/ARM-Pipeline-Processor.xpr
update_compile_order -fileset sources_1
close [ open D:/CELab2/ARM-Pipeline-Processor/ARM-Pipeline-Processor.srcs/sources_1/new/BranchAdd.v w ]
add_files D:/CELab2/ARM-Pipeline-Processor/ARM-Pipeline-Processor.srcs/sources_1/new/BranchAdd.v
update_compile_order -fileset sources_1
launch_simulation
open_wave_config D:/CELab2/ARM-Pipeline-Processor/testbench_behav.wcfg
source testbench.tcl
relaunch_sim
run .1 ms
save_wave_config {D:/CELab2/ARM-Pipeline-Processor/testbench_behav.wcfg}
close_sim
launch_simulation
open_wave_config D:/CELab2/ARM-Pipeline-Processor/testbench_behav.wcfg
source testbench.tcl
save_wave_config {D:/CELab2/ARM-Pipeline-Processor/testbench_behav.wcfg}
close_sim
launch_simulation
open_wave_config D:/CELab2/ARM-Pipeline-Processor/testbench_behav.wcfg
source testbench.tcl
relaunch_sim
relaunch_sim
relaunch_sim
save_wave_config {D:/CELab2/ARM-Pipeline-Processor/testbench_behav.wcfg}
close_sim
launch_simulation
open_wave_config D:/CELab2/ARM-Pipeline-Processor/testbench_behav.wcfg
source testbench.tcl
relaunch_sim
relaunch_sim
relaunch_sim
save_wave_config {D:/CELab2/ARM-Pipeline-Processor/testbench_behav.wcfg}
