ARM GAS  C:\Users\tmj32\AppData\Local\Temp\ccbtobbc.s 			page 1


   1              		.syntax unified
   2              		.cpu cortex-m3
   3              		.fpu softvfp
   4              		.eabi_attribute 20, 1
   5              		.eabi_attribute 21, 1
   6              		.eabi_attribute 23, 3
   7              		.eabi_attribute 24, 1
   8              		.eabi_attribute 25, 1
   9              		.eabi_attribute 26, 1
  10              		.eabi_attribute 30, 1
  11              		.eabi_attribute 34, 1
  12              		.eabi_attribute 18, 4
  13              		.thumb
  14              		.syntax unified
  15              		.file	"isr_1.c"
  16              		.text
  17              	.Ltext0:
  18              		.cfi_sections	.debug_frame
  19              		.section	.text.isr_1_SetVector,"ax",%progbits
  20              		.align	2
  21              		.global	isr_1_SetVector
  22              		.thumb
  23              		.thumb_func
  24              		.type	isr_1_SetVector, %function
  25              	isr_1_SetVector:
  26              	.LFB68:
  27              		.file 1 "Generated_Source\\PSoC5\\isr_1.c"
   1:Generated_Source\PSoC5/isr_1.c **** /*******************************************************************************
   2:Generated_Source\PSoC5/isr_1.c **** * File Name: isr_1.c  
   3:Generated_Source\PSoC5/isr_1.c **** * Version 1.70
   4:Generated_Source\PSoC5/isr_1.c **** *
   5:Generated_Source\PSoC5/isr_1.c **** *  Description:
   6:Generated_Source\PSoC5/isr_1.c **** *   API for controlling the state of an interrupt.
   7:Generated_Source\PSoC5/isr_1.c **** *
   8:Generated_Source\PSoC5/isr_1.c **** *
   9:Generated_Source\PSoC5/isr_1.c **** *  Note:
  10:Generated_Source\PSoC5/isr_1.c **** *
  11:Generated_Source\PSoC5/isr_1.c **** ********************************************************************************
  12:Generated_Source\PSoC5/isr_1.c **** * Copyright 2008-2015, Cypress Semiconductor Corporation.  All rights reserved.
  13:Generated_Source\PSoC5/isr_1.c **** * You may use this file only in accordance with the license, terms, conditions, 
  14:Generated_Source\PSoC5/isr_1.c **** * disclaimers, and limitations in the end user license agreement accompanying 
  15:Generated_Source\PSoC5/isr_1.c **** * the software package with which this file was provided.
  16:Generated_Source\PSoC5/isr_1.c **** *******************************************************************************/
  17:Generated_Source\PSoC5/isr_1.c **** 
  18:Generated_Source\PSoC5/isr_1.c **** 
  19:Generated_Source\PSoC5/isr_1.c **** #include <cydevice_trm.h>
  20:Generated_Source\PSoC5/isr_1.c **** #include <CyLib.h>
  21:Generated_Source\PSoC5/isr_1.c **** #include <isr_1.h>
  22:Generated_Source\PSoC5/isr_1.c **** #include "cyapicallbacks.h"
  23:Generated_Source\PSoC5/isr_1.c **** 
  24:Generated_Source\PSoC5/isr_1.c **** #if !defined(isr_1__REMOVED) /* Check for removal by optimization */
  25:Generated_Source\PSoC5/isr_1.c **** 
  26:Generated_Source\PSoC5/isr_1.c **** /*******************************************************************************
  27:Generated_Source\PSoC5/isr_1.c **** *  Place your includes, defines and code here 
  28:Generated_Source\PSoC5/isr_1.c **** ********************************************************************************/
  29:Generated_Source\PSoC5/isr_1.c **** /* `#START isr_1_intc` */
  30:Generated_Source\PSoC5/isr_1.c **** #include "project.h"
ARM GAS  C:\Users\tmj32\AppData\Local\Temp\ccbtobbc.s 			page 2


  31:Generated_Source\PSoC5/isr_1.c **** #include "stdio.h"
  32:Generated_Source\PSoC5/isr_1.c **** /* `#END` */
  33:Generated_Source\PSoC5/isr_1.c **** 
  34:Generated_Source\PSoC5/isr_1.c **** #ifndef CYINT_IRQ_BASE
  35:Generated_Source\PSoC5/isr_1.c **** #define CYINT_IRQ_BASE      16
  36:Generated_Source\PSoC5/isr_1.c **** #endif /* CYINT_IRQ_BASE */
  37:Generated_Source\PSoC5/isr_1.c **** #ifndef CYINT_VECT_TABLE
  38:Generated_Source\PSoC5/isr_1.c **** #define CYINT_VECT_TABLE    ((cyisraddress **) CYREG_NVIC_VECT_OFFSET)
  39:Generated_Source\PSoC5/isr_1.c **** #endif /* CYINT_VECT_TABLE */
  40:Generated_Source\PSoC5/isr_1.c **** 
  41:Generated_Source\PSoC5/isr_1.c **** /* Declared in startup, used to set unused interrupts to. */
  42:Generated_Source\PSoC5/isr_1.c **** CY_ISR_PROTO(IntDefaultHandler);
  43:Generated_Source\PSoC5/isr_1.c **** 
  44:Generated_Source\PSoC5/isr_1.c **** 
  45:Generated_Source\PSoC5/isr_1.c **** /*******************************************************************************
  46:Generated_Source\PSoC5/isr_1.c **** * Function Name: isr_1_Start
  47:Generated_Source\PSoC5/isr_1.c **** ********************************************************************************
  48:Generated_Source\PSoC5/isr_1.c **** *
  49:Generated_Source\PSoC5/isr_1.c **** * Summary:
  50:Generated_Source\PSoC5/isr_1.c **** *  Set up the interrupt and enable it. This function disables the interrupt, 
  51:Generated_Source\PSoC5/isr_1.c **** *  sets the default interrupt vector, sets the priority from the value in the
  52:Generated_Source\PSoC5/isr_1.c **** *  Design Wide Resources Interrupt Editor, then enables the interrupt to the 
  53:Generated_Source\PSoC5/isr_1.c **** *  interrupt controller.
  54:Generated_Source\PSoC5/isr_1.c **** *
  55:Generated_Source\PSoC5/isr_1.c **** * Parameters:  
  56:Generated_Source\PSoC5/isr_1.c **** *   None
  57:Generated_Source\PSoC5/isr_1.c **** *
  58:Generated_Source\PSoC5/isr_1.c **** * Return:
  59:Generated_Source\PSoC5/isr_1.c **** *   None
  60:Generated_Source\PSoC5/isr_1.c **** *
  61:Generated_Source\PSoC5/isr_1.c **** *******************************************************************************/
  62:Generated_Source\PSoC5/isr_1.c **** void isr_1_Start(void)
  63:Generated_Source\PSoC5/isr_1.c **** {
  64:Generated_Source\PSoC5/isr_1.c ****     /* For all we know the interrupt is active. */
  65:Generated_Source\PSoC5/isr_1.c ****     isr_1_Disable();
  66:Generated_Source\PSoC5/isr_1.c **** 
  67:Generated_Source\PSoC5/isr_1.c ****     /* Set the ISR to point to the isr_1 Interrupt. */
  68:Generated_Source\PSoC5/isr_1.c ****     isr_1_SetVector(&isr_1_Interrupt);
  69:Generated_Source\PSoC5/isr_1.c **** 
  70:Generated_Source\PSoC5/isr_1.c ****     /* Set the priority. */
  71:Generated_Source\PSoC5/isr_1.c ****     isr_1_SetPriority((uint8)isr_1_INTC_PRIOR_NUMBER);
  72:Generated_Source\PSoC5/isr_1.c **** 
  73:Generated_Source\PSoC5/isr_1.c ****     /* Enable it. */
  74:Generated_Source\PSoC5/isr_1.c ****     isr_1_Enable();
  75:Generated_Source\PSoC5/isr_1.c **** }
  76:Generated_Source\PSoC5/isr_1.c **** 
  77:Generated_Source\PSoC5/isr_1.c **** 
  78:Generated_Source\PSoC5/isr_1.c **** /*******************************************************************************
  79:Generated_Source\PSoC5/isr_1.c **** * Function Name: isr_1_StartEx
  80:Generated_Source\PSoC5/isr_1.c **** ********************************************************************************
  81:Generated_Source\PSoC5/isr_1.c **** *
  82:Generated_Source\PSoC5/isr_1.c **** * Summary:
  83:Generated_Source\PSoC5/isr_1.c **** *  Sets up the interrupt and enables it. This function disables the interrupt,
  84:Generated_Source\PSoC5/isr_1.c **** *  sets the interrupt vector based on the address passed in, sets the priority 
  85:Generated_Source\PSoC5/isr_1.c **** *  from the value in the Design Wide Resources Interrupt Editor, then enables 
  86:Generated_Source\PSoC5/isr_1.c **** *  the interrupt to the interrupt controller.
  87:Generated_Source\PSoC5/isr_1.c **** *  
ARM GAS  C:\Users\tmj32\AppData\Local\Temp\ccbtobbc.s 			page 3


  88:Generated_Source\PSoC5/isr_1.c **** *  When defining ISR functions, the CY_ISR and CY_ISR_PROTO macros should be 
  89:Generated_Source\PSoC5/isr_1.c **** *  used to provide consistent definition across compilers:
  90:Generated_Source\PSoC5/isr_1.c **** *  
  91:Generated_Source\PSoC5/isr_1.c **** *  Function definition example:
  92:Generated_Source\PSoC5/isr_1.c **** *   CY_ISR(MyISR)
  93:Generated_Source\PSoC5/isr_1.c **** *   {
  94:Generated_Source\PSoC5/isr_1.c **** *   }
  95:Generated_Source\PSoC5/isr_1.c **** *   Function prototype example:
  96:Generated_Source\PSoC5/isr_1.c **** *   CY_ISR_PROTO(MyISR);
  97:Generated_Source\PSoC5/isr_1.c **** *
  98:Generated_Source\PSoC5/isr_1.c **** * Parameters:  
  99:Generated_Source\PSoC5/isr_1.c **** *   address: Address of the ISR to set in the interrupt vector table.
 100:Generated_Source\PSoC5/isr_1.c **** *
 101:Generated_Source\PSoC5/isr_1.c **** * Return:
 102:Generated_Source\PSoC5/isr_1.c **** *   None
 103:Generated_Source\PSoC5/isr_1.c **** *
 104:Generated_Source\PSoC5/isr_1.c **** *******************************************************************************/
 105:Generated_Source\PSoC5/isr_1.c **** void isr_1_StartEx(cyisraddress address)
 106:Generated_Source\PSoC5/isr_1.c **** {
 107:Generated_Source\PSoC5/isr_1.c ****     /* For all we know the interrupt is active. */
 108:Generated_Source\PSoC5/isr_1.c ****     isr_1_Disable();
 109:Generated_Source\PSoC5/isr_1.c **** 
 110:Generated_Source\PSoC5/isr_1.c ****     /* Set the ISR to point to the isr_1 Interrupt. */
 111:Generated_Source\PSoC5/isr_1.c ****     isr_1_SetVector(address);
 112:Generated_Source\PSoC5/isr_1.c **** 
 113:Generated_Source\PSoC5/isr_1.c ****     /* Set the priority. */
 114:Generated_Source\PSoC5/isr_1.c ****     isr_1_SetPriority((uint8)isr_1_INTC_PRIOR_NUMBER);
 115:Generated_Source\PSoC5/isr_1.c **** 
 116:Generated_Source\PSoC5/isr_1.c ****     /* Enable it. */
 117:Generated_Source\PSoC5/isr_1.c ****     isr_1_Enable();
 118:Generated_Source\PSoC5/isr_1.c **** }
 119:Generated_Source\PSoC5/isr_1.c **** 
 120:Generated_Source\PSoC5/isr_1.c **** 
 121:Generated_Source\PSoC5/isr_1.c **** /*******************************************************************************
 122:Generated_Source\PSoC5/isr_1.c **** * Function Name: isr_1_Stop
 123:Generated_Source\PSoC5/isr_1.c **** ********************************************************************************
 124:Generated_Source\PSoC5/isr_1.c **** *
 125:Generated_Source\PSoC5/isr_1.c **** * Summary:
 126:Generated_Source\PSoC5/isr_1.c **** *   Disables and removes the interrupt.
 127:Generated_Source\PSoC5/isr_1.c **** *
 128:Generated_Source\PSoC5/isr_1.c **** * Parameters:  
 129:Generated_Source\PSoC5/isr_1.c **** *   None
 130:Generated_Source\PSoC5/isr_1.c **** *
 131:Generated_Source\PSoC5/isr_1.c **** * Return:
 132:Generated_Source\PSoC5/isr_1.c **** *   None
 133:Generated_Source\PSoC5/isr_1.c **** *
 134:Generated_Source\PSoC5/isr_1.c **** *******************************************************************************/
 135:Generated_Source\PSoC5/isr_1.c **** void isr_1_Stop(void)
 136:Generated_Source\PSoC5/isr_1.c **** {
 137:Generated_Source\PSoC5/isr_1.c ****     /* Disable this interrupt. */
 138:Generated_Source\PSoC5/isr_1.c ****     isr_1_Disable();
 139:Generated_Source\PSoC5/isr_1.c **** 
 140:Generated_Source\PSoC5/isr_1.c ****     /* Set the ISR to point to the passive one. */
 141:Generated_Source\PSoC5/isr_1.c ****     isr_1_SetVector(&IntDefaultHandler);
 142:Generated_Source\PSoC5/isr_1.c **** }
 143:Generated_Source\PSoC5/isr_1.c **** 
 144:Generated_Source\PSoC5/isr_1.c **** 
ARM GAS  C:\Users\tmj32\AppData\Local\Temp\ccbtobbc.s 			page 4


 145:Generated_Source\PSoC5/isr_1.c **** /*******************************************************************************
 146:Generated_Source\PSoC5/isr_1.c **** * Function Name: isr_1_Interrupt
 147:Generated_Source\PSoC5/isr_1.c **** ********************************************************************************
 148:Generated_Source\PSoC5/isr_1.c **** *
 149:Generated_Source\PSoC5/isr_1.c **** * Summary:
 150:Generated_Source\PSoC5/isr_1.c **** *   The default Interrupt Service Routine for isr_1.
 151:Generated_Source\PSoC5/isr_1.c **** *
 152:Generated_Source\PSoC5/isr_1.c **** *   Add custom code between the coments to keep the next version of this file
 153:Generated_Source\PSoC5/isr_1.c **** *   from over writting your code.
 154:Generated_Source\PSoC5/isr_1.c **** *
 155:Generated_Source\PSoC5/isr_1.c **** * Parameters:  
 156:Generated_Source\PSoC5/isr_1.c **** *
 157:Generated_Source\PSoC5/isr_1.c **** * Return:
 158:Generated_Source\PSoC5/isr_1.c **** *   None
 159:Generated_Source\PSoC5/isr_1.c **** *
 160:Generated_Source\PSoC5/isr_1.c **** *******************************************************************************/
 161:Generated_Source\PSoC5/isr_1.c **** CY_ISR(isr_1_Interrupt)
 162:Generated_Source\PSoC5/isr_1.c **** {
 163:Generated_Source\PSoC5/isr_1.c ****     #ifdef isr_1_INTERRUPT_INTERRUPT_CALLBACK
 164:Generated_Source\PSoC5/isr_1.c ****         isr_1_Interrupt_InterruptCallback();
 165:Generated_Source\PSoC5/isr_1.c ****     #endif /* isr_1_INTERRUPT_INTERRUPT_CALLBACK */ 
 166:Generated_Source\PSoC5/isr_1.c **** 
 167:Generated_Source\PSoC5/isr_1.c ****     /*  Place your Interrupt code here. */
 168:Generated_Source\PSoC5/isr_1.c ****     /* `#START isr_1_Interrupt` */
 169:Generated_Source\PSoC5/isr_1.c ****     int x = 0;
 170:Generated_Source\PSoC5/isr_1.c ****     char str1[15];
 171:Generated_Source\PSoC5/isr_1.c **** 
 172:Generated_Source\PSoC5/isr_1.c ****     while (x<25)
 173:Generated_Source\PSoC5/isr_1.c ****     {
 174:Generated_Source\PSoC5/isr_1.c ****         PWM_1_WriteCompare(x);
 175:Generated_Source\PSoC5/isr_1.c ****         x = x + 1;
 176:Generated_Source\PSoC5/isr_1.c ****          
 177:Generated_Source\PSoC5/isr_1.c ****         LCD_ClearDisplay();
 178:Generated_Source\PSoC5/isr_1.c ****         LCD_Position(0,0);
 179:Generated_Source\PSoC5/isr_1.c ****         sprintf(str1, "%d",x );
 180:Generated_Source\PSoC5/isr_1.c ****         LCD_PrintString(str1);
 181:Generated_Source\PSoC5/isr_1.c ****         CyDelay(10);
 182:Generated_Source\PSoC5/isr_1.c ****     }
 183:Generated_Source\PSoC5/isr_1.c ****     isr_1_Stop();
 184:Generated_Source\PSoC5/isr_1.c ****     /* `#END` */
 185:Generated_Source\PSoC5/isr_1.c **** }
 186:Generated_Source\PSoC5/isr_1.c **** 
 187:Generated_Source\PSoC5/isr_1.c **** 
 188:Generated_Source\PSoC5/isr_1.c **** /*******************************************************************************
 189:Generated_Source\PSoC5/isr_1.c **** * Function Name: isr_1_SetVector
 190:Generated_Source\PSoC5/isr_1.c **** ********************************************************************************
 191:Generated_Source\PSoC5/isr_1.c **** *
 192:Generated_Source\PSoC5/isr_1.c **** * Summary:
 193:Generated_Source\PSoC5/isr_1.c **** *   Change the ISR vector for the Interrupt. Note calling isr_1_Start
 194:Generated_Source\PSoC5/isr_1.c **** *   will override any effect this method would have had. To set the vector 
 195:Generated_Source\PSoC5/isr_1.c **** *   before the component has been started use isr_1_StartEx instead.
 196:Generated_Source\PSoC5/isr_1.c **** * 
 197:Generated_Source\PSoC5/isr_1.c **** *   When defining ISR functions, the CY_ISR and CY_ISR_PROTO macros should be 
 198:Generated_Source\PSoC5/isr_1.c **** *   used to provide consistent definition across compilers:
 199:Generated_Source\PSoC5/isr_1.c **** *
 200:Generated_Source\PSoC5/isr_1.c **** *   Function definition example:
 201:Generated_Source\PSoC5/isr_1.c **** *   CY_ISR(MyISR)
ARM GAS  C:\Users\tmj32\AppData\Local\Temp\ccbtobbc.s 			page 5


 202:Generated_Source\PSoC5/isr_1.c **** *   {
 203:Generated_Source\PSoC5/isr_1.c **** *   }
 204:Generated_Source\PSoC5/isr_1.c **** *
 205:Generated_Source\PSoC5/isr_1.c **** *   Function prototype example:
 206:Generated_Source\PSoC5/isr_1.c **** *     CY_ISR_PROTO(MyISR);
 207:Generated_Source\PSoC5/isr_1.c **** *
 208:Generated_Source\PSoC5/isr_1.c **** * Parameters:
 209:Generated_Source\PSoC5/isr_1.c **** *   address: Address of the ISR to set in the interrupt vector table.
 210:Generated_Source\PSoC5/isr_1.c **** *
 211:Generated_Source\PSoC5/isr_1.c **** * Return:
 212:Generated_Source\PSoC5/isr_1.c **** *   None
 213:Generated_Source\PSoC5/isr_1.c **** *
 214:Generated_Source\PSoC5/isr_1.c **** *******************************************************************************/
 215:Generated_Source\PSoC5/isr_1.c **** void isr_1_SetVector(cyisraddress address)
 216:Generated_Source\PSoC5/isr_1.c **** {
  28              		.loc 1 216 0
  29              		.cfi_startproc
  30              		@ args = 0, pretend = 0, frame = 0
  31              		@ frame_needed = 0, uses_anonymous_args = 0
  32              		@ link register save eliminated.
  33              	.LVL0:
 217:Generated_Source\PSoC5/isr_1.c ****     cyisraddress * ramVectorTable;
 218:Generated_Source\PSoC5/isr_1.c **** 
 219:Generated_Source\PSoC5/isr_1.c ****     ramVectorTable = (cyisraddress *) *CYINT_VECT_TABLE;
  34              		.loc 1 219 0
  35 0000 014B     		ldr	r3, .L2
  36 0002 1B68     		ldr	r3, [r3]
  37              	.LVL1:
 220:Generated_Source\PSoC5/isr_1.c **** 
 221:Generated_Source\PSoC5/isr_1.c ****     ramVectorTable[CYINT_IRQ_BASE + (uint32)isr_1__INTC_NUMBER] = address;
  38              		.loc 1 221 0
  39 0004 1864     		str	r0, [r3, #64]
  40 0006 7047     		bx	lr
  41              	.L3:
  42              		.align	2
  43              	.L2:
  44 0008 08ED00E0 		.word	-536810232
  45              		.cfi_endproc
  46              	.LFE68:
  47              		.size	isr_1_SetVector, .-isr_1_SetVector
  48              		.section	.text.isr_1_GetVector,"ax",%progbits
  49              		.align	2
  50              		.global	isr_1_GetVector
  51              		.thumb
  52              		.thumb_func
  53              		.type	isr_1_GetVector, %function
  54              	isr_1_GetVector:
  55              	.LFB69:
 222:Generated_Source\PSoC5/isr_1.c **** }
 223:Generated_Source\PSoC5/isr_1.c **** 
 224:Generated_Source\PSoC5/isr_1.c **** 
 225:Generated_Source\PSoC5/isr_1.c **** /*******************************************************************************
 226:Generated_Source\PSoC5/isr_1.c **** * Function Name: isr_1_GetVector
 227:Generated_Source\PSoC5/isr_1.c **** ********************************************************************************
 228:Generated_Source\PSoC5/isr_1.c **** *
 229:Generated_Source\PSoC5/isr_1.c **** * Summary:
 230:Generated_Source\PSoC5/isr_1.c **** *   Gets the "address" of the current ISR vector for the Interrupt.
ARM GAS  C:\Users\tmj32\AppData\Local\Temp\ccbtobbc.s 			page 6


 231:Generated_Source\PSoC5/isr_1.c **** *
 232:Generated_Source\PSoC5/isr_1.c **** * Parameters:
 233:Generated_Source\PSoC5/isr_1.c **** *   None
 234:Generated_Source\PSoC5/isr_1.c **** *
 235:Generated_Source\PSoC5/isr_1.c **** * Return:
 236:Generated_Source\PSoC5/isr_1.c **** *   Address of the ISR in the interrupt vector table.
 237:Generated_Source\PSoC5/isr_1.c **** *
 238:Generated_Source\PSoC5/isr_1.c **** *******************************************************************************/
 239:Generated_Source\PSoC5/isr_1.c **** cyisraddress isr_1_GetVector(void)
 240:Generated_Source\PSoC5/isr_1.c **** {
  56              		.loc 1 240 0
  57              		.cfi_startproc
  58              		@ args = 0, pretend = 0, frame = 0
  59              		@ frame_needed = 0, uses_anonymous_args = 0
  60              		@ link register save eliminated.
 241:Generated_Source\PSoC5/isr_1.c ****     cyisraddress * ramVectorTable;
 242:Generated_Source\PSoC5/isr_1.c **** 
 243:Generated_Source\PSoC5/isr_1.c ****     ramVectorTable = (cyisraddress *) *CYINT_VECT_TABLE;
  61              		.loc 1 243 0
  62 0000 014B     		ldr	r3, .L5
  63 0002 1B68     		ldr	r3, [r3]
  64              	.LVL2:
 244:Generated_Source\PSoC5/isr_1.c **** 
 245:Generated_Source\PSoC5/isr_1.c ****     return ramVectorTable[CYINT_IRQ_BASE + (uint32)isr_1__INTC_NUMBER];
 246:Generated_Source\PSoC5/isr_1.c **** }
  65              		.loc 1 246 0
  66 0004 186C     		ldr	r0, [r3, #64]
  67 0006 7047     		bx	lr
  68              	.L6:
  69              		.align	2
  70              	.L5:
  71 0008 08ED00E0 		.word	-536810232
  72              		.cfi_endproc
  73              	.LFE69:
  74              		.size	isr_1_GetVector, .-isr_1_GetVector
  75              		.section	.text.isr_1_SetPriority,"ax",%progbits
  76              		.align	2
  77              		.global	isr_1_SetPriority
  78              		.thumb
  79              		.thumb_func
  80              		.type	isr_1_SetPriority, %function
  81              	isr_1_SetPriority:
  82              	.LFB70:
 247:Generated_Source\PSoC5/isr_1.c **** 
 248:Generated_Source\PSoC5/isr_1.c **** 
 249:Generated_Source\PSoC5/isr_1.c **** /*******************************************************************************
 250:Generated_Source\PSoC5/isr_1.c **** * Function Name: isr_1_SetPriority
 251:Generated_Source\PSoC5/isr_1.c **** ********************************************************************************
 252:Generated_Source\PSoC5/isr_1.c **** *
 253:Generated_Source\PSoC5/isr_1.c **** * Summary:
 254:Generated_Source\PSoC5/isr_1.c **** *   Sets the Priority of the Interrupt. 
 255:Generated_Source\PSoC5/isr_1.c **** *
 256:Generated_Source\PSoC5/isr_1.c **** *   Note calling isr_1_Start or isr_1_StartEx will 
 257:Generated_Source\PSoC5/isr_1.c **** *   override any effect this API would have had. This API should only be called
 258:Generated_Source\PSoC5/isr_1.c **** *   after isr_1_Start or isr_1_StartEx has been called. 
 259:Generated_Source\PSoC5/isr_1.c **** *   To set the initial priority for the component, use the Design-Wide Resources
 260:Generated_Source\PSoC5/isr_1.c **** *   Interrupt Editor.
ARM GAS  C:\Users\tmj32\AppData\Local\Temp\ccbtobbc.s 			page 7


 261:Generated_Source\PSoC5/isr_1.c **** *
 262:Generated_Source\PSoC5/isr_1.c **** *   Note This API has no effect on Non-maskable interrupt NMI).
 263:Generated_Source\PSoC5/isr_1.c **** *
 264:Generated_Source\PSoC5/isr_1.c **** * Parameters:
 265:Generated_Source\PSoC5/isr_1.c **** *   priority: Priority of the interrupt, 0 being the highest priority
 266:Generated_Source\PSoC5/isr_1.c **** *             PSoC 3 and PSoC 5LP: Priority is from 0 to 7.
 267:Generated_Source\PSoC5/isr_1.c **** *             PSoC 4: Priority is from 0 to 3.
 268:Generated_Source\PSoC5/isr_1.c **** *
 269:Generated_Source\PSoC5/isr_1.c **** * Return:
 270:Generated_Source\PSoC5/isr_1.c **** *   None
 271:Generated_Source\PSoC5/isr_1.c **** *
 272:Generated_Source\PSoC5/isr_1.c **** *******************************************************************************/
 273:Generated_Source\PSoC5/isr_1.c **** void isr_1_SetPriority(uint8 priority)
 274:Generated_Source\PSoC5/isr_1.c **** {
  83              		.loc 1 274 0
  84              		.cfi_startproc
  85              		@ args = 0, pretend = 0, frame = 0
  86              		@ frame_needed = 0, uses_anonymous_args = 0
  87              		@ link register save eliminated.
  88              	.LVL3:
 275:Generated_Source\PSoC5/isr_1.c ****     *isr_1_INTC_PRIOR = priority << 5;
  89              		.loc 1 275 0
  90 0000 4001     		lsls	r0, r0, #5
  91              	.LVL4:
  92 0002 C0B2     		uxtb	r0, r0
  93 0004 014B     		ldr	r3, .L8
  94 0006 1870     		strb	r0, [r3]
  95 0008 7047     		bx	lr
  96              	.L9:
  97 000a 00BF     		.align	2
  98              	.L8:
  99 000c 00E400E0 		.word	-536812544
 100              		.cfi_endproc
 101              	.LFE70:
 102              		.size	isr_1_SetPriority, .-isr_1_SetPriority
 103              		.section	.text.isr_1_GetPriority,"ax",%progbits
 104              		.align	2
 105              		.global	isr_1_GetPriority
 106              		.thumb
 107              		.thumb_func
 108              		.type	isr_1_GetPriority, %function
 109              	isr_1_GetPriority:
 110              	.LFB71:
 276:Generated_Source\PSoC5/isr_1.c **** }
 277:Generated_Source\PSoC5/isr_1.c **** 
 278:Generated_Source\PSoC5/isr_1.c **** 
 279:Generated_Source\PSoC5/isr_1.c **** /*******************************************************************************
 280:Generated_Source\PSoC5/isr_1.c **** * Function Name: isr_1_GetPriority
 281:Generated_Source\PSoC5/isr_1.c **** ********************************************************************************
 282:Generated_Source\PSoC5/isr_1.c **** *
 283:Generated_Source\PSoC5/isr_1.c **** * Summary:
 284:Generated_Source\PSoC5/isr_1.c **** *   Gets the Priority of the Interrupt.
 285:Generated_Source\PSoC5/isr_1.c **** *
 286:Generated_Source\PSoC5/isr_1.c **** * Parameters:
 287:Generated_Source\PSoC5/isr_1.c **** *   None
 288:Generated_Source\PSoC5/isr_1.c **** *
 289:Generated_Source\PSoC5/isr_1.c **** * Return:
ARM GAS  C:\Users\tmj32\AppData\Local\Temp\ccbtobbc.s 			page 8


 290:Generated_Source\PSoC5/isr_1.c **** *   Priority of the interrupt, 0 being the highest priority
 291:Generated_Source\PSoC5/isr_1.c **** *    PSoC 3 and PSoC 5LP: Priority is from 0 to 7.
 292:Generated_Source\PSoC5/isr_1.c **** *    PSoC 4: Priority is from 0 to 3.
 293:Generated_Source\PSoC5/isr_1.c **** *
 294:Generated_Source\PSoC5/isr_1.c **** *******************************************************************************/
 295:Generated_Source\PSoC5/isr_1.c **** uint8 isr_1_GetPriority(void)
 296:Generated_Source\PSoC5/isr_1.c **** {
 111              		.loc 1 296 0
 112              		.cfi_startproc
 113              		@ args = 0, pretend = 0, frame = 0
 114              		@ frame_needed = 0, uses_anonymous_args = 0
 115              		@ link register save eliminated.
 297:Generated_Source\PSoC5/isr_1.c ****     uint8 priority;
 298:Generated_Source\PSoC5/isr_1.c **** 
 299:Generated_Source\PSoC5/isr_1.c **** 
 300:Generated_Source\PSoC5/isr_1.c ****     priority = *isr_1_INTC_PRIOR >> 5;
 116              		.loc 1 300 0
 117 0000 014B     		ldr	r3, .L11
 118 0002 1878     		ldrb	r0, [r3]	@ zero_extendqisi2
 119              	.LVL5:
 301:Generated_Source\PSoC5/isr_1.c **** 
 302:Generated_Source\PSoC5/isr_1.c ****     return priority;
 303:Generated_Source\PSoC5/isr_1.c **** }
 120              		.loc 1 303 0
 121 0004 4009     		lsrs	r0, r0, #5
 122              	.LVL6:
 123 0006 7047     		bx	lr
 124              	.L12:
 125              		.align	2
 126              	.L11:
 127 0008 00E400E0 		.word	-536812544
 128              		.cfi_endproc
 129              	.LFE71:
 130              		.size	isr_1_GetPriority, .-isr_1_GetPriority
 131              		.section	.text.isr_1_Enable,"ax",%progbits
 132              		.align	2
 133              		.global	isr_1_Enable
 134              		.thumb
 135              		.thumb_func
 136              		.type	isr_1_Enable, %function
 137              	isr_1_Enable:
 138              	.LFB72:
 304:Generated_Source\PSoC5/isr_1.c **** 
 305:Generated_Source\PSoC5/isr_1.c **** 
 306:Generated_Source\PSoC5/isr_1.c **** /*******************************************************************************
 307:Generated_Source\PSoC5/isr_1.c **** * Function Name: isr_1_Enable
 308:Generated_Source\PSoC5/isr_1.c **** ********************************************************************************
 309:Generated_Source\PSoC5/isr_1.c **** *
 310:Generated_Source\PSoC5/isr_1.c **** * Summary:
 311:Generated_Source\PSoC5/isr_1.c **** *   Enables the interrupt to the interrupt controller. Do not call this function
 312:Generated_Source\PSoC5/isr_1.c **** *   unless ISR_Start() has been called or the functionality of the ISR_Start() 
 313:Generated_Source\PSoC5/isr_1.c **** *   function, which sets the vector and the priority, has been called.
 314:Generated_Source\PSoC5/isr_1.c **** *
 315:Generated_Source\PSoC5/isr_1.c **** * Parameters:
 316:Generated_Source\PSoC5/isr_1.c **** *   None
 317:Generated_Source\PSoC5/isr_1.c **** *
 318:Generated_Source\PSoC5/isr_1.c **** * Return:
ARM GAS  C:\Users\tmj32\AppData\Local\Temp\ccbtobbc.s 			page 9


 319:Generated_Source\PSoC5/isr_1.c **** *   None
 320:Generated_Source\PSoC5/isr_1.c **** *
 321:Generated_Source\PSoC5/isr_1.c **** *******************************************************************************/
 322:Generated_Source\PSoC5/isr_1.c **** void isr_1_Enable(void)
 323:Generated_Source\PSoC5/isr_1.c **** {
 139              		.loc 1 323 0
 140              		.cfi_startproc
 141              		@ args = 0, pretend = 0, frame = 0
 142              		@ frame_needed = 0, uses_anonymous_args = 0
 143              		@ link register save eliminated.
 324:Generated_Source\PSoC5/isr_1.c ****     /* Enable the general interrupt. */
 325:Generated_Source\PSoC5/isr_1.c ****     *isr_1_INTC_SET_EN = isr_1__INTC_MASK;
 144              		.loc 1 325 0
 145 0000 0122     		movs	r2, #1
 146 0002 014B     		ldr	r3, .L14
 147 0004 1A60     		str	r2, [r3]
 148 0006 7047     		bx	lr
 149              	.L15:
 150              		.align	2
 151              	.L14:
 152 0008 00E100E0 		.word	-536813312
 153              		.cfi_endproc
 154              	.LFE72:
 155              		.size	isr_1_Enable, .-isr_1_Enable
 156              		.section	.text.isr_1_GetState,"ax",%progbits
 157              		.align	2
 158              		.global	isr_1_GetState
 159              		.thumb
 160              		.thumb_func
 161              		.type	isr_1_GetState, %function
 162              	isr_1_GetState:
 163              	.LFB73:
 326:Generated_Source\PSoC5/isr_1.c **** }
 327:Generated_Source\PSoC5/isr_1.c **** 
 328:Generated_Source\PSoC5/isr_1.c **** 
 329:Generated_Source\PSoC5/isr_1.c **** /*******************************************************************************
 330:Generated_Source\PSoC5/isr_1.c **** * Function Name: isr_1_GetState
 331:Generated_Source\PSoC5/isr_1.c **** ********************************************************************************
 332:Generated_Source\PSoC5/isr_1.c **** *
 333:Generated_Source\PSoC5/isr_1.c **** * Summary:
 334:Generated_Source\PSoC5/isr_1.c **** *   Gets the state (enabled, disabled) of the Interrupt.
 335:Generated_Source\PSoC5/isr_1.c **** *
 336:Generated_Source\PSoC5/isr_1.c **** * Parameters:
 337:Generated_Source\PSoC5/isr_1.c **** *   None
 338:Generated_Source\PSoC5/isr_1.c **** *
 339:Generated_Source\PSoC5/isr_1.c **** * Return:
 340:Generated_Source\PSoC5/isr_1.c **** *   1 if enabled, 0 if disabled.
 341:Generated_Source\PSoC5/isr_1.c **** *
 342:Generated_Source\PSoC5/isr_1.c **** *******************************************************************************/
 343:Generated_Source\PSoC5/isr_1.c **** uint8 isr_1_GetState(void)
 344:Generated_Source\PSoC5/isr_1.c **** {
 164              		.loc 1 344 0
 165              		.cfi_startproc
 166              		@ args = 0, pretend = 0, frame = 0
 167              		@ frame_needed = 0, uses_anonymous_args = 0
 168              		@ link register save eliminated.
 345:Generated_Source\PSoC5/isr_1.c ****     /* Get the state of the general interrupt. */
ARM GAS  C:\Users\tmj32\AppData\Local\Temp\ccbtobbc.s 			page 10


 346:Generated_Source\PSoC5/isr_1.c ****     return ((*isr_1_INTC_SET_EN & (uint32)isr_1__INTC_MASK) != 0u) ? 1u:0u;
 169              		.loc 1 346 0
 170 0000 024B     		ldr	r3, .L17
 171 0002 1868     		ldr	r0, [r3]
 347:Generated_Source\PSoC5/isr_1.c **** }
 172              		.loc 1 347 0
 173 0004 00F00100 		and	r0, r0, #1
 174 0008 7047     		bx	lr
 175              	.L18:
 176 000a 00BF     		.align	2
 177              	.L17:
 178 000c 00E100E0 		.word	-536813312
 179              		.cfi_endproc
 180              	.LFE73:
 181              		.size	isr_1_GetState, .-isr_1_GetState
 182              		.section	.text.isr_1_Disable,"ax",%progbits
 183              		.align	2
 184              		.global	isr_1_Disable
 185              		.thumb
 186              		.thumb_func
 187              		.type	isr_1_Disable, %function
 188              	isr_1_Disable:
 189              	.LFB74:
 348:Generated_Source\PSoC5/isr_1.c **** 
 349:Generated_Source\PSoC5/isr_1.c **** 
 350:Generated_Source\PSoC5/isr_1.c **** /*******************************************************************************
 351:Generated_Source\PSoC5/isr_1.c **** * Function Name: isr_1_Disable
 352:Generated_Source\PSoC5/isr_1.c **** ********************************************************************************
 353:Generated_Source\PSoC5/isr_1.c **** *
 354:Generated_Source\PSoC5/isr_1.c **** * Summary:
 355:Generated_Source\PSoC5/isr_1.c **** *   Disables the Interrupt in the interrupt controller.
 356:Generated_Source\PSoC5/isr_1.c **** *
 357:Generated_Source\PSoC5/isr_1.c **** * Parameters:
 358:Generated_Source\PSoC5/isr_1.c **** *   None
 359:Generated_Source\PSoC5/isr_1.c **** *
 360:Generated_Source\PSoC5/isr_1.c **** * Return:
 361:Generated_Source\PSoC5/isr_1.c **** *   None
 362:Generated_Source\PSoC5/isr_1.c **** *
 363:Generated_Source\PSoC5/isr_1.c **** *******************************************************************************/
 364:Generated_Source\PSoC5/isr_1.c **** void isr_1_Disable(void)
 365:Generated_Source\PSoC5/isr_1.c **** {
 190              		.loc 1 365 0
 191              		.cfi_startproc
 192              		@ args = 0, pretend = 0, frame = 0
 193              		@ frame_needed = 0, uses_anonymous_args = 0
 194              		@ link register save eliminated.
 366:Generated_Source\PSoC5/isr_1.c ****     /* Disable the general interrupt. */
 367:Generated_Source\PSoC5/isr_1.c ****     *isr_1_INTC_CLR_EN = isr_1__INTC_MASK;
 195              		.loc 1 367 0
 196 0000 0122     		movs	r2, #1
 197 0002 014B     		ldr	r3, .L20
 198 0004 1A60     		str	r2, [r3]
 199 0006 7047     		bx	lr
 200              	.L21:
 201              		.align	2
 202              	.L20:
 203 0008 80E100E0 		.word	-536813184
ARM GAS  C:\Users\tmj32\AppData\Local\Temp\ccbtobbc.s 			page 11


 204              		.cfi_endproc
 205              	.LFE74:
 206              		.size	isr_1_Disable, .-isr_1_Disable
 207              		.section	.text.isr_1_Start,"ax",%progbits
 208              		.align	2
 209              		.global	isr_1_Start
 210              		.thumb
 211              		.thumb_func
 212              		.type	isr_1_Start, %function
 213              	isr_1_Start:
 214              	.LFB64:
  63:Generated_Source\PSoC5/isr_1.c ****     /* For all we know the interrupt is active. */
 215              		.loc 1 63 0
 216              		.cfi_startproc
 217              		@ args = 0, pretend = 0, frame = 0
 218              		@ frame_needed = 0, uses_anonymous_args = 0
 219 0000 08B5     		push	{r3, lr}
 220              		.cfi_def_cfa_offset 8
 221              		.cfi_offset 3, -8
 222              		.cfi_offset 14, -4
  65:Generated_Source\PSoC5/isr_1.c **** 
 223              		.loc 1 65 0
 224 0002 FFF7FEFF 		bl	isr_1_Disable
 225              	.LVL7:
  68:Generated_Source\PSoC5/isr_1.c **** 
 226              		.loc 1 68 0
 227 0006 0448     		ldr	r0, .L24
 228 0008 FFF7FEFF 		bl	isr_1_SetVector
 229              	.LVL8:
  71:Generated_Source\PSoC5/isr_1.c **** 
 230              		.loc 1 71 0
 231 000c 0720     		movs	r0, #7
 232 000e FFF7FEFF 		bl	isr_1_SetPriority
 233              	.LVL9:
  74:Generated_Source\PSoC5/isr_1.c **** }
 234              		.loc 1 74 0
 235 0012 FFF7FEFF 		bl	isr_1_Enable
 236              	.LVL10:
 237 0016 08BD     		pop	{r3, pc}
 238              	.L25:
 239              		.align	2
 240              	.L24:
 241 0018 00000000 		.word	isr_1_Interrupt
 242              		.cfi_endproc
 243              	.LFE64:
 244              		.size	isr_1_Start, .-isr_1_Start
 245              		.section	.text.isr_1_StartEx,"ax",%progbits
 246              		.align	2
 247              		.global	isr_1_StartEx
 248              		.thumb
 249              		.thumb_func
 250              		.type	isr_1_StartEx, %function
 251              	isr_1_StartEx:
 252              	.LFB65:
 106:Generated_Source\PSoC5/isr_1.c ****     /* For all we know the interrupt is active. */
 253              		.loc 1 106 0
 254              		.cfi_startproc
ARM GAS  C:\Users\tmj32\AppData\Local\Temp\ccbtobbc.s 			page 12


 255              		@ args = 0, pretend = 0, frame = 0
 256              		@ frame_needed = 0, uses_anonymous_args = 0
 257              	.LVL11:
 258 0000 10B5     		push	{r4, lr}
 259              		.cfi_def_cfa_offset 8
 260              		.cfi_offset 4, -8
 261              		.cfi_offset 14, -4
 262 0002 0446     		mov	r4, r0
 108:Generated_Source\PSoC5/isr_1.c **** 
 263              		.loc 1 108 0
 264 0004 FFF7FEFF 		bl	isr_1_Disable
 265              	.LVL12:
 111:Generated_Source\PSoC5/isr_1.c **** 
 266              		.loc 1 111 0
 267 0008 2046     		mov	r0, r4
 268 000a FFF7FEFF 		bl	isr_1_SetVector
 269              	.LVL13:
 114:Generated_Source\PSoC5/isr_1.c **** 
 270              		.loc 1 114 0
 271 000e 0720     		movs	r0, #7
 272 0010 FFF7FEFF 		bl	isr_1_SetPriority
 273              	.LVL14:
 117:Generated_Source\PSoC5/isr_1.c **** }
 274              		.loc 1 117 0
 275 0014 FFF7FEFF 		bl	isr_1_Enable
 276              	.LVL15:
 277 0018 10BD     		pop	{r4, pc}
 278              		.cfi_endproc
 279              	.LFE65:
 280              		.size	isr_1_StartEx, .-isr_1_StartEx
 281 001a 00BF     		.section	.text.isr_1_Stop,"ax",%progbits
 282              		.align	2
 283              		.global	isr_1_Stop
 284              		.thumb
 285              		.thumb_func
 286              		.type	isr_1_Stop, %function
 287              	isr_1_Stop:
 288              	.LFB66:
 136:Generated_Source\PSoC5/isr_1.c ****     /* Disable this interrupt. */
 289              		.loc 1 136 0
 290              		.cfi_startproc
 291              		@ args = 0, pretend = 0, frame = 0
 292              		@ frame_needed = 0, uses_anonymous_args = 0
 293 0000 08B5     		push	{r3, lr}
 294              		.cfi_def_cfa_offset 8
 295              		.cfi_offset 3, -8
 296              		.cfi_offset 14, -4
 138:Generated_Source\PSoC5/isr_1.c **** 
 297              		.loc 1 138 0
 298 0002 FFF7FEFF 		bl	isr_1_Disable
 299              	.LVL16:
 141:Generated_Source\PSoC5/isr_1.c **** }
 300              		.loc 1 141 0
 301 0006 0248     		ldr	r0, .L30
 302 0008 FFF7FEFF 		bl	isr_1_SetVector
 303              	.LVL17:
 304 000c 08BD     		pop	{r3, pc}
ARM GAS  C:\Users\tmj32\AppData\Local\Temp\ccbtobbc.s 			page 13


 305              	.L31:
 306 000e 00BF     		.align	2
 307              	.L30:
 308 0010 00000000 		.word	IntDefaultHandler
 309              		.cfi_endproc
 310              	.LFE66:
 311              		.size	isr_1_Stop, .-isr_1_Stop
 312              		.section	.text.isr_1_Interrupt,"ax",%progbits
 313              		.align	2
 314              		.global	isr_1_Interrupt
 315              		.thumb
 316              		.thumb_func
 317              		.type	isr_1_Interrupt, %function
 318              	isr_1_Interrupt:
 319              	.LFB67:
 162:Generated_Source\PSoC5/isr_1.c ****     #ifdef isr_1_INTERRUPT_INTERRUPT_CALLBACK
 320              		.loc 1 162 0
 321              		.cfi_startproc
 322              		@ args = 0, pretend = 0, frame = 16
 323              		@ frame_needed = 0, uses_anonymous_args = 0
 324 0000 10B5     		push	{r4, lr}
 325              		.cfi_def_cfa_offset 8
 326              		.cfi_offset 4, -8
 327              		.cfi_offset 14, -4
 328 0002 84B0     		sub	sp, sp, #16
 329              		.cfi_def_cfa_offset 24
 330              	.LVL18:
 169:Generated_Source\PSoC5/isr_1.c ****     char str1[15];
 331              		.loc 1 169 0
 332 0004 0024     		movs	r4, #0
 172:Generated_Source\PSoC5/isr_1.c ****     {
 333              		.loc 1 172 0
 334 0006 15E0     		b	.L33
 335              	.LVL19:
 336              	.L34:
 174:Generated_Source\PSoC5/isr_1.c ****         x = x + 1;
 337              		.loc 1 174 0
 338 0008 E0B2     		uxtb	r0, r4
 339 000a FFF7FEFF 		bl	PWM_1_WriteCompare
 340              	.LVL20:
 175:Generated_Source\PSoC5/isr_1.c ****          
 341              		.loc 1 175 0
 342 000e 0134     		adds	r4, r4, #1
 343              	.LVL21:
 177:Generated_Source\PSoC5/isr_1.c ****         LCD_Position(0,0);
 344              		.loc 1 177 0
 345 0010 0120     		movs	r0, #1
 346 0012 FFF7FEFF 		bl	LCD_WriteControl
 347              	.LVL22:
 178:Generated_Source\PSoC5/isr_1.c ****         sprintf(str1, "%d",x );
 348              		.loc 1 178 0
 349 0016 0021     		movs	r1, #0
 350 0018 0846     		mov	r0, r1
 351 001a FFF7FEFF 		bl	LCD_Position
 352              	.LVL23:
 179:Generated_Source\PSoC5/isr_1.c ****         LCD_PrintString(str1);
 353              		.loc 1 179 0
ARM GAS  C:\Users\tmj32\AppData\Local\Temp\ccbtobbc.s 			page 14


 354 001e 2246     		mov	r2, r4
 355 0020 0749     		ldr	r1, .L36
 356 0022 6846     		mov	r0, sp
 357 0024 FFF7FEFF 		bl	sprintf
 358              	.LVL24:
 180:Generated_Source\PSoC5/isr_1.c ****         CyDelay(10);
 359              		.loc 1 180 0
 360 0028 6846     		mov	r0, sp
 361 002a FFF7FEFF 		bl	LCD_PrintString
 362              	.LVL25:
 181:Generated_Source\PSoC5/isr_1.c ****     }
 363              		.loc 1 181 0
 364 002e 0A20     		movs	r0, #10
 365 0030 FFF7FEFF 		bl	CyDelay
 366              	.LVL26:
 367              	.L33:
 172:Generated_Source\PSoC5/isr_1.c ****     {
 368              		.loc 1 172 0
 369 0034 182C     		cmp	r4, #24
 370 0036 E7DD     		ble	.L34
 183:Generated_Source\PSoC5/isr_1.c ****     /* `#END` */
 371              		.loc 1 183 0
 372 0038 FFF7FEFF 		bl	isr_1_Stop
 373              	.LVL27:
 185:Generated_Source\PSoC5/isr_1.c **** 
 374              		.loc 1 185 0
 375 003c 04B0     		add	sp, sp, #16
 376              		.cfi_def_cfa_offset 8
 377              		@ sp needed
 378 003e 10BD     		pop	{r4, pc}
 379              	.LVL28:
 380              	.L37:
 381              		.align	2
 382              	.L36:
 383 0040 00000000 		.word	.LC0
 384              		.cfi_endproc
 385              	.LFE67:
 386              		.size	isr_1_Interrupt, .-isr_1_Interrupt
 387              		.section	.text.isr_1_SetPending,"ax",%progbits
 388              		.align	2
 389              		.global	isr_1_SetPending
 390              		.thumb
 391              		.thumb_func
 392              		.type	isr_1_SetPending, %function
 393              	isr_1_SetPending:
 394              	.LFB75:
 368:Generated_Source\PSoC5/isr_1.c **** }
 369:Generated_Source\PSoC5/isr_1.c **** 
 370:Generated_Source\PSoC5/isr_1.c **** 
 371:Generated_Source\PSoC5/isr_1.c **** /*******************************************************************************
 372:Generated_Source\PSoC5/isr_1.c **** * Function Name: isr_1_SetPending
 373:Generated_Source\PSoC5/isr_1.c **** ********************************************************************************
 374:Generated_Source\PSoC5/isr_1.c **** *
 375:Generated_Source\PSoC5/isr_1.c **** * Summary:
 376:Generated_Source\PSoC5/isr_1.c **** *   Causes the Interrupt to enter the pending state, a software method of
 377:Generated_Source\PSoC5/isr_1.c **** *   generating the interrupt.
 378:Generated_Source\PSoC5/isr_1.c **** *
ARM GAS  C:\Users\tmj32\AppData\Local\Temp\ccbtobbc.s 			page 15


 379:Generated_Source\PSoC5/isr_1.c **** * Parameters:
 380:Generated_Source\PSoC5/isr_1.c **** *   None
 381:Generated_Source\PSoC5/isr_1.c **** *
 382:Generated_Source\PSoC5/isr_1.c **** * Return:
 383:Generated_Source\PSoC5/isr_1.c **** *   None
 384:Generated_Source\PSoC5/isr_1.c **** *
 385:Generated_Source\PSoC5/isr_1.c **** * Side Effects:
 386:Generated_Source\PSoC5/isr_1.c **** *   If interrupts are enabled and the interrupt is set up properly, the ISR is
 387:Generated_Source\PSoC5/isr_1.c **** *   entered (depending on the priority of this interrupt and other pending 
 388:Generated_Source\PSoC5/isr_1.c **** *   interrupts).
 389:Generated_Source\PSoC5/isr_1.c **** *
 390:Generated_Source\PSoC5/isr_1.c **** *******************************************************************************/
 391:Generated_Source\PSoC5/isr_1.c **** void isr_1_SetPending(void)
 392:Generated_Source\PSoC5/isr_1.c **** {
 395              		.loc 1 392 0
 396              		.cfi_startproc
 397              		@ args = 0, pretend = 0, frame = 0
 398              		@ frame_needed = 0, uses_anonymous_args = 0
 399              		@ link register save eliminated.
 393:Generated_Source\PSoC5/isr_1.c ****     *isr_1_INTC_SET_PD = isr_1__INTC_MASK;
 400              		.loc 1 393 0
 401 0000 0122     		movs	r2, #1
 402 0002 014B     		ldr	r3, .L39
 403 0004 1A60     		str	r2, [r3]
 404 0006 7047     		bx	lr
 405              	.L40:
 406              		.align	2
 407              	.L39:
 408 0008 00E200E0 		.word	-536813056
 409              		.cfi_endproc
 410              	.LFE75:
 411              		.size	isr_1_SetPending, .-isr_1_SetPending
 412              		.section	.text.isr_1_ClearPending,"ax",%progbits
 413              		.align	2
 414              		.global	isr_1_ClearPending
 415              		.thumb
 416              		.thumb_func
 417              		.type	isr_1_ClearPending, %function
 418              	isr_1_ClearPending:
 419              	.LFB76:
 394:Generated_Source\PSoC5/isr_1.c **** }
 395:Generated_Source\PSoC5/isr_1.c **** 
 396:Generated_Source\PSoC5/isr_1.c **** 
 397:Generated_Source\PSoC5/isr_1.c **** /*******************************************************************************
 398:Generated_Source\PSoC5/isr_1.c **** * Function Name: isr_1_ClearPending
 399:Generated_Source\PSoC5/isr_1.c **** ********************************************************************************
 400:Generated_Source\PSoC5/isr_1.c **** *
 401:Generated_Source\PSoC5/isr_1.c **** * Summary:
 402:Generated_Source\PSoC5/isr_1.c **** *   Clears a pending interrupt in the interrupt controller.
 403:Generated_Source\PSoC5/isr_1.c **** *
 404:Generated_Source\PSoC5/isr_1.c **** *   Note Some interrupt sources are clear-on-read and require the block 
 405:Generated_Source\PSoC5/isr_1.c **** *   interrupt/status register to be read/cleared with the appropriate block API 
 406:Generated_Source\PSoC5/isr_1.c **** *   (GPIO, UART, and so on). Otherwise the ISR will continue to remain in 
 407:Generated_Source\PSoC5/isr_1.c **** *   pending state even though the interrupt itself is cleared using this API.
 408:Generated_Source\PSoC5/isr_1.c **** *
 409:Generated_Source\PSoC5/isr_1.c **** * Parameters:
 410:Generated_Source\PSoC5/isr_1.c **** *   None
ARM GAS  C:\Users\tmj32\AppData\Local\Temp\ccbtobbc.s 			page 16


 411:Generated_Source\PSoC5/isr_1.c **** *
 412:Generated_Source\PSoC5/isr_1.c **** * Return:
 413:Generated_Source\PSoC5/isr_1.c **** *   None
 414:Generated_Source\PSoC5/isr_1.c **** *
 415:Generated_Source\PSoC5/isr_1.c **** *******************************************************************************/
 416:Generated_Source\PSoC5/isr_1.c **** void isr_1_ClearPending(void)
 417:Generated_Source\PSoC5/isr_1.c **** {
 420              		.loc 1 417 0
 421              		.cfi_startproc
 422              		@ args = 0, pretend = 0, frame = 0
 423              		@ frame_needed = 0, uses_anonymous_args = 0
 424              		@ link register save eliminated.
 418:Generated_Source\PSoC5/isr_1.c ****     *isr_1_INTC_CLR_PD = isr_1__INTC_MASK;
 425              		.loc 1 418 0
 426 0000 0122     		movs	r2, #1
 427 0002 014B     		ldr	r3, .L42
 428 0004 1A60     		str	r2, [r3]
 429 0006 7047     		bx	lr
 430              	.L43:
 431              		.align	2
 432              	.L42:
 433 0008 80E200E0 		.word	-536812928
 434              		.cfi_endproc
 435              	.LFE76:
 436              		.size	isr_1_ClearPending, .-isr_1_ClearPending
 437              		.section	.rodata.str1.4,"aMS",%progbits,1
 438              		.align	2
 439              	.LC0:
 440 0000 256400   		.ascii	"%d\000"
 441              		.text
 442              	.Letext0:
 443              		.file 2 "c:\\program files (x86)\\cypress\\psoc creator\\4.2\\psoc creator\\import\\gnu\\arm\\5.4.
 444              		.file 3 "c:\\program files (x86)\\cypress\\psoc creator\\4.2\\psoc creator\\import\\gnu\\arm\\5.4.
 445              		.file 4 "Generated_Source\\PSoC5/cytypes.h"
 446              		.file 5 "Generated_Source\\PSoC5\\PWM_1.h"
 447              		.file 6 "Generated_Source\\PSoC5\\LCD.h"
 448              		.file 7 "c:\\program files (x86)\\cypress\\psoc creator\\4.2\\psoc creator\\import\\gnu\\arm\\5.4.
 449              		.file 8 "Generated_Source\\PSoC5/CyLib.h"
 450              		.file 9 "Generated_Source\\PSoC5/core_cm3.h"
 451              		.section	.debug_info,"",%progbits
 452              	.Ldebug_info0:
 453 0000 F9030000 		.4byte	0x3f9
 454 0004 0400     		.2byte	0x4
 455 0006 00000000 		.4byte	.Ldebug_abbrev0
 456 000a 04       		.byte	0x4
 457 000b 01       		.uleb128 0x1
 458 000c 89000000 		.4byte	.LASF43
 459 0010 0C       		.byte	0xc
 460 0011 85010000 		.4byte	.LASF44
 461 0015 FE010000 		.4byte	.LASF45
 462 0019 00000000 		.4byte	.Ldebug_ranges0+0
 463 001d 00000000 		.4byte	0
 464 0021 00000000 		.4byte	.Ldebug_line0
 465 0025 02       		.uleb128 0x2
 466 0026 04       		.byte	0x4
 467 0027 05       		.byte	0x5
 468 0028 696E7400 		.ascii	"int\000"
ARM GAS  C:\Users\tmj32\AppData\Local\Temp\ccbtobbc.s 			page 17


 469 002c 03       		.uleb128 0x3
 470 002d 04       		.byte	0x4
 471 002e 07       		.byte	0x7
 472 002f AB010000 		.4byte	.LASF0
 473 0033 03       		.uleb128 0x3
 474 0034 08       		.byte	0x8
 475 0035 05       		.byte	0x5
 476 0036 72020000 		.4byte	.LASF1
 477 003a 03       		.uleb128 0x3
 478 003b 08       		.byte	0x8
 479 003c 04       		.byte	0x4
 480 003d E1020000 		.4byte	.LASF2
 481 0041 03       		.uleb128 0x3
 482 0042 01       		.byte	0x1
 483 0043 06       		.byte	0x6
 484 0044 ED020000 		.4byte	.LASF3
 485 0048 03       		.uleb128 0x3
 486 0049 01       		.byte	0x1
 487 004a 08       		.byte	0x8
 488 004b 7B000000 		.4byte	.LASF4
 489 004f 03       		.uleb128 0x3
 490 0050 02       		.byte	0x2
 491 0051 05       		.byte	0x5
 492 0052 AE020000 		.4byte	.LASF5
 493 0056 03       		.uleb128 0x3
 494 0057 02       		.byte	0x2
 495 0058 07       		.byte	0x7
 496 0059 2E010000 		.4byte	.LASF6
 497 005d 04       		.uleb128 0x4
 498 005e 47000000 		.4byte	.LASF12
 499 0062 02       		.byte	0x2
 500 0063 3F       		.byte	0x3f
 501 0064 68000000 		.4byte	0x68
 502 0068 03       		.uleb128 0x3
 503 0069 04       		.byte	0x4
 504 006a 05       		.byte	0x5
 505 006b D8020000 		.4byte	.LASF7
 506 006f 03       		.uleb128 0x3
 507 0070 04       		.byte	0x4
 508 0071 07       		.byte	0x7
 509 0072 1C010000 		.4byte	.LASF8
 510 0076 03       		.uleb128 0x3
 511 0077 08       		.byte	0x8
 512 0078 07       		.byte	0x7
 513 0079 C0010000 		.4byte	.LASF9
 514 007d 03       		.uleb128 0x3
 515 007e 04       		.byte	0x4
 516 007f 07       		.byte	0x7
 517 0080 80020000 		.4byte	.LASF10
 518 0084 03       		.uleb128 0x3
 519 0085 01       		.byte	0x1
 520 0086 08       		.byte	0x8
 521 0087 89020000 		.4byte	.LASF11
 522 008b 05       		.uleb128 0x5
 523 008c 04       		.byte	0x4
 524 008d 91000000 		.4byte	0x91
 525 0091 06       		.uleb128 0x6
ARM GAS  C:\Users\tmj32\AppData\Local\Temp\ccbtobbc.s 			page 18


 526 0092 04       		.uleb128 0x4
 527 0093 4E020000 		.4byte	.LASF13
 528 0097 03       		.byte	0x3
 529 0098 2C       		.byte	0x2c
 530 0099 5D000000 		.4byte	0x5d
 531 009d 07       		.uleb128 0x7
 532 009e 75000000 		.4byte	.LASF14
 533 00a2 04       		.byte	0x4
 534 00a3 E401     		.2byte	0x1e4
 535 00a5 48000000 		.4byte	0x48
 536 00a9 07       		.uleb128 0x7
 537 00aa A4010000 		.4byte	.LASF15
 538 00ae 04       		.byte	0x4
 539 00af E601     		.2byte	0x1e6
 540 00b1 6F000000 		.4byte	0x6f
 541 00b5 03       		.uleb128 0x3
 542 00b6 04       		.byte	0x4
 543 00b7 04       		.byte	0x4
 544 00b8 6F000000 		.4byte	.LASF16
 545 00bc 03       		.uleb128 0x3
 546 00bd 08       		.byte	0x8
 547 00be 04       		.byte	0x4
 548 00bf F9020000 		.4byte	.LASF17
 549 00c3 07       		.uleb128 0x7
 550 00c4 17010000 		.4byte	.LASF18
 551 00c8 04       		.byte	0x4
 552 00c9 8E02     		.2byte	0x28e
 553 00cb CF000000 		.4byte	0xcf
 554 00cf 08       		.uleb128 0x8
 555 00d0 9D000000 		.4byte	0x9d
 556 00d4 07       		.uleb128 0x7
 557 00d5 13000000 		.4byte	.LASF19
 558 00d9 04       		.byte	0x4
 559 00da 9002     		.2byte	0x290
 560 00dc E0000000 		.4byte	0xe0
 561 00e0 08       		.uleb128 0x8
 562 00e1 A9000000 		.4byte	0xa9
 563 00e5 07       		.uleb128 0x7
 564 00e6 E4010000 		.4byte	.LASF20
 565 00ea 04       		.byte	0x4
 566 00eb A002     		.2byte	0x2a0
 567 00ed 8B000000 		.4byte	0x8b
 568 00f1 09       		.uleb128 0x9
 569 00f2 4E010000 		.4byte	.LASF22
 570 00f6 01       		.byte	0x1
 571 00f7 D7       		.byte	0xd7
 572 00f8 00000000 		.4byte	.LFB68
 573 00fc 0C000000 		.4byte	.LFE68-.LFB68
 574 0100 01       		.uleb128 0x1
 575 0101 9C       		.byte	0x9c
 576 0102 21010000 		.4byte	0x121
 577 0106 0A       		.uleb128 0xa
 578 0107 B8010000 		.4byte	.LASF24
 579 010b 01       		.byte	0x1
 580 010c D7       		.byte	0xd7
 581 010d E5000000 		.4byte	0xe5
 582 0111 01       		.uleb128 0x1
ARM GAS  C:\Users\tmj32\AppData\Local\Temp\ccbtobbc.s 			page 19


 583 0112 50       		.byte	0x50
 584 0113 0B       		.uleb128 0xb
 585 0114 8E020000 		.4byte	.LASF21
 586 0118 01       		.byte	0x1
 587 0119 D9       		.byte	0xd9
 588 011a 21010000 		.4byte	0x121
 589 011e 01       		.uleb128 0x1
 590 011f 53       		.byte	0x53
 591 0120 00       		.byte	0
 592 0121 05       		.uleb128 0x5
 593 0122 04       		.byte	0x4
 594 0123 E5000000 		.4byte	0xe5
 595 0127 0C       		.uleb128 0xc
 596 0128 B8020000 		.4byte	.LASF26
 597 012c 01       		.byte	0x1
 598 012d EF       		.byte	0xef
 599 012e E5000000 		.4byte	0xe5
 600 0132 00000000 		.4byte	.LFB69
 601 0136 0C000000 		.4byte	.LFE69-.LFB69
 602 013a 01       		.uleb128 0x1
 603 013b 9C       		.byte	0x9c
 604 013c 4E010000 		.4byte	0x14e
 605 0140 0B       		.uleb128 0xb
 606 0141 8E020000 		.4byte	.LASF21
 607 0145 01       		.byte	0x1
 608 0146 F1       		.byte	0xf1
 609 0147 21010000 		.4byte	0x121
 610 014b 01       		.uleb128 0x1
 611 014c 53       		.byte	0x53
 612 014d 00       		.byte	0
 613 014e 0D       		.uleb128 0xd
 614 014f 5E010000 		.4byte	.LASF23
 615 0153 01       		.byte	0x1
 616 0154 1101     		.2byte	0x111
 617 0156 00000000 		.4byte	.LFB70
 618 015a 10000000 		.4byte	.LFE70-.LFB70
 619 015e 01       		.uleb128 0x1
 620 015f 9C       		.byte	0x9c
 621 0160 75010000 		.4byte	0x175
 622 0164 0E       		.uleb128 0xe
 623 0165 56020000 		.4byte	.LASF25
 624 0169 01       		.byte	0x1
 625 016a 1101     		.2byte	0x111
 626 016c 9D000000 		.4byte	0x9d
 627 0170 00000000 		.4byte	.LLST0
 628 0174 00       		.byte	0
 629 0175 0F       		.uleb128 0xf
 630 0176 5D000000 		.4byte	.LASF27
 631 017a 01       		.byte	0x1
 632 017b 2701     		.2byte	0x127
 633 017d 9D000000 		.4byte	0x9d
 634 0181 00000000 		.4byte	.LFB71
 635 0185 0C000000 		.4byte	.LFE71-.LFB71
 636 0189 01       		.uleb128 0x1
 637 018a 9C       		.byte	0x9c
 638 018b A0010000 		.4byte	0x1a0
 639 018f 10       		.uleb128 0x10
ARM GAS  C:\Users\tmj32\AppData\Local\Temp\ccbtobbc.s 			page 20


 640 0190 56020000 		.4byte	.LASF25
 641 0194 01       		.byte	0x1
 642 0195 2901     		.2byte	0x129
 643 0197 9D000000 		.4byte	0x9d
 644 019b 21000000 		.4byte	.LLST1
 645 019f 00       		.byte	0
 646 01a0 11       		.uleb128 0x11
 647 01a1 41010000 		.4byte	.LASF28
 648 01a5 01       		.byte	0x1
 649 01a6 4201     		.2byte	0x142
 650 01a8 00000000 		.4byte	.LFB72
 651 01ac 0C000000 		.4byte	.LFE72-.LFB72
 652 01b0 01       		.uleb128 0x1
 653 01b1 9C       		.byte	0x9c
 654 01b2 12       		.uleb128 0x12
 655 01b3 2A000000 		.4byte	.LASF46
 656 01b7 01       		.byte	0x1
 657 01b8 5701     		.2byte	0x157
 658 01ba 9D000000 		.4byte	0x9d
 659 01be 00000000 		.4byte	.LFB73
 660 01c2 10000000 		.4byte	.LFE73-.LFB73
 661 01c6 01       		.uleb128 0x1
 662 01c7 9C       		.byte	0x9c
 663 01c8 11       		.uleb128 0x11
 664 01c9 39000000 		.4byte	.LASF29
 665 01cd 01       		.byte	0x1
 666 01ce 6C01     		.2byte	0x16c
 667 01d0 00000000 		.4byte	.LFB74
 668 01d4 0C000000 		.4byte	.LFE74-.LFB74
 669 01d8 01       		.uleb128 0x1
 670 01d9 9C       		.byte	0x9c
 671 01da 09       		.uleb128 0x9
 672 01db 51000000 		.4byte	.LASF30
 673 01df 01       		.byte	0x1
 674 01e0 3E       		.byte	0x3e
 675 01e1 00000000 		.4byte	.LFB64
 676 01e5 1C000000 		.4byte	.LFE64-.LFB64
 677 01e9 01       		.uleb128 0x1
 678 01ea 9C       		.byte	0x9c
 679 01eb 2C020000 		.4byte	0x22c
 680 01ef 13       		.uleb128 0x13
 681 01f0 06000000 		.4byte	.LVL7
 682 01f4 C8010000 		.4byte	0x1c8
 683 01f8 14       		.uleb128 0x14
 684 01f9 0C000000 		.4byte	.LVL8
 685 01fd F1000000 		.4byte	0xf1
 686 0201 0F020000 		.4byte	0x20f
 687 0205 15       		.uleb128 0x15
 688 0206 01       		.uleb128 0x1
 689 0207 50       		.byte	0x50
 690 0208 05       		.uleb128 0x5
 691 0209 03       		.byte	0x3
 692 020a 00000000 		.4byte	isr_1_Interrupt
 693 020e 00       		.byte	0
 694 020f 14       		.uleb128 0x14
 695 0210 12000000 		.4byte	.LVL9
 696 0214 4E010000 		.4byte	0x14e
ARM GAS  C:\Users\tmj32\AppData\Local\Temp\ccbtobbc.s 			page 21


 697 0218 22020000 		.4byte	0x222
 698 021c 15       		.uleb128 0x15
 699 021d 01       		.uleb128 0x1
 700 021e 50       		.byte	0x50
 701 021f 01       		.uleb128 0x1
 702 0220 37       		.byte	0x37
 703 0221 00       		.byte	0
 704 0222 13       		.uleb128 0x13
 705 0223 16000000 		.4byte	.LVL10
 706 0227 A0010000 		.4byte	0x1a0
 707 022b 00       		.byte	0
 708 022c 09       		.uleb128 0x9
 709 022d 00030000 		.4byte	.LASF31
 710 0231 01       		.byte	0x1
 711 0232 69       		.byte	0x69
 712 0233 00000000 		.4byte	.LFB65
 713 0237 1A000000 		.4byte	.LFE65-.LFB65
 714 023b 01       		.uleb128 0x1
 715 023c 9C       		.byte	0x9c
 716 023d 8A020000 		.4byte	0x28a
 717 0241 16       		.uleb128 0x16
 718 0242 B8010000 		.4byte	.LASF24
 719 0246 01       		.byte	0x1
 720 0247 69       		.byte	0x69
 721 0248 E5000000 		.4byte	0xe5
 722 024c 38000000 		.4byte	.LLST2
 723 0250 13       		.uleb128 0x13
 724 0251 08000000 		.4byte	.LVL12
 725 0255 C8010000 		.4byte	0x1c8
 726 0259 14       		.uleb128 0x14
 727 025a 0E000000 		.4byte	.LVL13
 728 025e F1000000 		.4byte	0xf1
 729 0262 6D020000 		.4byte	0x26d
 730 0266 15       		.uleb128 0x15
 731 0267 01       		.uleb128 0x1
 732 0268 50       		.byte	0x50
 733 0269 02       		.uleb128 0x2
 734 026a 74       		.byte	0x74
 735 026b 00       		.sleb128 0
 736 026c 00       		.byte	0
 737 026d 14       		.uleb128 0x14
 738 026e 14000000 		.4byte	.LVL14
 739 0272 4E010000 		.4byte	0x14e
 740 0276 80020000 		.4byte	0x280
 741 027a 15       		.uleb128 0x15
 742 027b 01       		.uleb128 0x1
 743 027c 50       		.byte	0x50
 744 027d 01       		.uleb128 0x1
 745 027e 37       		.byte	0x37
 746 027f 00       		.byte	0
 747 0280 13       		.uleb128 0x13
 748 0281 18000000 		.4byte	.LVL15
 749 0285 A0010000 		.4byte	0x1a0
 750 0289 00       		.byte	0
 751 028a 09       		.uleb128 0x9
 752 028b 0E030000 		.4byte	.LASF32
 753 028f 01       		.byte	0x1
ARM GAS  C:\Users\tmj32\AppData\Local\Temp\ccbtobbc.s 			page 22


 754 0290 87       		.byte	0x87
 755 0291 00000000 		.4byte	.LFB66
 756 0295 14000000 		.4byte	.LFE66-.LFB66
 757 0299 01       		.uleb128 0x1
 758 029a 9C       		.byte	0x9c
 759 029b B2020000 		.4byte	0x2b2
 760 029f 13       		.uleb128 0x13
 761 02a0 06000000 		.4byte	.LVL16
 762 02a4 C8010000 		.4byte	0x1c8
 763 02a8 13       		.uleb128 0x13
 764 02a9 0C000000 		.4byte	.LVL17
 765 02ad F1000000 		.4byte	0xf1
 766 02b1 00       		.byte	0
 767 02b2 09       		.uleb128 0x9
 768 02b3 C8020000 		.4byte	.LASF33
 769 02b7 01       		.byte	0x1
 770 02b8 A1       		.byte	0xa1
 771 02b9 00000000 		.4byte	.LFB67
 772 02bd 44000000 		.4byte	.LFE67-.LFB67
 773 02c1 01       		.uleb128 0x1
 774 02c2 9C       		.byte	0x9c
 775 02c3 75030000 		.4byte	0x375
 776 02c7 17       		.uleb128 0x17
 777 02c8 7800     		.ascii	"x\000"
 778 02ca 01       		.byte	0x1
 779 02cb A9       		.byte	0xa9
 780 02cc 25000000 		.4byte	0x25
 781 02d0 56000000 		.4byte	.LLST3
 782 02d4 0B       		.uleb128 0xb
 783 02d5 70010000 		.4byte	.LASF34
 784 02d9 01       		.byte	0x1
 785 02da AA       		.byte	0xaa
 786 02db 75030000 		.4byte	0x375
 787 02df 02       		.uleb128 0x2
 788 02e0 91       		.byte	0x91
 789 02e1 68       		.sleb128 -24
 790 02e2 14       		.uleb128 0x14
 791 02e3 0E000000 		.4byte	.LVL20
 792 02e7 BA030000 		.4byte	0x3ba
 793 02eb F6020000 		.4byte	0x2f6
 794 02ef 15       		.uleb128 0x15
 795 02f0 01       		.uleb128 0x1
 796 02f1 50       		.byte	0x50
 797 02f2 02       		.uleb128 0x2
 798 02f3 74       		.byte	0x74
 799 02f4 00       		.sleb128 0
 800 02f5 00       		.byte	0
 801 02f6 14       		.uleb128 0x14
 802 02f7 16000000 		.4byte	.LVL22
 803 02fb C5030000 		.4byte	0x3c5
 804 02ff 09030000 		.4byte	0x309
 805 0303 15       		.uleb128 0x15
 806 0304 01       		.uleb128 0x1
 807 0305 50       		.byte	0x50
 808 0306 01       		.uleb128 0x1
 809 0307 31       		.byte	0x31
 810 0308 00       		.byte	0
ARM GAS  C:\Users\tmj32\AppData\Local\Temp\ccbtobbc.s 			page 23


 811 0309 14       		.uleb128 0x14
 812 030a 1E000000 		.4byte	.LVL23
 813 030e D0030000 		.4byte	0x3d0
 814 0312 21030000 		.4byte	0x321
 815 0316 15       		.uleb128 0x15
 816 0317 01       		.uleb128 0x1
 817 0318 50       		.byte	0x50
 818 0319 01       		.uleb128 0x1
 819 031a 30       		.byte	0x30
 820 031b 15       		.uleb128 0x15
 821 031c 01       		.uleb128 0x1
 822 031d 51       		.byte	0x51
 823 031e 01       		.uleb128 0x1
 824 031f 30       		.byte	0x30
 825 0320 00       		.byte	0
 826 0321 14       		.uleb128 0x14
 827 0322 28000000 		.4byte	.LVL24
 828 0326 DB030000 		.4byte	0x3db
 829 032a 44030000 		.4byte	0x344
 830 032e 15       		.uleb128 0x15
 831 032f 01       		.uleb128 0x1
 832 0330 50       		.byte	0x50
 833 0331 02       		.uleb128 0x2
 834 0332 7D       		.byte	0x7d
 835 0333 00       		.sleb128 0
 836 0334 15       		.uleb128 0x15
 837 0335 01       		.uleb128 0x1
 838 0336 51       		.byte	0x51
 839 0337 05       		.uleb128 0x5
 840 0338 03       		.byte	0x3
 841 0339 00000000 		.4byte	.LC0
 842 033d 15       		.uleb128 0x15
 843 033e 01       		.uleb128 0x1
 844 033f 52       		.byte	0x52
 845 0340 02       		.uleb128 0x2
 846 0341 74       		.byte	0x74
 847 0342 00       		.sleb128 0
 848 0343 00       		.byte	0
 849 0344 14       		.uleb128 0x14
 850 0345 2E000000 		.4byte	.LVL25
 851 0349 E6030000 		.4byte	0x3e6
 852 034d 58030000 		.4byte	0x358
 853 0351 15       		.uleb128 0x15
 854 0352 01       		.uleb128 0x1
 855 0353 50       		.byte	0x50
 856 0354 02       		.uleb128 0x2
 857 0355 7D       		.byte	0x7d
 858 0356 00       		.sleb128 0
 859 0357 00       		.byte	0
 860 0358 14       		.uleb128 0x14
 861 0359 34000000 		.4byte	.LVL26
 862 035d F1030000 		.4byte	0x3f1
 863 0361 6B030000 		.4byte	0x36b
 864 0365 15       		.uleb128 0x15
 865 0366 01       		.uleb128 0x1
 866 0367 50       		.byte	0x50
 867 0368 01       		.uleb128 0x1
ARM GAS  C:\Users\tmj32\AppData\Local\Temp\ccbtobbc.s 			page 24


 868 0369 3A       		.byte	0x3a
 869 036a 00       		.byte	0
 870 036b 13       		.uleb128 0x13
 871 036c 3C000000 		.4byte	.LVL27
 872 0370 8A020000 		.4byte	0x28a
 873 0374 00       		.byte	0
 874 0375 18       		.uleb128 0x18
 875 0376 84000000 		.4byte	0x84
 876 037a 85030000 		.4byte	0x385
 877 037e 19       		.uleb128 0x19
 878 037f 7D000000 		.4byte	0x7d
 879 0383 0E       		.byte	0xe
 880 0384 00       		.byte	0
 881 0385 11       		.uleb128 0x11
 882 0386 19000000 		.4byte	.LASF35
 883 038a 01       		.byte	0x1
 884 038b 8701     		.2byte	0x187
 885 038d 00000000 		.4byte	.LFB75
 886 0391 0C000000 		.4byte	.LFE75-.LFB75
 887 0395 01       		.uleb128 0x1
 888 0396 9C       		.byte	0x9c
 889 0397 11       		.uleb128 0x11
 890 0398 00000000 		.4byte	.LASF36
 891 039c 01       		.byte	0x1
 892 039d A001     		.2byte	0x1a0
 893 039f 00000000 		.4byte	.LFB76
 894 03a3 0C000000 		.4byte	.LFE76-.LFB76
 895 03a7 01       		.uleb128 0x1
 896 03a8 9C       		.byte	0x9c
 897 03a9 1A       		.uleb128 0x1a
 898 03aa F1010000 		.4byte	.LASF47
 899 03ae 09       		.byte	0x9
 900 03af 1207     		.2byte	0x712
 901 03b1 B5030000 		.4byte	0x3b5
 902 03b5 08       		.uleb128 0x8
 903 03b6 92000000 		.4byte	0x92
 904 03ba 1B       		.uleb128 0x1b
 905 03bb 5F020000 		.4byte	.LASF37
 906 03bf 5F020000 		.4byte	.LASF37
 907 03c3 05       		.byte	0x5
 908 03c4 C3       		.byte	0xc3
 909 03c5 1B       		.uleb128 0x1b
 910 03c6 9D020000 		.4byte	.LASF38
 911 03ca 9D020000 		.4byte	.LASF38
 912 03ce 06       		.byte	0x6
 913 03cf 3A       		.byte	0x3a
 914 03d0 1B       		.uleb128 0x1b
 915 03d1 D7010000 		.4byte	.LASF39
 916 03d5 D7010000 		.4byte	.LASF39
 917 03d9 06       		.byte	0x6
 918 03da 3D       		.byte	0x3d
 919 03db 1B       		.uleb128 0x1b
 920 03dc 19030000 		.4byte	.LASF40
 921 03e0 19030000 		.4byte	.LASF40
 922 03e4 07       		.byte	0x7
 923 03e5 E7       		.byte	0xe7
 924 03e6 1B       		.uleb128 0x1b
ARM GAS  C:\Users\tmj32\AppData\Local\Temp\ccbtobbc.s 			page 25


 925 03e7 75010000 		.4byte	.LASF41
 926 03eb 75010000 		.4byte	.LASF41
 927 03ef 06       		.byte	0x6
 928 03f0 3C       		.byte	0x3c
 929 03f1 1B       		.uleb128 0x1b
 930 03f2 21030000 		.4byte	.LASF42
 931 03f6 21030000 		.4byte	.LASF42
 932 03fa 08       		.byte	0x8
 933 03fb 76       		.byte	0x76
 934 03fc 00       		.byte	0
 935              		.section	.debug_abbrev,"",%progbits
 936              	.Ldebug_abbrev0:
 937 0000 01       		.uleb128 0x1
 938 0001 11       		.uleb128 0x11
 939 0002 01       		.byte	0x1
 940 0003 25       		.uleb128 0x25
 941 0004 0E       		.uleb128 0xe
 942 0005 13       		.uleb128 0x13
 943 0006 0B       		.uleb128 0xb
 944 0007 03       		.uleb128 0x3
 945 0008 0E       		.uleb128 0xe
 946 0009 1B       		.uleb128 0x1b
 947 000a 0E       		.uleb128 0xe
 948 000b 55       		.uleb128 0x55
 949 000c 17       		.uleb128 0x17
 950 000d 11       		.uleb128 0x11
 951 000e 01       		.uleb128 0x1
 952 000f 10       		.uleb128 0x10
 953 0010 17       		.uleb128 0x17
 954 0011 00       		.byte	0
 955 0012 00       		.byte	0
 956 0013 02       		.uleb128 0x2
 957 0014 24       		.uleb128 0x24
 958 0015 00       		.byte	0
 959 0016 0B       		.uleb128 0xb
 960 0017 0B       		.uleb128 0xb
 961 0018 3E       		.uleb128 0x3e
 962 0019 0B       		.uleb128 0xb
 963 001a 03       		.uleb128 0x3
 964 001b 08       		.uleb128 0x8
 965 001c 00       		.byte	0
 966 001d 00       		.byte	0
 967 001e 03       		.uleb128 0x3
 968 001f 24       		.uleb128 0x24
 969 0020 00       		.byte	0
 970 0021 0B       		.uleb128 0xb
 971 0022 0B       		.uleb128 0xb
 972 0023 3E       		.uleb128 0x3e
 973 0024 0B       		.uleb128 0xb
 974 0025 03       		.uleb128 0x3
 975 0026 0E       		.uleb128 0xe
 976 0027 00       		.byte	0
 977 0028 00       		.byte	0
 978 0029 04       		.uleb128 0x4
 979 002a 16       		.uleb128 0x16
 980 002b 00       		.byte	0
 981 002c 03       		.uleb128 0x3
ARM GAS  C:\Users\tmj32\AppData\Local\Temp\ccbtobbc.s 			page 26


 982 002d 0E       		.uleb128 0xe
 983 002e 3A       		.uleb128 0x3a
 984 002f 0B       		.uleb128 0xb
 985 0030 3B       		.uleb128 0x3b
 986 0031 0B       		.uleb128 0xb
 987 0032 49       		.uleb128 0x49
 988 0033 13       		.uleb128 0x13
 989 0034 00       		.byte	0
 990 0035 00       		.byte	0
 991 0036 05       		.uleb128 0x5
 992 0037 0F       		.uleb128 0xf
 993 0038 00       		.byte	0
 994 0039 0B       		.uleb128 0xb
 995 003a 0B       		.uleb128 0xb
 996 003b 49       		.uleb128 0x49
 997 003c 13       		.uleb128 0x13
 998 003d 00       		.byte	0
 999 003e 00       		.byte	0
 1000 003f 06       		.uleb128 0x6
 1001 0040 15       		.uleb128 0x15
 1002 0041 00       		.byte	0
 1003 0042 27       		.uleb128 0x27
 1004 0043 19       		.uleb128 0x19
 1005 0044 00       		.byte	0
 1006 0045 00       		.byte	0
 1007 0046 07       		.uleb128 0x7
 1008 0047 16       		.uleb128 0x16
 1009 0048 00       		.byte	0
 1010 0049 03       		.uleb128 0x3
 1011 004a 0E       		.uleb128 0xe
 1012 004b 3A       		.uleb128 0x3a
 1013 004c 0B       		.uleb128 0xb
 1014 004d 3B       		.uleb128 0x3b
 1015 004e 05       		.uleb128 0x5
 1016 004f 49       		.uleb128 0x49
 1017 0050 13       		.uleb128 0x13
 1018 0051 00       		.byte	0
 1019 0052 00       		.byte	0
 1020 0053 08       		.uleb128 0x8
 1021 0054 35       		.uleb128 0x35
 1022 0055 00       		.byte	0
 1023 0056 49       		.uleb128 0x49
 1024 0057 13       		.uleb128 0x13
 1025 0058 00       		.byte	0
 1026 0059 00       		.byte	0
 1027 005a 09       		.uleb128 0x9
 1028 005b 2E       		.uleb128 0x2e
 1029 005c 01       		.byte	0x1
 1030 005d 3F       		.uleb128 0x3f
 1031 005e 19       		.uleb128 0x19
 1032 005f 03       		.uleb128 0x3
 1033 0060 0E       		.uleb128 0xe
 1034 0061 3A       		.uleb128 0x3a
 1035 0062 0B       		.uleb128 0xb
 1036 0063 3B       		.uleb128 0x3b
 1037 0064 0B       		.uleb128 0xb
 1038 0065 27       		.uleb128 0x27
ARM GAS  C:\Users\tmj32\AppData\Local\Temp\ccbtobbc.s 			page 27


 1039 0066 19       		.uleb128 0x19
 1040 0067 11       		.uleb128 0x11
 1041 0068 01       		.uleb128 0x1
 1042 0069 12       		.uleb128 0x12
 1043 006a 06       		.uleb128 0x6
 1044 006b 40       		.uleb128 0x40
 1045 006c 18       		.uleb128 0x18
 1046 006d 9742     		.uleb128 0x2117
 1047 006f 19       		.uleb128 0x19
 1048 0070 01       		.uleb128 0x1
 1049 0071 13       		.uleb128 0x13
 1050 0072 00       		.byte	0
 1051 0073 00       		.byte	0
 1052 0074 0A       		.uleb128 0xa
 1053 0075 05       		.uleb128 0x5
 1054 0076 00       		.byte	0
 1055 0077 03       		.uleb128 0x3
 1056 0078 0E       		.uleb128 0xe
 1057 0079 3A       		.uleb128 0x3a
 1058 007a 0B       		.uleb128 0xb
 1059 007b 3B       		.uleb128 0x3b
 1060 007c 0B       		.uleb128 0xb
 1061 007d 49       		.uleb128 0x49
 1062 007e 13       		.uleb128 0x13
 1063 007f 02       		.uleb128 0x2
 1064 0080 18       		.uleb128 0x18
 1065 0081 00       		.byte	0
 1066 0082 00       		.byte	0
 1067 0083 0B       		.uleb128 0xb
 1068 0084 34       		.uleb128 0x34
 1069 0085 00       		.byte	0
 1070 0086 03       		.uleb128 0x3
 1071 0087 0E       		.uleb128 0xe
 1072 0088 3A       		.uleb128 0x3a
 1073 0089 0B       		.uleb128 0xb
 1074 008a 3B       		.uleb128 0x3b
 1075 008b 0B       		.uleb128 0xb
 1076 008c 49       		.uleb128 0x49
 1077 008d 13       		.uleb128 0x13
 1078 008e 02       		.uleb128 0x2
 1079 008f 18       		.uleb128 0x18
 1080 0090 00       		.byte	0
 1081 0091 00       		.byte	0
 1082 0092 0C       		.uleb128 0xc
 1083 0093 2E       		.uleb128 0x2e
 1084 0094 01       		.byte	0x1
 1085 0095 3F       		.uleb128 0x3f
 1086 0096 19       		.uleb128 0x19
 1087 0097 03       		.uleb128 0x3
 1088 0098 0E       		.uleb128 0xe
 1089 0099 3A       		.uleb128 0x3a
 1090 009a 0B       		.uleb128 0xb
 1091 009b 3B       		.uleb128 0x3b
 1092 009c 0B       		.uleb128 0xb
 1093 009d 27       		.uleb128 0x27
 1094 009e 19       		.uleb128 0x19
 1095 009f 49       		.uleb128 0x49
ARM GAS  C:\Users\tmj32\AppData\Local\Temp\ccbtobbc.s 			page 28


 1096 00a0 13       		.uleb128 0x13
 1097 00a1 11       		.uleb128 0x11
 1098 00a2 01       		.uleb128 0x1
 1099 00a3 12       		.uleb128 0x12
 1100 00a4 06       		.uleb128 0x6
 1101 00a5 40       		.uleb128 0x40
 1102 00a6 18       		.uleb128 0x18
 1103 00a7 9742     		.uleb128 0x2117
 1104 00a9 19       		.uleb128 0x19
 1105 00aa 01       		.uleb128 0x1
 1106 00ab 13       		.uleb128 0x13
 1107 00ac 00       		.byte	0
 1108 00ad 00       		.byte	0
 1109 00ae 0D       		.uleb128 0xd
 1110 00af 2E       		.uleb128 0x2e
 1111 00b0 01       		.byte	0x1
 1112 00b1 3F       		.uleb128 0x3f
 1113 00b2 19       		.uleb128 0x19
 1114 00b3 03       		.uleb128 0x3
 1115 00b4 0E       		.uleb128 0xe
 1116 00b5 3A       		.uleb128 0x3a
 1117 00b6 0B       		.uleb128 0xb
 1118 00b7 3B       		.uleb128 0x3b
 1119 00b8 05       		.uleb128 0x5
 1120 00b9 27       		.uleb128 0x27
 1121 00ba 19       		.uleb128 0x19
 1122 00bb 11       		.uleb128 0x11
 1123 00bc 01       		.uleb128 0x1
 1124 00bd 12       		.uleb128 0x12
 1125 00be 06       		.uleb128 0x6
 1126 00bf 40       		.uleb128 0x40
 1127 00c0 18       		.uleb128 0x18
 1128 00c1 9742     		.uleb128 0x2117
 1129 00c3 19       		.uleb128 0x19
 1130 00c4 01       		.uleb128 0x1
 1131 00c5 13       		.uleb128 0x13
 1132 00c6 00       		.byte	0
 1133 00c7 00       		.byte	0
 1134 00c8 0E       		.uleb128 0xe
 1135 00c9 05       		.uleb128 0x5
 1136 00ca 00       		.byte	0
 1137 00cb 03       		.uleb128 0x3
 1138 00cc 0E       		.uleb128 0xe
 1139 00cd 3A       		.uleb128 0x3a
 1140 00ce 0B       		.uleb128 0xb
 1141 00cf 3B       		.uleb128 0x3b
 1142 00d0 05       		.uleb128 0x5
 1143 00d1 49       		.uleb128 0x49
 1144 00d2 13       		.uleb128 0x13
 1145 00d3 02       		.uleb128 0x2
 1146 00d4 17       		.uleb128 0x17
 1147 00d5 00       		.byte	0
 1148 00d6 00       		.byte	0
 1149 00d7 0F       		.uleb128 0xf
 1150 00d8 2E       		.uleb128 0x2e
 1151 00d9 01       		.byte	0x1
 1152 00da 3F       		.uleb128 0x3f
ARM GAS  C:\Users\tmj32\AppData\Local\Temp\ccbtobbc.s 			page 29


 1153 00db 19       		.uleb128 0x19
 1154 00dc 03       		.uleb128 0x3
 1155 00dd 0E       		.uleb128 0xe
 1156 00de 3A       		.uleb128 0x3a
 1157 00df 0B       		.uleb128 0xb
 1158 00e0 3B       		.uleb128 0x3b
 1159 00e1 05       		.uleb128 0x5
 1160 00e2 27       		.uleb128 0x27
 1161 00e3 19       		.uleb128 0x19
 1162 00e4 49       		.uleb128 0x49
 1163 00e5 13       		.uleb128 0x13
 1164 00e6 11       		.uleb128 0x11
 1165 00e7 01       		.uleb128 0x1
 1166 00e8 12       		.uleb128 0x12
 1167 00e9 06       		.uleb128 0x6
 1168 00ea 40       		.uleb128 0x40
 1169 00eb 18       		.uleb128 0x18
 1170 00ec 9742     		.uleb128 0x2117
 1171 00ee 19       		.uleb128 0x19
 1172 00ef 01       		.uleb128 0x1
 1173 00f0 13       		.uleb128 0x13
 1174 00f1 00       		.byte	0
 1175 00f2 00       		.byte	0
 1176 00f3 10       		.uleb128 0x10
 1177 00f4 34       		.uleb128 0x34
 1178 00f5 00       		.byte	0
 1179 00f6 03       		.uleb128 0x3
 1180 00f7 0E       		.uleb128 0xe
 1181 00f8 3A       		.uleb128 0x3a
 1182 00f9 0B       		.uleb128 0xb
 1183 00fa 3B       		.uleb128 0x3b
 1184 00fb 05       		.uleb128 0x5
 1185 00fc 49       		.uleb128 0x49
 1186 00fd 13       		.uleb128 0x13
 1187 00fe 02       		.uleb128 0x2
 1188 00ff 17       		.uleb128 0x17
 1189 0100 00       		.byte	0
 1190 0101 00       		.byte	0
 1191 0102 11       		.uleb128 0x11
 1192 0103 2E       		.uleb128 0x2e
 1193 0104 00       		.byte	0
 1194 0105 3F       		.uleb128 0x3f
 1195 0106 19       		.uleb128 0x19
 1196 0107 03       		.uleb128 0x3
 1197 0108 0E       		.uleb128 0xe
 1198 0109 3A       		.uleb128 0x3a
 1199 010a 0B       		.uleb128 0xb
 1200 010b 3B       		.uleb128 0x3b
 1201 010c 05       		.uleb128 0x5
 1202 010d 27       		.uleb128 0x27
 1203 010e 19       		.uleb128 0x19
 1204 010f 11       		.uleb128 0x11
 1205 0110 01       		.uleb128 0x1
 1206 0111 12       		.uleb128 0x12
 1207 0112 06       		.uleb128 0x6
 1208 0113 40       		.uleb128 0x40
 1209 0114 18       		.uleb128 0x18
ARM GAS  C:\Users\tmj32\AppData\Local\Temp\ccbtobbc.s 			page 30


 1210 0115 9742     		.uleb128 0x2117
 1211 0117 19       		.uleb128 0x19
 1212 0118 00       		.byte	0
 1213 0119 00       		.byte	0
 1214 011a 12       		.uleb128 0x12
 1215 011b 2E       		.uleb128 0x2e
 1216 011c 00       		.byte	0
 1217 011d 3F       		.uleb128 0x3f
 1218 011e 19       		.uleb128 0x19
 1219 011f 03       		.uleb128 0x3
 1220 0120 0E       		.uleb128 0xe
 1221 0121 3A       		.uleb128 0x3a
 1222 0122 0B       		.uleb128 0xb
 1223 0123 3B       		.uleb128 0x3b
 1224 0124 05       		.uleb128 0x5
 1225 0125 27       		.uleb128 0x27
 1226 0126 19       		.uleb128 0x19
 1227 0127 49       		.uleb128 0x49
 1228 0128 13       		.uleb128 0x13
 1229 0129 11       		.uleb128 0x11
 1230 012a 01       		.uleb128 0x1
 1231 012b 12       		.uleb128 0x12
 1232 012c 06       		.uleb128 0x6
 1233 012d 40       		.uleb128 0x40
 1234 012e 18       		.uleb128 0x18
 1235 012f 9742     		.uleb128 0x2117
 1236 0131 19       		.uleb128 0x19
 1237 0132 00       		.byte	0
 1238 0133 00       		.byte	0
 1239 0134 13       		.uleb128 0x13
 1240 0135 898201   		.uleb128 0x4109
 1241 0138 00       		.byte	0
 1242 0139 11       		.uleb128 0x11
 1243 013a 01       		.uleb128 0x1
 1244 013b 31       		.uleb128 0x31
 1245 013c 13       		.uleb128 0x13
 1246 013d 00       		.byte	0
 1247 013e 00       		.byte	0
 1248 013f 14       		.uleb128 0x14
 1249 0140 898201   		.uleb128 0x4109
 1250 0143 01       		.byte	0x1
 1251 0144 11       		.uleb128 0x11
 1252 0145 01       		.uleb128 0x1
 1253 0146 31       		.uleb128 0x31
 1254 0147 13       		.uleb128 0x13
 1255 0148 01       		.uleb128 0x1
 1256 0149 13       		.uleb128 0x13
 1257 014a 00       		.byte	0
 1258 014b 00       		.byte	0
 1259 014c 15       		.uleb128 0x15
 1260 014d 8A8201   		.uleb128 0x410a
 1261 0150 00       		.byte	0
 1262 0151 02       		.uleb128 0x2
 1263 0152 18       		.uleb128 0x18
 1264 0153 9142     		.uleb128 0x2111
 1265 0155 18       		.uleb128 0x18
 1266 0156 00       		.byte	0
ARM GAS  C:\Users\tmj32\AppData\Local\Temp\ccbtobbc.s 			page 31


 1267 0157 00       		.byte	0
 1268 0158 16       		.uleb128 0x16
 1269 0159 05       		.uleb128 0x5
 1270 015a 00       		.byte	0
 1271 015b 03       		.uleb128 0x3
 1272 015c 0E       		.uleb128 0xe
 1273 015d 3A       		.uleb128 0x3a
 1274 015e 0B       		.uleb128 0xb
 1275 015f 3B       		.uleb128 0x3b
 1276 0160 0B       		.uleb128 0xb
 1277 0161 49       		.uleb128 0x49
 1278 0162 13       		.uleb128 0x13
 1279 0163 02       		.uleb128 0x2
 1280 0164 17       		.uleb128 0x17
 1281 0165 00       		.byte	0
 1282 0166 00       		.byte	0
 1283 0167 17       		.uleb128 0x17
 1284 0168 34       		.uleb128 0x34
 1285 0169 00       		.byte	0
 1286 016a 03       		.uleb128 0x3
 1287 016b 08       		.uleb128 0x8
 1288 016c 3A       		.uleb128 0x3a
 1289 016d 0B       		.uleb128 0xb
 1290 016e 3B       		.uleb128 0x3b
 1291 016f 0B       		.uleb128 0xb
 1292 0170 49       		.uleb128 0x49
 1293 0171 13       		.uleb128 0x13
 1294 0172 02       		.uleb128 0x2
 1295 0173 17       		.uleb128 0x17
 1296 0174 00       		.byte	0
 1297 0175 00       		.byte	0
 1298 0176 18       		.uleb128 0x18
 1299 0177 01       		.uleb128 0x1
 1300 0178 01       		.byte	0x1
 1301 0179 49       		.uleb128 0x49
 1302 017a 13       		.uleb128 0x13
 1303 017b 01       		.uleb128 0x1
 1304 017c 13       		.uleb128 0x13
 1305 017d 00       		.byte	0
 1306 017e 00       		.byte	0
 1307 017f 19       		.uleb128 0x19
 1308 0180 21       		.uleb128 0x21
 1309 0181 00       		.byte	0
 1310 0182 49       		.uleb128 0x49
 1311 0183 13       		.uleb128 0x13
 1312 0184 2F       		.uleb128 0x2f
 1313 0185 0B       		.uleb128 0xb
 1314 0186 00       		.byte	0
 1315 0187 00       		.byte	0
 1316 0188 1A       		.uleb128 0x1a
 1317 0189 34       		.uleb128 0x34
 1318 018a 00       		.byte	0
 1319 018b 03       		.uleb128 0x3
 1320 018c 0E       		.uleb128 0xe
 1321 018d 3A       		.uleb128 0x3a
 1322 018e 0B       		.uleb128 0xb
 1323 018f 3B       		.uleb128 0x3b
ARM GAS  C:\Users\tmj32\AppData\Local\Temp\ccbtobbc.s 			page 32


 1324 0190 05       		.uleb128 0x5
 1325 0191 49       		.uleb128 0x49
 1326 0192 13       		.uleb128 0x13
 1327 0193 3F       		.uleb128 0x3f
 1328 0194 19       		.uleb128 0x19
 1329 0195 3C       		.uleb128 0x3c
 1330 0196 19       		.uleb128 0x19
 1331 0197 00       		.byte	0
 1332 0198 00       		.byte	0
 1333 0199 1B       		.uleb128 0x1b
 1334 019a 2E       		.uleb128 0x2e
 1335 019b 00       		.byte	0
 1336 019c 3F       		.uleb128 0x3f
 1337 019d 19       		.uleb128 0x19
 1338 019e 3C       		.uleb128 0x3c
 1339 019f 19       		.uleb128 0x19
 1340 01a0 6E       		.uleb128 0x6e
 1341 01a1 0E       		.uleb128 0xe
 1342 01a2 03       		.uleb128 0x3
 1343 01a3 0E       		.uleb128 0xe
 1344 01a4 3A       		.uleb128 0x3a
 1345 01a5 0B       		.uleb128 0xb
 1346 01a6 3B       		.uleb128 0x3b
 1347 01a7 0B       		.uleb128 0xb
 1348 01a8 00       		.byte	0
 1349 01a9 00       		.byte	0
 1350 01aa 00       		.byte	0
 1351              		.section	.debug_loc,"",%progbits
 1352              	.Ldebug_loc0:
 1353              	.LLST0:
 1354 0000 00000000 		.4byte	.LVL3
 1355 0004 02000000 		.4byte	.LVL4
 1356 0008 0100     		.2byte	0x1
 1357 000a 50       		.byte	0x50
 1358 000b 02000000 		.4byte	.LVL4
 1359 000f 10000000 		.4byte	.LFE70
 1360 0013 0400     		.2byte	0x4
 1361 0015 F3       		.byte	0xf3
 1362 0016 01       		.uleb128 0x1
 1363 0017 50       		.byte	0x50
 1364 0018 9F       		.byte	0x9f
 1365 0019 00000000 		.4byte	0
 1366 001d 00000000 		.4byte	0
 1367              	.LLST1:
 1368 0021 04000000 		.4byte	.LVL5
 1369 0025 06000000 		.4byte	.LVL6
 1370 0029 0500     		.2byte	0x5
 1371 002b 70       		.byte	0x70
 1372 002c 00       		.sleb128 0
 1373 002d 35       		.byte	0x35
 1374 002e 25       		.byte	0x25
 1375 002f 9F       		.byte	0x9f
 1376 0030 00000000 		.4byte	0
 1377 0034 00000000 		.4byte	0
 1378              	.LLST2:
 1379 0038 00000000 		.4byte	.LVL11
 1380 003c 07000000 		.4byte	.LVL12-1
ARM GAS  C:\Users\tmj32\AppData\Local\Temp\ccbtobbc.s 			page 33


 1381 0040 0100     		.2byte	0x1
 1382 0042 50       		.byte	0x50
 1383 0043 07000000 		.4byte	.LVL12-1
 1384 0047 1A000000 		.4byte	.LFE65
 1385 004b 0100     		.2byte	0x1
 1386 004d 54       		.byte	0x54
 1387 004e 00000000 		.4byte	0
 1388 0052 00000000 		.4byte	0
 1389              	.LLST3:
 1390 0056 04000000 		.4byte	.LVL18
 1391 005a 08000000 		.4byte	.LVL19
 1392 005e 0200     		.2byte	0x2
 1393 0060 30       		.byte	0x30
 1394 0061 9F       		.byte	0x9f
 1395 0062 08000000 		.4byte	.LVL19
 1396 0066 40000000 		.4byte	.LVL28
 1397 006a 0100     		.2byte	0x1
 1398 006c 54       		.byte	0x54
 1399 006d 00000000 		.4byte	0
 1400 0071 00000000 		.4byte	0
 1401              		.section	.debug_aranges,"",%progbits
 1402 0000 7C000000 		.4byte	0x7c
 1403 0004 0200     		.2byte	0x2
 1404 0006 00000000 		.4byte	.Ldebug_info0
 1405 000a 04       		.byte	0x4
 1406 000b 00       		.byte	0
 1407 000c 0000     		.2byte	0
 1408 000e 0000     		.2byte	0
 1409 0010 00000000 		.4byte	.LFB68
 1410 0014 0C000000 		.4byte	.LFE68-.LFB68
 1411 0018 00000000 		.4byte	.LFB69
 1412 001c 0C000000 		.4byte	.LFE69-.LFB69
 1413 0020 00000000 		.4byte	.LFB70
 1414 0024 10000000 		.4byte	.LFE70-.LFB70
 1415 0028 00000000 		.4byte	.LFB71
 1416 002c 0C000000 		.4byte	.LFE71-.LFB71
 1417 0030 00000000 		.4byte	.LFB72
 1418 0034 0C000000 		.4byte	.LFE72-.LFB72
 1419 0038 00000000 		.4byte	.LFB73
 1420 003c 10000000 		.4byte	.LFE73-.LFB73
 1421 0040 00000000 		.4byte	.LFB74
 1422 0044 0C000000 		.4byte	.LFE74-.LFB74
 1423 0048 00000000 		.4byte	.LFB64
 1424 004c 1C000000 		.4byte	.LFE64-.LFB64
 1425 0050 00000000 		.4byte	.LFB65
 1426 0054 1A000000 		.4byte	.LFE65-.LFB65
 1427 0058 00000000 		.4byte	.LFB66
 1428 005c 14000000 		.4byte	.LFE66-.LFB66
 1429 0060 00000000 		.4byte	.LFB67
 1430 0064 44000000 		.4byte	.LFE67-.LFB67
 1431 0068 00000000 		.4byte	.LFB75
 1432 006c 0C000000 		.4byte	.LFE75-.LFB75
 1433 0070 00000000 		.4byte	.LFB76
 1434 0074 0C000000 		.4byte	.LFE76-.LFB76
 1435 0078 00000000 		.4byte	0
 1436 007c 00000000 		.4byte	0
 1437              		.section	.debug_ranges,"",%progbits
ARM GAS  C:\Users\tmj32\AppData\Local\Temp\ccbtobbc.s 			page 34


 1438              	.Ldebug_ranges0:
 1439 0000 00000000 		.4byte	.LFB68
 1440 0004 0C000000 		.4byte	.LFE68
 1441 0008 00000000 		.4byte	.LFB69
 1442 000c 0C000000 		.4byte	.LFE69
 1443 0010 00000000 		.4byte	.LFB70
 1444 0014 10000000 		.4byte	.LFE70
 1445 0018 00000000 		.4byte	.LFB71
 1446 001c 0C000000 		.4byte	.LFE71
 1447 0020 00000000 		.4byte	.LFB72
 1448 0024 0C000000 		.4byte	.LFE72
 1449 0028 00000000 		.4byte	.LFB73
 1450 002c 10000000 		.4byte	.LFE73
 1451 0030 00000000 		.4byte	.LFB74
 1452 0034 0C000000 		.4byte	.LFE74
 1453 0038 00000000 		.4byte	.LFB64
 1454 003c 1C000000 		.4byte	.LFE64
 1455 0040 00000000 		.4byte	.LFB65
 1456 0044 1A000000 		.4byte	.LFE65
 1457 0048 00000000 		.4byte	.LFB66
 1458 004c 14000000 		.4byte	.LFE66
 1459 0050 00000000 		.4byte	.LFB67
 1460 0054 44000000 		.4byte	.LFE67
 1461 0058 00000000 		.4byte	.LFB75
 1462 005c 0C000000 		.4byte	.LFE75
 1463 0060 00000000 		.4byte	.LFB76
 1464 0064 0C000000 		.4byte	.LFE76
 1465 0068 00000000 		.4byte	0
 1466 006c 00000000 		.4byte	0
 1467              		.section	.debug_line,"",%progbits
 1468              	.Ldebug_line0:
 1469 0000 DB020000 		.section	.debug_str,"MS",%progbits,1
 1469      0200DF01 
 1469      00000201 
 1469      FB0E0D00 
 1469      01010101 
 1470              	.LASF36:
 1471 0000 6973725F 		.ascii	"isr_1_ClearPending\000"
 1471      315F436C 
 1471      65617250 
 1471      656E6469 
 1471      6E6700
 1472              	.LASF19:
 1473 0013 72656733 		.ascii	"reg32\000"
 1473      3200
 1474              	.LASF35:
 1475 0019 6973725F 		.ascii	"isr_1_SetPending\000"
 1475      315F5365 
 1475      7450656E 
 1475      64696E67 
 1475      00
 1476              	.LASF46:
 1477 002a 6973725F 		.ascii	"isr_1_GetState\000"
 1477      315F4765 
 1477      74537461 
 1477      746500
 1478              	.LASF29:
ARM GAS  C:\Users\tmj32\AppData\Local\Temp\ccbtobbc.s 			page 35


 1479 0039 6973725F 		.ascii	"isr_1_Disable\000"
 1479      315F4469 
 1479      7361626C 
 1479      6500
 1480              	.LASF12:
 1481 0047 5F5F696E 		.ascii	"__int32_t\000"
 1481      7433325F 
 1481      7400
 1482              	.LASF30:
 1483 0051 6973725F 		.ascii	"isr_1_Start\000"
 1483      315F5374 
 1483      61727400 
 1484              	.LASF27:
 1485 005d 6973725F 		.ascii	"isr_1_GetPriority\000"
 1485      315F4765 
 1485      74507269 
 1485      6F726974 
 1485      7900
 1486              	.LASF16:
 1487 006f 666C6F61 		.ascii	"float\000"
 1487      7400
 1488              	.LASF14:
 1489 0075 75696E74 		.ascii	"uint8\000"
 1489      3800
 1490              	.LASF4:
 1491 007b 756E7369 		.ascii	"unsigned char\000"
 1491      676E6564 
 1491      20636861 
 1491      7200
 1492              	.LASF43:
 1493 0089 474E5520 		.ascii	"GNU C11 5.4.1 20160609 (release) [ARM/embedded-5-br"
 1493      43313120 
 1493      352E342E 
 1493      31203230 
 1493      31363036 
 1494 00bc 616E6368 		.ascii	"anch revision 237715] -mcpu=cortex-m3 -mthumb -g -O"
 1494      20726576 
 1494      6973696F 
 1494      6E203233 
 1494      37373135 
 1495 00ef 67202D66 		.ascii	"g -ffunction-sections -ffat-lto-objects\000"
 1495      66756E63 
 1495      74696F6E 
 1495      2D736563 
 1495      74696F6E 
 1496              	.LASF18:
 1497 0117 72656738 		.ascii	"reg8\000"
 1497      00
 1498              	.LASF8:
 1499 011c 6C6F6E67 		.ascii	"long unsigned int\000"
 1499      20756E73 
 1499      69676E65 
 1499      6420696E 
 1499      7400
 1500              	.LASF6:
 1501 012e 73686F72 		.ascii	"short unsigned int\000"
 1501      7420756E 
ARM GAS  C:\Users\tmj32\AppData\Local\Temp\ccbtobbc.s 			page 36


 1501      7369676E 
 1501      65642069 
 1501      6E7400
 1502              	.LASF28:
 1503 0141 6973725F 		.ascii	"isr_1_Enable\000"
 1503      315F456E 
 1503      61626C65 
 1503      00
 1504              	.LASF22:
 1505 014e 6973725F 		.ascii	"isr_1_SetVector\000"
 1505      315F5365 
 1505      74566563 
 1505      746F7200 
 1506              	.LASF23:
 1507 015e 6973725F 		.ascii	"isr_1_SetPriority\000"
 1507      315F5365 
 1507      74507269 
 1507      6F726974 
 1507      7900
 1508              	.LASF34:
 1509 0170 73747231 		.ascii	"str1\000"
 1509      00
 1510              	.LASF41:
 1511 0175 4C43445F 		.ascii	"LCD_PrintString\000"
 1511      5072696E 
 1511      74537472 
 1511      696E6700 
 1512              	.LASF44:
 1513 0185 47656E65 		.ascii	"Generated_Source\\PSoC5\\isr_1.c\000"
 1513      72617465 
 1513      645F536F 
 1513      75726365 
 1513      5C50536F 
 1514              	.LASF15:
 1515 01a4 75696E74 		.ascii	"uint32\000"
 1515      333200
 1516              	.LASF0:
 1517 01ab 756E7369 		.ascii	"unsigned int\000"
 1517      676E6564 
 1517      20696E74 
 1517      00
 1518              	.LASF24:
 1519 01b8 61646472 		.ascii	"address\000"
 1519      65737300 
 1520              	.LASF9:
 1521 01c0 6C6F6E67 		.ascii	"long long unsigned int\000"
 1521      206C6F6E 
 1521      6720756E 
 1521      7369676E 
 1521      65642069 
 1522              	.LASF39:
 1523 01d7 4C43445F 		.ascii	"LCD_Position\000"
 1523      506F7369 
 1523      74696F6E 
 1523      00
 1524              	.LASF20:
 1525 01e4 63796973 		.ascii	"cyisraddress\000"
ARM GAS  C:\Users\tmj32\AppData\Local\Temp\ccbtobbc.s 			page 37


 1525      72616464 
 1525      72657373 
 1525      00
 1526              	.LASF47:
 1527 01f1 49544D5F 		.ascii	"ITM_RxBuffer\000"
 1527      52784275 
 1527      66666572 
 1527      00
 1528              	.LASF45:
 1529 01fe 433A5C55 		.ascii	"C:\\Users\\tmj32\\Desktop\\343Final\\PSOC_C_AlarmCl"
 1529      73657273 
 1529      5C746D6A 
 1529      33325C44 
 1529      65736B74 
 1530 022c 6F636B55 		.ascii	"ockUsingInterrupts\\Design01.cydsn\000"
 1530      73696E67 
 1530      496E7465 
 1530      72727570 
 1530      74735C44 
 1531              	.LASF13:
 1532 024e 696E7433 		.ascii	"int32_t\000"
 1532      325F7400 
 1533              	.LASF25:
 1534 0256 7072696F 		.ascii	"priority\000"
 1534      72697479 
 1534      00
 1535              	.LASF37:
 1536 025f 50574D5F 		.ascii	"PWM_1_WriteCompare\000"
 1536      315F5772 
 1536      69746543 
 1536      6F6D7061 
 1536      726500
 1537              	.LASF1:
 1538 0272 6C6F6E67 		.ascii	"long long int\000"
 1538      206C6F6E 
 1538      6720696E 
 1538      7400
 1539              	.LASF10:
 1540 0280 73697A65 		.ascii	"sizetype\000"
 1540      74797065 
 1540      00
 1541              	.LASF11:
 1542 0289 63686172 		.ascii	"char\000"
 1542      00
 1543              	.LASF21:
 1544 028e 72616D56 		.ascii	"ramVectorTable\000"
 1544      6563746F 
 1544      72546162 
 1544      6C6500
 1545              	.LASF38:
 1546 029d 4C43445F 		.ascii	"LCD_WriteControl\000"
 1546      57726974 
 1546      65436F6E 
 1546      74726F6C 
 1546      00
 1547              	.LASF5:
 1548 02ae 73686F72 		.ascii	"short int\000"
ARM GAS  C:\Users\tmj32\AppData\Local\Temp\ccbtobbc.s 			page 38


 1548      7420696E 
 1548      7400
 1549              	.LASF26:
 1550 02b8 6973725F 		.ascii	"isr_1_GetVector\000"
 1550      315F4765 
 1550      74566563 
 1550      746F7200 
 1551              	.LASF33:
 1552 02c8 6973725F 		.ascii	"isr_1_Interrupt\000"
 1552      315F496E 
 1552      74657272 
 1552      75707400 
 1553              	.LASF7:
 1554 02d8 6C6F6E67 		.ascii	"long int\000"
 1554      20696E74 
 1554      00
 1555              	.LASF2:
 1556 02e1 6C6F6E67 		.ascii	"long double\000"
 1556      20646F75 
 1556      626C6500 
 1557              	.LASF3:
 1558 02ed 7369676E 		.ascii	"signed char\000"
 1558      65642063 
 1558      68617200 
 1559              	.LASF17:
 1560 02f9 646F7562 		.ascii	"double\000"
 1560      6C6500
 1561              	.LASF31:
 1562 0300 6973725F 		.ascii	"isr_1_StartEx\000"
 1562      315F5374 
 1562      61727445 
 1562      7800
 1563              	.LASF32:
 1564 030e 6973725F 		.ascii	"isr_1_Stop\000"
 1564      315F5374 
 1564      6F7000
 1565              	.LASF40:
 1566 0319 73707269 		.ascii	"sprintf\000"
 1566      6E746600 
 1567              	.LASF42:
 1568 0321 43794465 		.ascii	"CyDelay\000"
 1568      6C617900 
 1569              		.ident	"GCC: (GNU Tools for ARM Embedded Processors) 5.4.1 20160609 (release) [ARM/embedded-5-bran
