ARM GAS  C:\Users\tmj32\AppData\Local\Temp\ccUJSuOK.s 			page 1


   1              		.syntax unified
   2              		.cpu cortex-m3
   3              		.fpu softvfp
   4              		.eabi_attribute 20, 1
   5              		.eabi_attribute 21, 1
   6              		.eabi_attribute 23, 3
   7              		.eabi_attribute 24, 1
   8              		.eabi_attribute 25, 1
   9              		.eabi_attribute 26, 1
  10              		.eabi_attribute 30, 1
  11              		.eabi_attribute 34, 1
  12              		.eabi_attribute 18, 4
  13              		.thumb
  14              		.syntax unified
  15              		.file	"isr_2.c"
  16              		.text
  17              	.Ltext0:
  18              		.cfi_sections	.debug_frame
  19              		.section	.text.isr_2_SetVector,"ax",%progbits
  20              		.align	2
  21              		.global	isr_2_SetVector
  22              		.thumb
  23              		.thumb_func
  24              		.type	isr_2_SetVector, %function
  25              	isr_2_SetVector:
  26              	.LFB68:
  27              		.file 1 "Generated_Source\\PSoC5\\isr_2.c"
   1:Generated_Source\PSoC5/isr_2.c **** /*******************************************************************************
   2:Generated_Source\PSoC5/isr_2.c **** * File Name: isr_2.c  
   3:Generated_Source\PSoC5/isr_2.c **** * Version 1.70
   4:Generated_Source\PSoC5/isr_2.c **** *
   5:Generated_Source\PSoC5/isr_2.c **** *  Description:
   6:Generated_Source\PSoC5/isr_2.c **** *   API for controlling the state of an interrupt.
   7:Generated_Source\PSoC5/isr_2.c **** *
   8:Generated_Source\PSoC5/isr_2.c **** *
   9:Generated_Source\PSoC5/isr_2.c **** *  Note:
  10:Generated_Source\PSoC5/isr_2.c **** *
  11:Generated_Source\PSoC5/isr_2.c **** ********************************************************************************
  12:Generated_Source\PSoC5/isr_2.c **** * Copyright 2008-2015, Cypress Semiconductor Corporation.  All rights reserved.
  13:Generated_Source\PSoC5/isr_2.c **** * You may use this file only in accordance with the license, terms, conditions, 
  14:Generated_Source\PSoC5/isr_2.c **** * disclaimers, and limitations in the end user license agreement accompanying 
  15:Generated_Source\PSoC5/isr_2.c **** * the software package with which this file was provided.
  16:Generated_Source\PSoC5/isr_2.c **** *******************************************************************************/
  17:Generated_Source\PSoC5/isr_2.c **** 
  18:Generated_Source\PSoC5/isr_2.c **** 
  19:Generated_Source\PSoC5/isr_2.c **** #include <cydevice_trm.h>
  20:Generated_Source\PSoC5/isr_2.c **** #include <CyLib.h>
  21:Generated_Source\PSoC5/isr_2.c **** #include <isr_2.h>
  22:Generated_Source\PSoC5/isr_2.c **** #include "cyapicallbacks.h"
  23:Generated_Source\PSoC5/isr_2.c **** 
  24:Generated_Source\PSoC5/isr_2.c **** #if !defined(isr_2__REMOVED) /* Check for removal by optimization */
  25:Generated_Source\PSoC5/isr_2.c **** 
  26:Generated_Source\PSoC5/isr_2.c **** /*******************************************************************************
  27:Generated_Source\PSoC5/isr_2.c **** *  Place your includes, defines and code here 
  28:Generated_Source\PSoC5/isr_2.c **** ********************************************************************************/
  29:Generated_Source\PSoC5/isr_2.c **** /* `#START isr_2_intc` */
  30:Generated_Source\PSoC5/isr_2.c **** #include "project.h"
ARM GAS  C:\Users\tmj32\AppData\Local\Temp\ccUJSuOK.s 			page 2


  31:Generated_Source\PSoC5/isr_2.c **** #include "stdio.h"
  32:Generated_Source\PSoC5/isr_2.c **** /* `#END` */
  33:Generated_Source\PSoC5/isr_2.c **** 
  34:Generated_Source\PSoC5/isr_2.c **** #ifndef CYINT_IRQ_BASE
  35:Generated_Source\PSoC5/isr_2.c **** #define CYINT_IRQ_BASE      16
  36:Generated_Source\PSoC5/isr_2.c **** #endif /* CYINT_IRQ_BASE */
  37:Generated_Source\PSoC5/isr_2.c **** #ifndef CYINT_VECT_TABLE
  38:Generated_Source\PSoC5/isr_2.c **** #define CYINT_VECT_TABLE    ((cyisraddress **) CYREG_NVIC_VECT_OFFSET)
  39:Generated_Source\PSoC5/isr_2.c **** #endif /* CYINT_VECT_TABLE */
  40:Generated_Source\PSoC5/isr_2.c **** 
  41:Generated_Source\PSoC5/isr_2.c **** /* Declared in startup, used to set unused interrupts to. */
  42:Generated_Source\PSoC5/isr_2.c **** CY_ISR_PROTO(IntDefaultHandler);
  43:Generated_Source\PSoC5/isr_2.c **** 
  44:Generated_Source\PSoC5/isr_2.c **** 
  45:Generated_Source\PSoC5/isr_2.c **** /*******************************************************************************
  46:Generated_Source\PSoC5/isr_2.c **** * Function Name: isr_2_Start
  47:Generated_Source\PSoC5/isr_2.c **** ********************************************************************************
  48:Generated_Source\PSoC5/isr_2.c **** *
  49:Generated_Source\PSoC5/isr_2.c **** * Summary:
  50:Generated_Source\PSoC5/isr_2.c **** *  Set up the interrupt and enable it. This function disables the interrupt, 
  51:Generated_Source\PSoC5/isr_2.c **** *  sets the default interrupt vector, sets the priority from the value in the
  52:Generated_Source\PSoC5/isr_2.c **** *  Design Wide Resources Interrupt Editor, then enables the interrupt to the 
  53:Generated_Source\PSoC5/isr_2.c **** *  interrupt controller.
  54:Generated_Source\PSoC5/isr_2.c **** *
  55:Generated_Source\PSoC5/isr_2.c **** * Parameters:  
  56:Generated_Source\PSoC5/isr_2.c **** *   None
  57:Generated_Source\PSoC5/isr_2.c **** *
  58:Generated_Source\PSoC5/isr_2.c **** * Return:
  59:Generated_Source\PSoC5/isr_2.c **** *   None
  60:Generated_Source\PSoC5/isr_2.c **** *
  61:Generated_Source\PSoC5/isr_2.c **** *******************************************************************************/
  62:Generated_Source\PSoC5/isr_2.c **** void isr_2_Start(void)
  63:Generated_Source\PSoC5/isr_2.c **** {
  64:Generated_Source\PSoC5/isr_2.c ****     /* For all we know the interrupt is active. */
  65:Generated_Source\PSoC5/isr_2.c ****     isr_2_Disable();
  66:Generated_Source\PSoC5/isr_2.c **** 
  67:Generated_Source\PSoC5/isr_2.c ****     /* Set the ISR to point to the isr_2 Interrupt. */
  68:Generated_Source\PSoC5/isr_2.c ****     isr_2_SetVector(&isr_2_Interrupt);
  69:Generated_Source\PSoC5/isr_2.c **** 
  70:Generated_Source\PSoC5/isr_2.c ****     /* Set the priority. */
  71:Generated_Source\PSoC5/isr_2.c ****     isr_2_SetPriority((uint8)isr_2_INTC_PRIOR_NUMBER);
  72:Generated_Source\PSoC5/isr_2.c **** 
  73:Generated_Source\PSoC5/isr_2.c ****     /* Enable it. */
  74:Generated_Source\PSoC5/isr_2.c ****     isr_2_Enable();
  75:Generated_Source\PSoC5/isr_2.c **** }
  76:Generated_Source\PSoC5/isr_2.c **** 
  77:Generated_Source\PSoC5/isr_2.c **** 
  78:Generated_Source\PSoC5/isr_2.c **** /*******************************************************************************
  79:Generated_Source\PSoC5/isr_2.c **** * Function Name: isr_2_StartEx
  80:Generated_Source\PSoC5/isr_2.c **** ********************************************************************************
  81:Generated_Source\PSoC5/isr_2.c **** *
  82:Generated_Source\PSoC5/isr_2.c **** * Summary:
  83:Generated_Source\PSoC5/isr_2.c **** *  Sets up the interrupt and enables it. This function disables the interrupt,
  84:Generated_Source\PSoC5/isr_2.c **** *  sets the interrupt vector based on the address passed in, sets the priority 
  85:Generated_Source\PSoC5/isr_2.c **** *  from the value in the Design Wide Resources Interrupt Editor, then enables 
  86:Generated_Source\PSoC5/isr_2.c **** *  the interrupt to the interrupt controller.
  87:Generated_Source\PSoC5/isr_2.c **** *  
ARM GAS  C:\Users\tmj32\AppData\Local\Temp\ccUJSuOK.s 			page 3


  88:Generated_Source\PSoC5/isr_2.c **** *  When defining ISR functions, the CY_ISR and CY_ISR_PROTO macros should be 
  89:Generated_Source\PSoC5/isr_2.c **** *  used to provide consistent definition across compilers:
  90:Generated_Source\PSoC5/isr_2.c **** *  
  91:Generated_Source\PSoC5/isr_2.c **** *  Function definition example:
  92:Generated_Source\PSoC5/isr_2.c **** *   CY_ISR(MyISR)
  93:Generated_Source\PSoC5/isr_2.c **** *   {
  94:Generated_Source\PSoC5/isr_2.c **** *   }
  95:Generated_Source\PSoC5/isr_2.c **** *   Function prototype example:
  96:Generated_Source\PSoC5/isr_2.c **** *   CY_ISR_PROTO(MyISR);
  97:Generated_Source\PSoC5/isr_2.c **** *
  98:Generated_Source\PSoC5/isr_2.c **** * Parameters:  
  99:Generated_Source\PSoC5/isr_2.c **** *   address: Address of the ISR to set in the interrupt vector table.
 100:Generated_Source\PSoC5/isr_2.c **** *
 101:Generated_Source\PSoC5/isr_2.c **** * Return:
 102:Generated_Source\PSoC5/isr_2.c **** *   None
 103:Generated_Source\PSoC5/isr_2.c **** *
 104:Generated_Source\PSoC5/isr_2.c **** *******************************************************************************/
 105:Generated_Source\PSoC5/isr_2.c **** void isr_2_StartEx(cyisraddress address)
 106:Generated_Source\PSoC5/isr_2.c **** {
 107:Generated_Source\PSoC5/isr_2.c ****     /* For all we know the interrupt is active. */
 108:Generated_Source\PSoC5/isr_2.c ****     isr_2_Disable();
 109:Generated_Source\PSoC5/isr_2.c **** 
 110:Generated_Source\PSoC5/isr_2.c ****     /* Set the ISR to point to the isr_2 Interrupt. */
 111:Generated_Source\PSoC5/isr_2.c ****     isr_2_SetVector(address);
 112:Generated_Source\PSoC5/isr_2.c **** 
 113:Generated_Source\PSoC5/isr_2.c ****     /* Set the priority. */
 114:Generated_Source\PSoC5/isr_2.c ****     isr_2_SetPriority((uint8)isr_2_INTC_PRIOR_NUMBER);
 115:Generated_Source\PSoC5/isr_2.c **** 
 116:Generated_Source\PSoC5/isr_2.c ****     /* Enable it. */
 117:Generated_Source\PSoC5/isr_2.c ****     isr_2_Enable();
 118:Generated_Source\PSoC5/isr_2.c **** }
 119:Generated_Source\PSoC5/isr_2.c **** 
 120:Generated_Source\PSoC5/isr_2.c **** 
 121:Generated_Source\PSoC5/isr_2.c **** /*******************************************************************************
 122:Generated_Source\PSoC5/isr_2.c **** * Function Name: isr_2_Stop
 123:Generated_Source\PSoC5/isr_2.c **** ********************************************************************************
 124:Generated_Source\PSoC5/isr_2.c **** *
 125:Generated_Source\PSoC5/isr_2.c **** * Summary:
 126:Generated_Source\PSoC5/isr_2.c **** *   Disables and removes the interrupt.
 127:Generated_Source\PSoC5/isr_2.c **** *
 128:Generated_Source\PSoC5/isr_2.c **** * Parameters:  
 129:Generated_Source\PSoC5/isr_2.c **** *   None
 130:Generated_Source\PSoC5/isr_2.c **** *
 131:Generated_Source\PSoC5/isr_2.c **** * Return:
 132:Generated_Source\PSoC5/isr_2.c **** *   None
 133:Generated_Source\PSoC5/isr_2.c **** *
 134:Generated_Source\PSoC5/isr_2.c **** *******************************************************************************/
 135:Generated_Source\PSoC5/isr_2.c **** void isr_2_Stop(void)
 136:Generated_Source\PSoC5/isr_2.c **** {
 137:Generated_Source\PSoC5/isr_2.c ****     /* Disable this interrupt. */
 138:Generated_Source\PSoC5/isr_2.c ****     isr_2_Disable();
 139:Generated_Source\PSoC5/isr_2.c **** 
 140:Generated_Source\PSoC5/isr_2.c ****     /* Set the ISR to point to the passive one. */
 141:Generated_Source\PSoC5/isr_2.c ****     isr_2_SetVector(&IntDefaultHandler);
 142:Generated_Source\PSoC5/isr_2.c **** }
 143:Generated_Source\PSoC5/isr_2.c **** 
 144:Generated_Source\PSoC5/isr_2.c **** 
ARM GAS  C:\Users\tmj32\AppData\Local\Temp\ccUJSuOK.s 			page 4


 145:Generated_Source\PSoC5/isr_2.c **** /*******************************************************************************
 146:Generated_Source\PSoC5/isr_2.c **** * Function Name: isr_2_Interrupt
 147:Generated_Source\PSoC5/isr_2.c **** ********************************************************************************
 148:Generated_Source\PSoC5/isr_2.c **** *
 149:Generated_Source\PSoC5/isr_2.c **** * Summary:
 150:Generated_Source\PSoC5/isr_2.c **** *   The default Interrupt Service Routine for isr_2.
 151:Generated_Source\PSoC5/isr_2.c **** *
 152:Generated_Source\PSoC5/isr_2.c **** *   Add custom code between the coments to keep the next version of this file
 153:Generated_Source\PSoC5/isr_2.c **** *   from over writting your code.
 154:Generated_Source\PSoC5/isr_2.c **** *
 155:Generated_Source\PSoC5/isr_2.c **** * Parameters:  
 156:Generated_Source\PSoC5/isr_2.c **** *
 157:Generated_Source\PSoC5/isr_2.c **** * Return:
 158:Generated_Source\PSoC5/isr_2.c **** *   None
 159:Generated_Source\PSoC5/isr_2.c **** *
 160:Generated_Source\PSoC5/isr_2.c **** *******************************************************************************/
 161:Generated_Source\PSoC5/isr_2.c **** CY_ISR(isr_2_Interrupt)
 162:Generated_Source\PSoC5/isr_2.c **** {
 163:Generated_Source\PSoC5/isr_2.c ****     #ifdef isr_2_INTERRUPT_INTERRUPT_CALLBACK
 164:Generated_Source\PSoC5/isr_2.c ****         isr_2_Interrupt_InterruptCallback();
 165:Generated_Source\PSoC5/isr_2.c ****     #endif /* isr_2_INTERRUPT_INTERRUPT_CALLBACK */ 
 166:Generated_Source\PSoC5/isr_2.c **** 
 167:Generated_Source\PSoC5/isr_2.c ****     /*  Place your Interrupt code here. */
 168:Generated_Source\PSoC5/isr_2.c ****     /* `#START isr_2_Interrupt` */
 169:Generated_Source\PSoC5/isr_2.c ****     int x = 25;
 170:Generated_Source\PSoC5/isr_2.c ****     char str1[15];
 171:Generated_Source\PSoC5/isr_2.c ****     
 172:Generated_Source\PSoC5/isr_2.c ****     while (x>0)
 173:Generated_Source\PSoC5/isr_2.c ****     {
 174:Generated_Source\PSoC5/isr_2.c ****         PWM_1_WriteCompare(x);
 175:Generated_Source\PSoC5/isr_2.c ****         x = x - 1;
 176:Generated_Source\PSoC5/isr_2.c ****         LCD_ClearDisplay();
 177:Generated_Source\PSoC5/isr_2.c ****         LCD_Position(0,0);
 178:Generated_Source\PSoC5/isr_2.c ****         sprintf(str1, "%d",x );
 179:Generated_Source\PSoC5/isr_2.c ****         LCD_PrintString(str1);
 180:Generated_Source\PSoC5/isr_2.c ****         CyDelay(10);
 181:Generated_Source\PSoC5/isr_2.c ****     }
 182:Generated_Source\PSoC5/isr_2.c ****     
 183:Generated_Source\PSoC5/isr_2.c ****     isr_2_Stop();
 184:Generated_Source\PSoC5/isr_2.c ****     /* `#END` */
 185:Generated_Source\PSoC5/isr_2.c **** }
 186:Generated_Source\PSoC5/isr_2.c **** 
 187:Generated_Source\PSoC5/isr_2.c **** 
 188:Generated_Source\PSoC5/isr_2.c **** /*******************************************************************************
 189:Generated_Source\PSoC5/isr_2.c **** * Function Name: isr_2_SetVector
 190:Generated_Source\PSoC5/isr_2.c **** ********************************************************************************
 191:Generated_Source\PSoC5/isr_2.c **** *
 192:Generated_Source\PSoC5/isr_2.c **** * Summary:
 193:Generated_Source\PSoC5/isr_2.c **** *   Change the ISR vector for the Interrupt. Note calling isr_2_Start
 194:Generated_Source\PSoC5/isr_2.c **** *   will override any effect this method would have had. To set the vector 
 195:Generated_Source\PSoC5/isr_2.c **** *   before the component has been started use isr_2_StartEx instead.
 196:Generated_Source\PSoC5/isr_2.c **** * 
 197:Generated_Source\PSoC5/isr_2.c **** *   When defining ISR functions, the CY_ISR and CY_ISR_PROTO macros should be 
 198:Generated_Source\PSoC5/isr_2.c **** *   used to provide consistent definition across compilers:
 199:Generated_Source\PSoC5/isr_2.c **** *
 200:Generated_Source\PSoC5/isr_2.c **** *   Function definition example:
 201:Generated_Source\PSoC5/isr_2.c **** *   CY_ISR(MyISR)
ARM GAS  C:\Users\tmj32\AppData\Local\Temp\ccUJSuOK.s 			page 5


 202:Generated_Source\PSoC5/isr_2.c **** *   {
 203:Generated_Source\PSoC5/isr_2.c **** *   }
 204:Generated_Source\PSoC5/isr_2.c **** *
 205:Generated_Source\PSoC5/isr_2.c **** *   Function prototype example:
 206:Generated_Source\PSoC5/isr_2.c **** *     CY_ISR_PROTO(MyISR);
 207:Generated_Source\PSoC5/isr_2.c **** *
 208:Generated_Source\PSoC5/isr_2.c **** * Parameters:
 209:Generated_Source\PSoC5/isr_2.c **** *   address: Address of the ISR to set in the interrupt vector table.
 210:Generated_Source\PSoC5/isr_2.c **** *
 211:Generated_Source\PSoC5/isr_2.c **** * Return:
 212:Generated_Source\PSoC5/isr_2.c **** *   None
 213:Generated_Source\PSoC5/isr_2.c **** *
 214:Generated_Source\PSoC5/isr_2.c **** *******************************************************************************/
 215:Generated_Source\PSoC5/isr_2.c **** void isr_2_SetVector(cyisraddress address)
 216:Generated_Source\PSoC5/isr_2.c **** {
  28              		.loc 1 216 0
  29              		.cfi_startproc
  30              		@ args = 0, pretend = 0, frame = 0
  31              		@ frame_needed = 0, uses_anonymous_args = 0
  32              		@ link register save eliminated.
  33              	.LVL0:
 217:Generated_Source\PSoC5/isr_2.c ****     cyisraddress * ramVectorTable;
 218:Generated_Source\PSoC5/isr_2.c **** 
 219:Generated_Source\PSoC5/isr_2.c ****     ramVectorTable = (cyisraddress *) *CYINT_VECT_TABLE;
  34              		.loc 1 219 0
  35 0000 014B     		ldr	r3, .L2
  36 0002 1B68     		ldr	r3, [r3]
  37              	.LVL1:
 220:Generated_Source\PSoC5/isr_2.c **** 
 221:Generated_Source\PSoC5/isr_2.c ****     ramVectorTable[CYINT_IRQ_BASE + (uint32)isr_2__INTC_NUMBER] = address;
  38              		.loc 1 221 0
  39 0004 5864     		str	r0, [r3, #68]
  40 0006 7047     		bx	lr
  41              	.L3:
  42              		.align	2
  43              	.L2:
  44 0008 08ED00E0 		.word	-536810232
  45              		.cfi_endproc
  46              	.LFE68:
  47              		.size	isr_2_SetVector, .-isr_2_SetVector
  48              		.section	.text.isr_2_GetVector,"ax",%progbits
  49              		.align	2
  50              		.global	isr_2_GetVector
  51              		.thumb
  52              		.thumb_func
  53              		.type	isr_2_GetVector, %function
  54              	isr_2_GetVector:
  55              	.LFB69:
 222:Generated_Source\PSoC5/isr_2.c **** }
 223:Generated_Source\PSoC5/isr_2.c **** 
 224:Generated_Source\PSoC5/isr_2.c **** 
 225:Generated_Source\PSoC5/isr_2.c **** /*******************************************************************************
 226:Generated_Source\PSoC5/isr_2.c **** * Function Name: isr_2_GetVector
 227:Generated_Source\PSoC5/isr_2.c **** ********************************************************************************
 228:Generated_Source\PSoC5/isr_2.c **** *
 229:Generated_Source\PSoC5/isr_2.c **** * Summary:
 230:Generated_Source\PSoC5/isr_2.c **** *   Gets the "address" of the current ISR vector for the Interrupt.
ARM GAS  C:\Users\tmj32\AppData\Local\Temp\ccUJSuOK.s 			page 6


 231:Generated_Source\PSoC5/isr_2.c **** *
 232:Generated_Source\PSoC5/isr_2.c **** * Parameters:
 233:Generated_Source\PSoC5/isr_2.c **** *   None
 234:Generated_Source\PSoC5/isr_2.c **** *
 235:Generated_Source\PSoC5/isr_2.c **** * Return:
 236:Generated_Source\PSoC5/isr_2.c **** *   Address of the ISR in the interrupt vector table.
 237:Generated_Source\PSoC5/isr_2.c **** *
 238:Generated_Source\PSoC5/isr_2.c **** *******************************************************************************/
 239:Generated_Source\PSoC5/isr_2.c **** cyisraddress isr_2_GetVector(void)
 240:Generated_Source\PSoC5/isr_2.c **** {
  56              		.loc 1 240 0
  57              		.cfi_startproc
  58              		@ args = 0, pretend = 0, frame = 0
  59              		@ frame_needed = 0, uses_anonymous_args = 0
  60              		@ link register save eliminated.
 241:Generated_Source\PSoC5/isr_2.c ****     cyisraddress * ramVectorTable;
 242:Generated_Source\PSoC5/isr_2.c **** 
 243:Generated_Source\PSoC5/isr_2.c ****     ramVectorTable = (cyisraddress *) *CYINT_VECT_TABLE;
  61              		.loc 1 243 0
  62 0000 014B     		ldr	r3, .L5
  63 0002 1B68     		ldr	r3, [r3]
  64              	.LVL2:
 244:Generated_Source\PSoC5/isr_2.c **** 
 245:Generated_Source\PSoC5/isr_2.c ****     return ramVectorTable[CYINT_IRQ_BASE + (uint32)isr_2__INTC_NUMBER];
 246:Generated_Source\PSoC5/isr_2.c **** }
  65              		.loc 1 246 0
  66 0004 586C     		ldr	r0, [r3, #68]
  67 0006 7047     		bx	lr
  68              	.L6:
  69              		.align	2
  70              	.L5:
  71 0008 08ED00E0 		.word	-536810232
  72              		.cfi_endproc
  73              	.LFE69:
  74              		.size	isr_2_GetVector, .-isr_2_GetVector
  75              		.section	.text.isr_2_SetPriority,"ax",%progbits
  76              		.align	2
  77              		.global	isr_2_SetPriority
  78              		.thumb
  79              		.thumb_func
  80              		.type	isr_2_SetPriority, %function
  81              	isr_2_SetPriority:
  82              	.LFB70:
 247:Generated_Source\PSoC5/isr_2.c **** 
 248:Generated_Source\PSoC5/isr_2.c **** 
 249:Generated_Source\PSoC5/isr_2.c **** /*******************************************************************************
 250:Generated_Source\PSoC5/isr_2.c **** * Function Name: isr_2_SetPriority
 251:Generated_Source\PSoC5/isr_2.c **** ********************************************************************************
 252:Generated_Source\PSoC5/isr_2.c **** *
 253:Generated_Source\PSoC5/isr_2.c **** * Summary:
 254:Generated_Source\PSoC5/isr_2.c **** *   Sets the Priority of the Interrupt. 
 255:Generated_Source\PSoC5/isr_2.c **** *
 256:Generated_Source\PSoC5/isr_2.c **** *   Note calling isr_2_Start or isr_2_StartEx will 
 257:Generated_Source\PSoC5/isr_2.c **** *   override any effect this API would have had. This API should only be called
 258:Generated_Source\PSoC5/isr_2.c **** *   after isr_2_Start or isr_2_StartEx has been called. 
 259:Generated_Source\PSoC5/isr_2.c **** *   To set the initial priority for the component, use the Design-Wide Resources
 260:Generated_Source\PSoC5/isr_2.c **** *   Interrupt Editor.
ARM GAS  C:\Users\tmj32\AppData\Local\Temp\ccUJSuOK.s 			page 7


 261:Generated_Source\PSoC5/isr_2.c **** *
 262:Generated_Source\PSoC5/isr_2.c **** *   Note This API has no effect on Non-maskable interrupt NMI).
 263:Generated_Source\PSoC5/isr_2.c **** *
 264:Generated_Source\PSoC5/isr_2.c **** * Parameters:
 265:Generated_Source\PSoC5/isr_2.c **** *   priority: Priority of the interrupt, 0 being the highest priority
 266:Generated_Source\PSoC5/isr_2.c **** *             PSoC 3 and PSoC 5LP: Priority is from 0 to 7.
 267:Generated_Source\PSoC5/isr_2.c **** *             PSoC 4: Priority is from 0 to 3.
 268:Generated_Source\PSoC5/isr_2.c **** *
 269:Generated_Source\PSoC5/isr_2.c **** * Return:
 270:Generated_Source\PSoC5/isr_2.c **** *   None
 271:Generated_Source\PSoC5/isr_2.c **** *
 272:Generated_Source\PSoC5/isr_2.c **** *******************************************************************************/
 273:Generated_Source\PSoC5/isr_2.c **** void isr_2_SetPriority(uint8 priority)
 274:Generated_Source\PSoC5/isr_2.c **** {
  83              		.loc 1 274 0
  84              		.cfi_startproc
  85              		@ args = 0, pretend = 0, frame = 0
  86              		@ frame_needed = 0, uses_anonymous_args = 0
  87              		@ link register save eliminated.
  88              	.LVL3:
 275:Generated_Source\PSoC5/isr_2.c ****     *isr_2_INTC_PRIOR = priority << 5;
  89              		.loc 1 275 0
  90 0000 4001     		lsls	r0, r0, #5
  91              	.LVL4:
  92 0002 C0B2     		uxtb	r0, r0
  93 0004 014B     		ldr	r3, .L8
  94 0006 1870     		strb	r0, [r3]
  95 0008 7047     		bx	lr
  96              	.L9:
  97 000a 00BF     		.align	2
  98              	.L8:
  99 000c 01E400E0 		.word	-536812543
 100              		.cfi_endproc
 101              	.LFE70:
 102              		.size	isr_2_SetPriority, .-isr_2_SetPriority
 103              		.section	.text.isr_2_GetPriority,"ax",%progbits
 104              		.align	2
 105              		.global	isr_2_GetPriority
 106              		.thumb
 107              		.thumb_func
 108              		.type	isr_2_GetPriority, %function
 109              	isr_2_GetPriority:
 110              	.LFB71:
 276:Generated_Source\PSoC5/isr_2.c **** }
 277:Generated_Source\PSoC5/isr_2.c **** 
 278:Generated_Source\PSoC5/isr_2.c **** 
 279:Generated_Source\PSoC5/isr_2.c **** /*******************************************************************************
 280:Generated_Source\PSoC5/isr_2.c **** * Function Name: isr_2_GetPriority
 281:Generated_Source\PSoC5/isr_2.c **** ********************************************************************************
 282:Generated_Source\PSoC5/isr_2.c **** *
 283:Generated_Source\PSoC5/isr_2.c **** * Summary:
 284:Generated_Source\PSoC5/isr_2.c **** *   Gets the Priority of the Interrupt.
 285:Generated_Source\PSoC5/isr_2.c **** *
 286:Generated_Source\PSoC5/isr_2.c **** * Parameters:
 287:Generated_Source\PSoC5/isr_2.c **** *   None
 288:Generated_Source\PSoC5/isr_2.c **** *
 289:Generated_Source\PSoC5/isr_2.c **** * Return:
ARM GAS  C:\Users\tmj32\AppData\Local\Temp\ccUJSuOK.s 			page 8


 290:Generated_Source\PSoC5/isr_2.c **** *   Priority of the interrupt, 0 being the highest priority
 291:Generated_Source\PSoC5/isr_2.c **** *    PSoC 3 and PSoC 5LP: Priority is from 0 to 7.
 292:Generated_Source\PSoC5/isr_2.c **** *    PSoC 4: Priority is from 0 to 3.
 293:Generated_Source\PSoC5/isr_2.c **** *
 294:Generated_Source\PSoC5/isr_2.c **** *******************************************************************************/
 295:Generated_Source\PSoC5/isr_2.c **** uint8 isr_2_GetPriority(void)
 296:Generated_Source\PSoC5/isr_2.c **** {
 111              		.loc 1 296 0
 112              		.cfi_startproc
 113              		@ args = 0, pretend = 0, frame = 0
 114              		@ frame_needed = 0, uses_anonymous_args = 0
 115              		@ link register save eliminated.
 297:Generated_Source\PSoC5/isr_2.c ****     uint8 priority;
 298:Generated_Source\PSoC5/isr_2.c **** 
 299:Generated_Source\PSoC5/isr_2.c **** 
 300:Generated_Source\PSoC5/isr_2.c ****     priority = *isr_2_INTC_PRIOR >> 5;
 116              		.loc 1 300 0
 117 0000 014B     		ldr	r3, .L11
 118 0002 1878     		ldrb	r0, [r3]	@ zero_extendqisi2
 119              	.LVL5:
 301:Generated_Source\PSoC5/isr_2.c **** 
 302:Generated_Source\PSoC5/isr_2.c ****     return priority;
 303:Generated_Source\PSoC5/isr_2.c **** }
 120              		.loc 1 303 0
 121 0004 4009     		lsrs	r0, r0, #5
 122              	.LVL6:
 123 0006 7047     		bx	lr
 124              	.L12:
 125              		.align	2
 126              	.L11:
 127 0008 01E400E0 		.word	-536812543
 128              		.cfi_endproc
 129              	.LFE71:
 130              		.size	isr_2_GetPriority, .-isr_2_GetPriority
 131              		.section	.text.isr_2_Enable,"ax",%progbits
 132              		.align	2
 133              		.global	isr_2_Enable
 134              		.thumb
 135              		.thumb_func
 136              		.type	isr_2_Enable, %function
 137              	isr_2_Enable:
 138              	.LFB72:
 304:Generated_Source\PSoC5/isr_2.c **** 
 305:Generated_Source\PSoC5/isr_2.c **** 
 306:Generated_Source\PSoC5/isr_2.c **** /*******************************************************************************
 307:Generated_Source\PSoC5/isr_2.c **** * Function Name: isr_2_Enable
 308:Generated_Source\PSoC5/isr_2.c **** ********************************************************************************
 309:Generated_Source\PSoC5/isr_2.c **** *
 310:Generated_Source\PSoC5/isr_2.c **** * Summary:
 311:Generated_Source\PSoC5/isr_2.c **** *   Enables the interrupt to the interrupt controller. Do not call this function
 312:Generated_Source\PSoC5/isr_2.c **** *   unless ISR_Start() has been called or the functionality of the ISR_Start() 
 313:Generated_Source\PSoC5/isr_2.c **** *   function, which sets the vector and the priority, has been called.
 314:Generated_Source\PSoC5/isr_2.c **** *
 315:Generated_Source\PSoC5/isr_2.c **** * Parameters:
 316:Generated_Source\PSoC5/isr_2.c **** *   None
 317:Generated_Source\PSoC5/isr_2.c **** *
 318:Generated_Source\PSoC5/isr_2.c **** * Return:
ARM GAS  C:\Users\tmj32\AppData\Local\Temp\ccUJSuOK.s 			page 9


 319:Generated_Source\PSoC5/isr_2.c **** *   None
 320:Generated_Source\PSoC5/isr_2.c **** *
 321:Generated_Source\PSoC5/isr_2.c **** *******************************************************************************/
 322:Generated_Source\PSoC5/isr_2.c **** void isr_2_Enable(void)
 323:Generated_Source\PSoC5/isr_2.c **** {
 139              		.loc 1 323 0
 140              		.cfi_startproc
 141              		@ args = 0, pretend = 0, frame = 0
 142              		@ frame_needed = 0, uses_anonymous_args = 0
 143              		@ link register save eliminated.
 324:Generated_Source\PSoC5/isr_2.c ****     /* Enable the general interrupt. */
 325:Generated_Source\PSoC5/isr_2.c ****     *isr_2_INTC_SET_EN = isr_2__INTC_MASK;
 144              		.loc 1 325 0
 145 0000 0222     		movs	r2, #2
 146 0002 014B     		ldr	r3, .L14
 147 0004 1A60     		str	r2, [r3]
 148 0006 7047     		bx	lr
 149              	.L15:
 150              		.align	2
 151              	.L14:
 152 0008 00E100E0 		.word	-536813312
 153              		.cfi_endproc
 154              	.LFE72:
 155              		.size	isr_2_Enable, .-isr_2_Enable
 156              		.section	.text.isr_2_GetState,"ax",%progbits
 157              		.align	2
 158              		.global	isr_2_GetState
 159              		.thumb
 160              		.thumb_func
 161              		.type	isr_2_GetState, %function
 162              	isr_2_GetState:
 163              	.LFB73:
 326:Generated_Source\PSoC5/isr_2.c **** }
 327:Generated_Source\PSoC5/isr_2.c **** 
 328:Generated_Source\PSoC5/isr_2.c **** 
 329:Generated_Source\PSoC5/isr_2.c **** /*******************************************************************************
 330:Generated_Source\PSoC5/isr_2.c **** * Function Name: isr_2_GetState
 331:Generated_Source\PSoC5/isr_2.c **** ********************************************************************************
 332:Generated_Source\PSoC5/isr_2.c **** *
 333:Generated_Source\PSoC5/isr_2.c **** * Summary:
 334:Generated_Source\PSoC5/isr_2.c **** *   Gets the state (enabled, disabled) of the Interrupt.
 335:Generated_Source\PSoC5/isr_2.c **** *
 336:Generated_Source\PSoC5/isr_2.c **** * Parameters:
 337:Generated_Source\PSoC5/isr_2.c **** *   None
 338:Generated_Source\PSoC5/isr_2.c **** *
 339:Generated_Source\PSoC5/isr_2.c **** * Return:
 340:Generated_Source\PSoC5/isr_2.c **** *   1 if enabled, 0 if disabled.
 341:Generated_Source\PSoC5/isr_2.c **** *
 342:Generated_Source\PSoC5/isr_2.c **** *******************************************************************************/
 343:Generated_Source\PSoC5/isr_2.c **** uint8 isr_2_GetState(void)
 344:Generated_Source\PSoC5/isr_2.c **** {
 164              		.loc 1 344 0
 165              		.cfi_startproc
 166              		@ args = 0, pretend = 0, frame = 0
 167              		@ frame_needed = 0, uses_anonymous_args = 0
 168              		@ link register save eliminated.
 345:Generated_Source\PSoC5/isr_2.c ****     /* Get the state of the general interrupt. */
ARM GAS  C:\Users\tmj32\AppData\Local\Temp\ccUJSuOK.s 			page 10


 346:Generated_Source\PSoC5/isr_2.c ****     return ((*isr_2_INTC_SET_EN & (uint32)isr_2__INTC_MASK) != 0u) ? 1u:0u;
 169              		.loc 1 346 0
 170 0000 044B     		ldr	r3, .L19
 171 0002 1B68     		ldr	r3, [r3]
 172 0004 13F0020F 		tst	r3, #2
 173 0008 01D0     		beq	.L18
 174 000a 0120     		movs	r0, #1
 175 000c 7047     		bx	lr
 176              	.L18:
 177 000e 0020     		movs	r0, #0
 347:Generated_Source\PSoC5/isr_2.c **** }
 178              		.loc 1 347 0
 179 0010 7047     		bx	lr
 180              	.L20:
 181 0012 00BF     		.align	2
 182              	.L19:
 183 0014 00E100E0 		.word	-536813312
 184              		.cfi_endproc
 185              	.LFE73:
 186              		.size	isr_2_GetState, .-isr_2_GetState
 187              		.section	.text.isr_2_Disable,"ax",%progbits
 188              		.align	2
 189              		.global	isr_2_Disable
 190              		.thumb
 191              		.thumb_func
 192              		.type	isr_2_Disable, %function
 193              	isr_2_Disable:
 194              	.LFB74:
 348:Generated_Source\PSoC5/isr_2.c **** 
 349:Generated_Source\PSoC5/isr_2.c **** 
 350:Generated_Source\PSoC5/isr_2.c **** /*******************************************************************************
 351:Generated_Source\PSoC5/isr_2.c **** * Function Name: isr_2_Disable
 352:Generated_Source\PSoC5/isr_2.c **** ********************************************************************************
 353:Generated_Source\PSoC5/isr_2.c **** *
 354:Generated_Source\PSoC5/isr_2.c **** * Summary:
 355:Generated_Source\PSoC5/isr_2.c **** *   Disables the Interrupt in the interrupt controller.
 356:Generated_Source\PSoC5/isr_2.c **** *
 357:Generated_Source\PSoC5/isr_2.c **** * Parameters:
 358:Generated_Source\PSoC5/isr_2.c **** *   None
 359:Generated_Source\PSoC5/isr_2.c **** *
 360:Generated_Source\PSoC5/isr_2.c **** * Return:
 361:Generated_Source\PSoC5/isr_2.c **** *   None
 362:Generated_Source\PSoC5/isr_2.c **** *
 363:Generated_Source\PSoC5/isr_2.c **** *******************************************************************************/
 364:Generated_Source\PSoC5/isr_2.c **** void isr_2_Disable(void)
 365:Generated_Source\PSoC5/isr_2.c **** {
 195              		.loc 1 365 0
 196              		.cfi_startproc
 197              		@ args = 0, pretend = 0, frame = 0
 198              		@ frame_needed = 0, uses_anonymous_args = 0
 199              		@ link register save eliminated.
 366:Generated_Source\PSoC5/isr_2.c ****     /* Disable the general interrupt. */
 367:Generated_Source\PSoC5/isr_2.c ****     *isr_2_INTC_CLR_EN = isr_2__INTC_MASK;
 200              		.loc 1 367 0
 201 0000 0222     		movs	r2, #2
 202 0002 014B     		ldr	r3, .L22
 203 0004 1A60     		str	r2, [r3]
ARM GAS  C:\Users\tmj32\AppData\Local\Temp\ccUJSuOK.s 			page 11


 204 0006 7047     		bx	lr
 205              	.L23:
 206              		.align	2
 207              	.L22:
 208 0008 80E100E0 		.word	-536813184
 209              		.cfi_endproc
 210              	.LFE74:
 211              		.size	isr_2_Disable, .-isr_2_Disable
 212              		.section	.text.isr_2_Start,"ax",%progbits
 213              		.align	2
 214              		.global	isr_2_Start
 215              		.thumb
 216              		.thumb_func
 217              		.type	isr_2_Start, %function
 218              	isr_2_Start:
 219              	.LFB64:
  63:Generated_Source\PSoC5/isr_2.c ****     /* For all we know the interrupt is active. */
 220              		.loc 1 63 0
 221              		.cfi_startproc
 222              		@ args = 0, pretend = 0, frame = 0
 223              		@ frame_needed = 0, uses_anonymous_args = 0
 224 0000 08B5     		push	{r3, lr}
 225              		.cfi_def_cfa_offset 8
 226              		.cfi_offset 3, -8
 227              		.cfi_offset 14, -4
  65:Generated_Source\PSoC5/isr_2.c **** 
 228              		.loc 1 65 0
 229 0002 FFF7FEFF 		bl	isr_2_Disable
 230              	.LVL7:
  68:Generated_Source\PSoC5/isr_2.c **** 
 231              		.loc 1 68 0
 232 0006 0448     		ldr	r0, .L26
 233 0008 FFF7FEFF 		bl	isr_2_SetVector
 234              	.LVL8:
  71:Generated_Source\PSoC5/isr_2.c **** 
 235              		.loc 1 71 0
 236 000c 0720     		movs	r0, #7
 237 000e FFF7FEFF 		bl	isr_2_SetPriority
 238              	.LVL9:
  74:Generated_Source\PSoC5/isr_2.c **** }
 239              		.loc 1 74 0
 240 0012 FFF7FEFF 		bl	isr_2_Enable
 241              	.LVL10:
 242 0016 08BD     		pop	{r3, pc}
 243              	.L27:
 244              		.align	2
 245              	.L26:
 246 0018 00000000 		.word	isr_2_Interrupt
 247              		.cfi_endproc
 248              	.LFE64:
 249              		.size	isr_2_Start, .-isr_2_Start
 250              		.section	.text.isr_2_StartEx,"ax",%progbits
 251              		.align	2
 252              		.global	isr_2_StartEx
 253              		.thumb
 254              		.thumb_func
 255              		.type	isr_2_StartEx, %function
ARM GAS  C:\Users\tmj32\AppData\Local\Temp\ccUJSuOK.s 			page 12


 256              	isr_2_StartEx:
 257              	.LFB65:
 106:Generated_Source\PSoC5/isr_2.c ****     /* For all we know the interrupt is active. */
 258              		.loc 1 106 0
 259              		.cfi_startproc
 260              		@ args = 0, pretend = 0, frame = 0
 261              		@ frame_needed = 0, uses_anonymous_args = 0
 262              	.LVL11:
 263 0000 10B5     		push	{r4, lr}
 264              		.cfi_def_cfa_offset 8
 265              		.cfi_offset 4, -8
 266              		.cfi_offset 14, -4
 267 0002 0446     		mov	r4, r0
 108:Generated_Source\PSoC5/isr_2.c **** 
 268              		.loc 1 108 0
 269 0004 FFF7FEFF 		bl	isr_2_Disable
 270              	.LVL12:
 111:Generated_Source\PSoC5/isr_2.c **** 
 271              		.loc 1 111 0
 272 0008 2046     		mov	r0, r4
 273 000a FFF7FEFF 		bl	isr_2_SetVector
 274              	.LVL13:
 114:Generated_Source\PSoC5/isr_2.c **** 
 275              		.loc 1 114 0
 276 000e 0720     		movs	r0, #7
 277 0010 FFF7FEFF 		bl	isr_2_SetPriority
 278              	.LVL14:
 117:Generated_Source\PSoC5/isr_2.c **** }
 279              		.loc 1 117 0
 280 0014 FFF7FEFF 		bl	isr_2_Enable
 281              	.LVL15:
 282 0018 10BD     		pop	{r4, pc}
 283              		.cfi_endproc
 284              	.LFE65:
 285              		.size	isr_2_StartEx, .-isr_2_StartEx
 286 001a 00BF     		.section	.text.isr_2_Stop,"ax",%progbits
 287              		.align	2
 288              		.global	isr_2_Stop
 289              		.thumb
 290              		.thumb_func
 291              		.type	isr_2_Stop, %function
 292              	isr_2_Stop:
 293              	.LFB66:
 136:Generated_Source\PSoC5/isr_2.c ****     /* Disable this interrupt. */
 294              		.loc 1 136 0
 295              		.cfi_startproc
 296              		@ args = 0, pretend = 0, frame = 0
 297              		@ frame_needed = 0, uses_anonymous_args = 0
 298 0000 08B5     		push	{r3, lr}
 299              		.cfi_def_cfa_offset 8
 300              		.cfi_offset 3, -8
 301              		.cfi_offset 14, -4
 138:Generated_Source\PSoC5/isr_2.c **** 
 302              		.loc 1 138 0
 303 0002 FFF7FEFF 		bl	isr_2_Disable
 304              	.LVL16:
 141:Generated_Source\PSoC5/isr_2.c **** }
ARM GAS  C:\Users\tmj32\AppData\Local\Temp\ccUJSuOK.s 			page 13


 305              		.loc 1 141 0
 306 0006 0248     		ldr	r0, .L32
 307 0008 FFF7FEFF 		bl	isr_2_SetVector
 308              	.LVL17:
 309 000c 08BD     		pop	{r3, pc}
 310              	.L33:
 311 000e 00BF     		.align	2
 312              	.L32:
 313 0010 00000000 		.word	IntDefaultHandler
 314              		.cfi_endproc
 315              	.LFE66:
 316              		.size	isr_2_Stop, .-isr_2_Stop
 317              		.section	.text.isr_2_Interrupt,"ax",%progbits
 318              		.align	2
 319              		.global	isr_2_Interrupt
 320              		.thumb
 321              		.thumb_func
 322              		.type	isr_2_Interrupt, %function
 323              	isr_2_Interrupt:
 324              	.LFB67:
 162:Generated_Source\PSoC5/isr_2.c ****     #ifdef isr_2_INTERRUPT_INTERRUPT_CALLBACK
 325              		.loc 1 162 0
 326              		.cfi_startproc
 327              		@ args = 0, pretend = 0, frame = 16
 328              		@ frame_needed = 0, uses_anonymous_args = 0
 329 0000 10B5     		push	{r4, lr}
 330              		.cfi_def_cfa_offset 8
 331              		.cfi_offset 4, -8
 332              		.cfi_offset 14, -4
 333 0002 84B0     		sub	sp, sp, #16
 334              		.cfi_def_cfa_offset 24
 335              	.LVL18:
 169:Generated_Source\PSoC5/isr_2.c ****     char str1[15];
 336              		.loc 1 169 0
 337 0004 1924     		movs	r4, #25
 172:Generated_Source\PSoC5/isr_2.c ****     {
 338              		.loc 1 172 0
 339 0006 15E0     		b	.L35
 340              	.LVL19:
 341              	.L36:
 174:Generated_Source\PSoC5/isr_2.c ****         x = x - 1;
 342              		.loc 1 174 0
 343 0008 E0B2     		uxtb	r0, r4
 344 000a FFF7FEFF 		bl	PWM_1_WriteCompare
 345              	.LVL20:
 175:Generated_Source\PSoC5/isr_2.c ****         LCD_ClearDisplay();
 346              		.loc 1 175 0
 347 000e 013C     		subs	r4, r4, #1
 348              	.LVL21:
 176:Generated_Source\PSoC5/isr_2.c ****         LCD_Position(0,0);
 349              		.loc 1 176 0
 350 0010 0120     		movs	r0, #1
 351 0012 FFF7FEFF 		bl	LCD_WriteControl
 352              	.LVL22:
 177:Generated_Source\PSoC5/isr_2.c ****         sprintf(str1, "%d",x );
 353              		.loc 1 177 0
 354 0016 0021     		movs	r1, #0
ARM GAS  C:\Users\tmj32\AppData\Local\Temp\ccUJSuOK.s 			page 14


 355 0018 0846     		mov	r0, r1
 356 001a FFF7FEFF 		bl	LCD_Position
 357              	.LVL23:
 178:Generated_Source\PSoC5/isr_2.c ****         LCD_PrintString(str1);
 358              		.loc 1 178 0
 359 001e 2246     		mov	r2, r4
 360 0020 0749     		ldr	r1, .L38
 361 0022 6846     		mov	r0, sp
 362 0024 FFF7FEFF 		bl	sprintf
 363              	.LVL24:
 179:Generated_Source\PSoC5/isr_2.c ****         CyDelay(10);
 364              		.loc 1 179 0
 365 0028 6846     		mov	r0, sp
 366 002a FFF7FEFF 		bl	LCD_PrintString
 367              	.LVL25:
 180:Generated_Source\PSoC5/isr_2.c ****     }
 368              		.loc 1 180 0
 369 002e 0A20     		movs	r0, #10
 370 0030 FFF7FEFF 		bl	CyDelay
 371              	.LVL26:
 372              	.L35:
 172:Generated_Source\PSoC5/isr_2.c ****     {
 373              		.loc 1 172 0
 374 0034 002C     		cmp	r4, #0
 375 0036 E7DC     		bgt	.L36
 183:Generated_Source\PSoC5/isr_2.c ****     /* `#END` */
 376              		.loc 1 183 0
 377 0038 FFF7FEFF 		bl	isr_2_Stop
 378              	.LVL27:
 185:Generated_Source\PSoC5/isr_2.c **** 
 379              		.loc 1 185 0
 380 003c 04B0     		add	sp, sp, #16
 381              		.cfi_def_cfa_offset 8
 382              		@ sp needed
 383 003e 10BD     		pop	{r4, pc}
 384              	.LVL28:
 385              	.L39:
 386              		.align	2
 387              	.L38:
 388 0040 00000000 		.word	.LC0
 389              		.cfi_endproc
 390              	.LFE67:
 391              		.size	isr_2_Interrupt, .-isr_2_Interrupt
 392              		.section	.text.isr_2_SetPending,"ax",%progbits
 393              		.align	2
 394              		.global	isr_2_SetPending
 395              		.thumb
 396              		.thumb_func
 397              		.type	isr_2_SetPending, %function
 398              	isr_2_SetPending:
 399              	.LFB75:
 368:Generated_Source\PSoC5/isr_2.c **** }
 369:Generated_Source\PSoC5/isr_2.c **** 
 370:Generated_Source\PSoC5/isr_2.c **** 
 371:Generated_Source\PSoC5/isr_2.c **** /*******************************************************************************
 372:Generated_Source\PSoC5/isr_2.c **** * Function Name: isr_2_SetPending
 373:Generated_Source\PSoC5/isr_2.c **** ********************************************************************************
ARM GAS  C:\Users\tmj32\AppData\Local\Temp\ccUJSuOK.s 			page 15


 374:Generated_Source\PSoC5/isr_2.c **** *
 375:Generated_Source\PSoC5/isr_2.c **** * Summary:
 376:Generated_Source\PSoC5/isr_2.c **** *   Causes the Interrupt to enter the pending state, a software method of
 377:Generated_Source\PSoC5/isr_2.c **** *   generating the interrupt.
 378:Generated_Source\PSoC5/isr_2.c **** *
 379:Generated_Source\PSoC5/isr_2.c **** * Parameters:
 380:Generated_Source\PSoC5/isr_2.c **** *   None
 381:Generated_Source\PSoC5/isr_2.c **** *
 382:Generated_Source\PSoC5/isr_2.c **** * Return:
 383:Generated_Source\PSoC5/isr_2.c **** *   None
 384:Generated_Source\PSoC5/isr_2.c **** *
 385:Generated_Source\PSoC5/isr_2.c **** * Side Effects:
 386:Generated_Source\PSoC5/isr_2.c **** *   If interrupts are enabled and the interrupt is set up properly, the ISR is
 387:Generated_Source\PSoC5/isr_2.c **** *   entered (depending on the priority of this interrupt and other pending 
 388:Generated_Source\PSoC5/isr_2.c **** *   interrupts).
 389:Generated_Source\PSoC5/isr_2.c **** *
 390:Generated_Source\PSoC5/isr_2.c **** *******************************************************************************/
 391:Generated_Source\PSoC5/isr_2.c **** void isr_2_SetPending(void)
 392:Generated_Source\PSoC5/isr_2.c **** {
 400              		.loc 1 392 0
 401              		.cfi_startproc
 402              		@ args = 0, pretend = 0, frame = 0
 403              		@ frame_needed = 0, uses_anonymous_args = 0
 404              		@ link register save eliminated.
 393:Generated_Source\PSoC5/isr_2.c ****     *isr_2_INTC_SET_PD = isr_2__INTC_MASK;
 405              		.loc 1 393 0
 406 0000 0222     		movs	r2, #2
 407 0002 014B     		ldr	r3, .L41
 408 0004 1A60     		str	r2, [r3]
 409 0006 7047     		bx	lr
 410              	.L42:
 411              		.align	2
 412              	.L41:
 413 0008 00E200E0 		.word	-536813056
 414              		.cfi_endproc
 415              	.LFE75:
 416              		.size	isr_2_SetPending, .-isr_2_SetPending
 417              		.section	.text.isr_2_ClearPending,"ax",%progbits
 418              		.align	2
 419              		.global	isr_2_ClearPending
 420              		.thumb
 421              		.thumb_func
 422              		.type	isr_2_ClearPending, %function
 423              	isr_2_ClearPending:
 424              	.LFB76:
 394:Generated_Source\PSoC5/isr_2.c **** }
 395:Generated_Source\PSoC5/isr_2.c **** 
 396:Generated_Source\PSoC5/isr_2.c **** 
 397:Generated_Source\PSoC5/isr_2.c **** /*******************************************************************************
 398:Generated_Source\PSoC5/isr_2.c **** * Function Name: isr_2_ClearPending
 399:Generated_Source\PSoC5/isr_2.c **** ********************************************************************************
 400:Generated_Source\PSoC5/isr_2.c **** *
 401:Generated_Source\PSoC5/isr_2.c **** * Summary:
 402:Generated_Source\PSoC5/isr_2.c **** *   Clears a pending interrupt in the interrupt controller.
 403:Generated_Source\PSoC5/isr_2.c **** *
 404:Generated_Source\PSoC5/isr_2.c **** *   Note Some interrupt sources are clear-on-read and require the block 
 405:Generated_Source\PSoC5/isr_2.c **** *   interrupt/status register to be read/cleared with the appropriate block API 
ARM GAS  C:\Users\tmj32\AppData\Local\Temp\ccUJSuOK.s 			page 16


 406:Generated_Source\PSoC5/isr_2.c **** *   (GPIO, UART, and so on). Otherwise the ISR will continue to remain in 
 407:Generated_Source\PSoC5/isr_2.c **** *   pending state even though the interrupt itself is cleared using this API.
 408:Generated_Source\PSoC5/isr_2.c **** *
 409:Generated_Source\PSoC5/isr_2.c **** * Parameters:
 410:Generated_Source\PSoC5/isr_2.c **** *   None
 411:Generated_Source\PSoC5/isr_2.c **** *
 412:Generated_Source\PSoC5/isr_2.c **** * Return:
 413:Generated_Source\PSoC5/isr_2.c **** *   None
 414:Generated_Source\PSoC5/isr_2.c **** *
 415:Generated_Source\PSoC5/isr_2.c **** *******************************************************************************/
 416:Generated_Source\PSoC5/isr_2.c **** void isr_2_ClearPending(void)
 417:Generated_Source\PSoC5/isr_2.c **** {
 425              		.loc 1 417 0
 426              		.cfi_startproc
 427              		@ args = 0, pretend = 0, frame = 0
 428              		@ frame_needed = 0, uses_anonymous_args = 0
 429              		@ link register save eliminated.
 418:Generated_Source\PSoC5/isr_2.c ****     *isr_2_INTC_CLR_PD = isr_2__INTC_MASK;
 430              		.loc 1 418 0
 431 0000 0222     		movs	r2, #2
 432 0002 014B     		ldr	r3, .L44
 433 0004 1A60     		str	r2, [r3]
 434 0006 7047     		bx	lr
 435              	.L45:
 436              		.align	2
 437              	.L44:
 438 0008 80E200E0 		.word	-536812928
 439              		.cfi_endproc
 440              	.LFE76:
 441              		.size	isr_2_ClearPending, .-isr_2_ClearPending
 442              		.section	.rodata.str1.4,"aMS",%progbits,1
 443              		.align	2
 444              	.LC0:
 445 0000 256400   		.ascii	"%d\000"
 446              		.text
 447              	.Letext0:
 448              		.file 2 "c:\\program files (x86)\\cypress\\psoc creator\\4.2\\psoc creator\\import\\gnu\\arm\\5.4.
 449              		.file 3 "c:\\program files (x86)\\cypress\\psoc creator\\4.2\\psoc creator\\import\\gnu\\arm\\5.4.
 450              		.file 4 "Generated_Source\\PSoC5/cytypes.h"
 451              		.file 5 "Generated_Source\\PSoC5\\PWM_1.h"
 452              		.file 6 "Generated_Source\\PSoC5\\LCD.h"
 453              		.file 7 "c:\\program files (x86)\\cypress\\psoc creator\\4.2\\psoc creator\\import\\gnu\\arm\\5.4.
 454              		.file 8 "Generated_Source\\PSoC5/CyLib.h"
 455              		.file 9 "Generated_Source\\PSoC5/core_cm3.h"
 456              		.section	.debug_info,"",%progbits
 457              	.Ldebug_info0:
 458 0000 F9030000 		.4byte	0x3f9
 459 0004 0400     		.2byte	0x4
 460 0006 00000000 		.4byte	.Ldebug_abbrev0
 461 000a 04       		.byte	0x4
 462 000b 01       		.uleb128 0x1
 463 000c 94000000 		.4byte	.LASF43
 464 0010 0C       		.byte	0xc
 465 0011 DC020000 		.4byte	.LASF44
 466 0015 2D020000 		.4byte	.LASF45
 467 0019 00000000 		.4byte	.Ldebug_ranges0+0
 468 001d 00000000 		.4byte	0
ARM GAS  C:\Users\tmj32\AppData\Local\Temp\ccUJSuOK.s 			page 17


 469 0021 00000000 		.4byte	.Ldebug_line0
 470 0025 02       		.uleb128 0x2
 471 0026 04       		.byte	0x4
 472 0027 05       		.byte	0x5
 473 0028 696E7400 		.ascii	"int\000"
 474 002c 03       		.uleb128 0x3
 475 002d 04       		.byte	0x4
 476 002e 07       		.byte	0x7
 477 002f BB010000 		.4byte	.LASF0
 478 0033 03       		.uleb128 0x3
 479 0034 08       		.byte	0x8
 480 0035 05       		.byte	0x5
 481 0036 A1020000 		.4byte	.LASF1
 482 003a 03       		.uleb128 0x3
 483 003b 08       		.byte	0x8
 484 003c 04       		.byte	0x4
 485 003d FB020000 		.4byte	.LASF2
 486 0041 03       		.uleb128 0x3
 487 0042 01       		.byte	0x1
 488 0043 06       		.byte	0x6
 489 0044 7A000000 		.4byte	.LASF3
 490 0048 03       		.uleb128 0x3
 491 0049 01       		.byte	0x1
 492 004a 08       		.byte	0x8
 493 004b 86000000 		.4byte	.LASF4
 494 004f 03       		.uleb128 0x3
 495 0050 02       		.byte	0x2
 496 0051 05       		.byte	0x5
 497 0052 CC020000 		.4byte	.LASF5
 498 0056 03       		.uleb128 0x3
 499 0057 02       		.byte	0x2
 500 0058 07       		.byte	0x7
 501 0059 47010000 		.4byte	.LASF6
 502 005d 04       		.uleb128 0x4
 503 005e 26000000 		.4byte	.LASF12
 504 0062 02       		.byte	0x2
 505 0063 3F       		.byte	0x3f
 506 0064 68000000 		.4byte	0x68
 507 0068 03       		.uleb128 0x3
 508 0069 04       		.byte	0x4
 509 006a 05       		.byte	0x5
 510 006b 30000000 		.4byte	.LASF7
 511 006f 03       		.uleb128 0x3
 512 0070 04       		.byte	0x4
 513 0071 07       		.byte	0x7
 514 0072 35010000 		.4byte	.LASF8
 515 0076 03       		.uleb128 0x3
 516 0077 08       		.byte	0x8
 517 0078 07       		.byte	0x7
 518 0079 F1010000 		.4byte	.LASF9
 519 007d 03       		.uleb128 0x3
 520 007e 04       		.byte	0x4
 521 007f 07       		.byte	0x7
 522 0080 AF020000 		.4byte	.LASF10
 523 0084 03       		.uleb128 0x3
 524 0085 01       		.byte	0x1
 525 0086 08       		.byte	0x8
ARM GAS  C:\Users\tmj32\AppData\Local\Temp\ccUJSuOK.s 			page 18


 526 0087 B8020000 		.4byte	.LASF11
 527 008b 05       		.uleb128 0x5
 528 008c 04       		.byte	0x4
 529 008d 91000000 		.4byte	0x91
 530 0091 06       		.uleb128 0x6
 531 0092 04       		.uleb128 0x4
 532 0093 7D020000 		.4byte	.LASF13
 533 0097 03       		.byte	0x3
 534 0098 2C       		.byte	0x2c
 535 0099 5D000000 		.4byte	0x5d
 536 009d 07       		.uleb128 0x7
 537 009e D6020000 		.4byte	.LASF14
 538 00a2 04       		.byte	0x4
 539 00a3 E401     		.2byte	0x1e4
 540 00a5 48000000 		.4byte	0x48
 541 00a9 07       		.uleb128 0x7
 542 00aa A4010000 		.4byte	.LASF15
 543 00ae 04       		.byte	0x4
 544 00af E601     		.2byte	0x1e6
 545 00b1 6F000000 		.4byte	0x6f
 546 00b5 03       		.uleb128 0x3
 547 00b6 04       		.byte	0x4
 548 00b7 04       		.byte	0x4
 549 00b8 74000000 		.4byte	.LASF16
 550 00bc 03       		.uleb128 0x3
 551 00bd 08       		.byte	0x8
 552 00be 04       		.byte	0x4
 553 00bf 67010000 		.4byte	.LASF17
 554 00c3 07       		.uleb128 0x7
 555 00c4 30010000 		.4byte	.LASF18
 556 00c8 04       		.byte	0x4
 557 00c9 8E02     		.2byte	0x28e
 558 00cb CF000000 		.4byte	0xcf
 559 00cf 08       		.uleb128 0x8
 560 00d0 9D000000 		.4byte	0x9d
 561 00d4 07       		.uleb128 0x7
 562 00d5 00000000 		.4byte	.LASF19
 563 00d9 04       		.byte	0x4
 564 00da 9002     		.2byte	0x290
 565 00dc E0000000 		.4byte	0xe0
 566 00e0 08       		.uleb128 0x8
 567 00e1 A9000000 		.4byte	0xa9
 568 00e5 07       		.uleb128 0x7
 569 00e6 20020000 		.4byte	.LASF20
 570 00ea 04       		.byte	0x4
 571 00eb A002     		.2byte	0x2a0
 572 00ed 8B000000 		.4byte	0x8b
 573 00f1 09       		.uleb128 0x9
 574 00f2 39000000 		.4byte	.LASF22
 575 00f6 01       		.byte	0x1
 576 00f7 D7       		.byte	0xd7
 577 00f8 00000000 		.4byte	.LFB68
 578 00fc 0C000000 		.4byte	.LFE68-.LFB68
 579 0100 01       		.uleb128 0x1
 580 0101 9C       		.byte	0x9c
 581 0102 21010000 		.4byte	0x121
 582 0106 0A       		.uleb128 0xa
ARM GAS  C:\Users\tmj32\AppData\Local\Temp\ccUJSuOK.s 			page 19


 583 0107 E9010000 		.4byte	.LASF24
 584 010b 01       		.byte	0x1
 585 010c D7       		.byte	0xd7
 586 010d E5000000 		.4byte	0xe5
 587 0111 01       		.uleb128 0x1
 588 0112 50       		.byte	0x50
 589 0113 0B       		.uleb128 0xb
 590 0114 BD020000 		.4byte	.LASF21
 591 0118 01       		.byte	0x1
 592 0119 D9       		.byte	0xd9
 593 011a 21010000 		.4byte	0x121
 594 011e 01       		.uleb128 0x1
 595 011f 53       		.byte	0x53
 596 0120 00       		.byte	0
 597 0121 05       		.uleb128 0x5
 598 0122 04       		.byte	0x4
 599 0123 E5000000 		.4byte	0xe5
 600 0127 0C       		.uleb128 0xc
 601 0128 AB010000 		.4byte	.LASF26
 602 012c 01       		.byte	0x1
 603 012d EF       		.byte	0xef
 604 012e E5000000 		.4byte	0xe5
 605 0132 00000000 		.4byte	.LFB69
 606 0136 0C000000 		.4byte	.LFE69-.LFB69
 607 013a 01       		.uleb128 0x1
 608 013b 9C       		.byte	0x9c
 609 013c 4E010000 		.4byte	0x14e
 610 0140 0B       		.uleb128 0xb
 611 0141 BD020000 		.4byte	.LASF21
 612 0145 01       		.byte	0x1
 613 0146 F1       		.byte	0xf1
 614 0147 21010000 		.4byte	0x121
 615 014b 01       		.uleb128 0x1
 616 014c 53       		.byte	0x53
 617 014d 00       		.byte	0
 618 014e 0D       		.uleb128 0xd
 619 014f 49000000 		.4byte	.LASF23
 620 0153 01       		.byte	0x1
 621 0154 1101     		.2byte	0x111
 622 0156 00000000 		.4byte	.LFB70
 623 015a 10000000 		.4byte	.LFE70-.LFB70
 624 015e 01       		.uleb128 0x1
 625 015f 9C       		.byte	0x9c
 626 0160 75010000 		.4byte	0x175
 627 0164 0E       		.uleb128 0xe
 628 0165 85020000 		.4byte	.LASF25
 629 0169 01       		.byte	0x1
 630 016a 1101     		.2byte	0x111
 631 016c 9D000000 		.4byte	0x9d
 632 0170 00000000 		.4byte	.LLST0
 633 0174 00       		.byte	0
 634 0175 0F       		.uleb128 0xf
 635 0176 07030000 		.4byte	.LASF27
 636 017a 01       		.byte	0x1
 637 017b 2701     		.2byte	0x127
 638 017d 9D000000 		.4byte	0x9d
 639 0181 00000000 		.4byte	.LFB71
ARM GAS  C:\Users\tmj32\AppData\Local\Temp\ccUJSuOK.s 			page 20


 640 0185 0C000000 		.4byte	.LFE71-.LFB71
 641 0189 01       		.uleb128 0x1
 642 018a 9C       		.byte	0x9c
 643 018b A0010000 		.4byte	0x1a0
 644 018f 10       		.uleb128 0x10
 645 0190 85020000 		.4byte	.LASF25
 646 0194 01       		.byte	0x1
 647 0195 2901     		.2byte	0x129
 648 0197 9D000000 		.4byte	0x9d
 649 019b 21000000 		.4byte	.LLST1
 650 019f 00       		.byte	0
 651 01a0 11       		.uleb128 0x11
 652 01a1 67000000 		.4byte	.LASF28
 653 01a5 01       		.byte	0x1
 654 01a6 4201     		.2byte	0x142
 655 01a8 00000000 		.4byte	.LFB72
 656 01ac 0C000000 		.4byte	.LFE72-.LFB72
 657 01b0 01       		.uleb128 0x1
 658 01b1 9C       		.byte	0x9c
 659 01b2 12       		.uleb128 0x12
 660 01b3 06000000 		.4byte	.LASF46
 661 01b7 01       		.byte	0x1
 662 01b8 5701     		.2byte	0x157
 663 01ba 9D000000 		.4byte	0x9d
 664 01be 00000000 		.4byte	.LFB73
 665 01c2 18000000 		.4byte	.LFE73-.LFB73
 666 01c6 01       		.uleb128 0x1
 667 01c7 9C       		.byte	0x9c
 668 01c8 11       		.uleb128 0x11
 669 01c9 6E010000 		.4byte	.LASF29
 670 01cd 01       		.byte	0x1
 671 01ce 6C01     		.2byte	0x16c
 672 01d0 00000000 		.4byte	.LFB74
 673 01d4 0C000000 		.4byte	.LFE74-.LFB74
 674 01d8 01       		.uleb128 0x1
 675 01d9 9C       		.byte	0x9c
 676 01da 09       		.uleb128 0x9
 677 01db 5B000000 		.4byte	.LASF30
 678 01df 01       		.byte	0x1
 679 01e0 3E       		.byte	0x3e
 680 01e1 00000000 		.4byte	.LFB64
 681 01e5 1C000000 		.4byte	.LFE64-.LFB64
 682 01e9 01       		.uleb128 0x1
 683 01ea 9C       		.byte	0x9c
 684 01eb 2C020000 		.4byte	0x22c
 685 01ef 13       		.uleb128 0x13
 686 01f0 06000000 		.4byte	.LVL7
 687 01f4 C8010000 		.4byte	0x1c8
 688 01f8 14       		.uleb128 0x14
 689 01f9 0C000000 		.4byte	.LVL8
 690 01fd F1000000 		.4byte	0xf1
 691 0201 0F020000 		.4byte	0x20f
 692 0205 15       		.uleb128 0x15
 693 0206 01       		.uleb128 0x1
 694 0207 50       		.byte	0x50
 695 0208 05       		.uleb128 0x5
 696 0209 03       		.byte	0x3
ARM GAS  C:\Users\tmj32\AppData\Local\Temp\ccUJSuOK.s 			page 21


 697 020a 00000000 		.4byte	isr_2_Interrupt
 698 020e 00       		.byte	0
 699 020f 14       		.uleb128 0x14
 700 0210 12000000 		.4byte	.LVL9
 701 0214 4E010000 		.4byte	0x14e
 702 0218 22020000 		.4byte	0x222
 703 021c 15       		.uleb128 0x15
 704 021d 01       		.uleb128 0x1
 705 021e 50       		.byte	0x50
 706 021f 01       		.uleb128 0x1
 707 0220 37       		.byte	0x37
 708 0221 00       		.byte	0
 709 0222 13       		.uleb128 0x13
 710 0223 16000000 		.4byte	.LVL10
 711 0227 A0010000 		.4byte	0x1a0
 712 022b 00       		.byte	0
 713 022c 09       		.uleb128 0x9
 714 022d 22010000 		.4byte	.LASF31
 715 0231 01       		.byte	0x1
 716 0232 69       		.byte	0x69
 717 0233 00000000 		.4byte	.LFB65
 718 0237 1A000000 		.4byte	.LFE65-.LFB65
 719 023b 01       		.uleb128 0x1
 720 023c 9C       		.byte	0x9c
 721 023d 8A020000 		.4byte	0x28a
 722 0241 16       		.uleb128 0x16
 723 0242 E9010000 		.4byte	.LASF24
 724 0246 01       		.byte	0x1
 725 0247 69       		.byte	0x69
 726 0248 E5000000 		.4byte	0xe5
 727 024c 38000000 		.4byte	.LLST2
 728 0250 13       		.uleb128 0x13
 729 0251 08000000 		.4byte	.LVL12
 730 0255 C8010000 		.4byte	0x1c8
 731 0259 14       		.uleb128 0x14
 732 025a 0E000000 		.4byte	.LVL13
 733 025e F1000000 		.4byte	0xf1
 734 0262 6D020000 		.4byte	0x26d
 735 0266 15       		.uleb128 0x15
 736 0267 01       		.uleb128 0x1
 737 0268 50       		.byte	0x50
 738 0269 02       		.uleb128 0x2
 739 026a 74       		.byte	0x74
 740 026b 00       		.sleb128 0
 741 026c 00       		.byte	0
 742 026d 14       		.uleb128 0x14
 743 026e 14000000 		.4byte	.LVL14
 744 0272 4E010000 		.4byte	0x14e
 745 0276 80020000 		.4byte	0x280
 746 027a 15       		.uleb128 0x15
 747 027b 01       		.uleb128 0x1
 748 027c 50       		.byte	0x50
 749 027d 01       		.uleb128 0x1
 750 027e 37       		.byte	0x37
 751 027f 00       		.byte	0
 752 0280 13       		.uleb128 0x13
 753 0281 18000000 		.4byte	.LVL15
ARM GAS  C:\Users\tmj32\AppData\Local\Temp\ccUJSuOK.s 			page 22


 754 0285 A0010000 		.4byte	0x1a0
 755 0289 00       		.byte	0
 756 028a 09       		.uleb128 0x9
 757 028b 15020000 		.4byte	.LASF32
 758 028f 01       		.byte	0x1
 759 0290 87       		.byte	0x87
 760 0291 00000000 		.4byte	.LFB66
 761 0295 14000000 		.4byte	.LFE66-.LFB66
 762 0299 01       		.uleb128 0x1
 763 029a 9C       		.byte	0x9c
 764 029b B2020000 		.4byte	0x2b2
 765 029f 13       		.uleb128 0x13
 766 02a0 06000000 		.4byte	.LVL16
 767 02a4 C8010000 		.4byte	0x1c8
 768 02a8 13       		.uleb128 0x13
 769 02a9 0C000000 		.4byte	.LVL17
 770 02ad F1000000 		.4byte	0xf1
 771 02b1 00       		.byte	0
 772 02b2 09       		.uleb128 0x9
 773 02b3 D9010000 		.4byte	.LASF33
 774 02b7 01       		.byte	0x1
 775 02b8 A1       		.byte	0xa1
 776 02b9 00000000 		.4byte	.LFB67
 777 02bd 44000000 		.4byte	.LFE67-.LFB67
 778 02c1 01       		.uleb128 0x1
 779 02c2 9C       		.byte	0x9c
 780 02c3 75030000 		.4byte	0x375
 781 02c7 17       		.uleb128 0x17
 782 02c8 7800     		.ascii	"x\000"
 783 02ca 01       		.byte	0x1
 784 02cb A9       		.byte	0xa9
 785 02cc 25000000 		.4byte	0x25
 786 02d0 56000000 		.4byte	.LLST3
 787 02d4 0B       		.uleb128 0xb
 788 02d5 7C010000 		.4byte	.LASF34
 789 02d9 01       		.byte	0x1
 790 02da AA       		.byte	0xaa
 791 02db 75030000 		.4byte	0x375
 792 02df 02       		.uleb128 0x2
 793 02e0 91       		.byte	0x91
 794 02e1 68       		.sleb128 -24
 795 02e2 14       		.uleb128 0x14
 796 02e3 0E000000 		.4byte	.LVL20
 797 02e7 BA030000 		.4byte	0x3ba
 798 02eb F6020000 		.4byte	0x2f6
 799 02ef 15       		.uleb128 0x15
 800 02f0 01       		.uleb128 0x1
 801 02f1 50       		.byte	0x50
 802 02f2 02       		.uleb128 0x2
 803 02f3 74       		.byte	0x74
 804 02f4 00       		.sleb128 0
 805 02f5 00       		.byte	0
 806 02f6 14       		.uleb128 0x14
 807 02f7 16000000 		.4byte	.LVL22
 808 02fb C5030000 		.4byte	0x3c5
 809 02ff 09030000 		.4byte	0x309
 810 0303 15       		.uleb128 0x15
ARM GAS  C:\Users\tmj32\AppData\Local\Temp\ccUJSuOK.s 			page 23


 811 0304 01       		.uleb128 0x1
 812 0305 50       		.byte	0x50
 813 0306 01       		.uleb128 0x1
 814 0307 31       		.byte	0x31
 815 0308 00       		.byte	0
 816 0309 14       		.uleb128 0x14
 817 030a 1E000000 		.4byte	.LVL23
 818 030e D0030000 		.4byte	0x3d0
 819 0312 21030000 		.4byte	0x321
 820 0316 15       		.uleb128 0x15
 821 0317 01       		.uleb128 0x1
 822 0318 50       		.byte	0x50
 823 0319 01       		.uleb128 0x1
 824 031a 30       		.byte	0x30
 825 031b 15       		.uleb128 0x15
 826 031c 01       		.uleb128 0x1
 827 031d 51       		.byte	0x51
 828 031e 01       		.uleb128 0x1
 829 031f 30       		.byte	0x30
 830 0320 00       		.byte	0
 831 0321 14       		.uleb128 0x14
 832 0322 28000000 		.4byte	.LVL24
 833 0326 DB030000 		.4byte	0x3db
 834 032a 44030000 		.4byte	0x344
 835 032e 15       		.uleb128 0x15
 836 032f 01       		.uleb128 0x1
 837 0330 50       		.byte	0x50
 838 0331 02       		.uleb128 0x2
 839 0332 7D       		.byte	0x7d
 840 0333 00       		.sleb128 0
 841 0334 15       		.uleb128 0x15
 842 0335 01       		.uleb128 0x1
 843 0336 51       		.byte	0x51
 844 0337 05       		.uleb128 0x5
 845 0338 03       		.byte	0x3
 846 0339 00000000 		.4byte	.LC0
 847 033d 15       		.uleb128 0x15
 848 033e 01       		.uleb128 0x1
 849 033f 52       		.byte	0x52
 850 0340 02       		.uleb128 0x2
 851 0341 74       		.byte	0x74
 852 0342 00       		.sleb128 0
 853 0343 00       		.byte	0
 854 0344 14       		.uleb128 0x14
 855 0345 2E000000 		.4byte	.LVL25
 856 0349 E6030000 		.4byte	0x3e6
 857 034d 58030000 		.4byte	0x358
 858 0351 15       		.uleb128 0x15
 859 0352 01       		.uleb128 0x1
 860 0353 50       		.byte	0x50
 861 0354 02       		.uleb128 0x2
 862 0355 7D       		.byte	0x7d
 863 0356 00       		.sleb128 0
 864 0357 00       		.byte	0
 865 0358 14       		.uleb128 0x14
 866 0359 34000000 		.4byte	.LVL26
 867 035d F1030000 		.4byte	0x3f1
ARM GAS  C:\Users\tmj32\AppData\Local\Temp\ccUJSuOK.s 			page 24


 868 0361 6B030000 		.4byte	0x36b
 869 0365 15       		.uleb128 0x15
 870 0366 01       		.uleb128 0x1
 871 0367 50       		.byte	0x50
 872 0368 01       		.uleb128 0x1
 873 0369 3A       		.byte	0x3a
 874 036a 00       		.byte	0
 875 036b 13       		.uleb128 0x13
 876 036c 3C000000 		.4byte	.LVL27
 877 0370 8A020000 		.4byte	0x28a
 878 0374 00       		.byte	0
 879 0375 18       		.uleb128 0x18
 880 0376 84000000 		.4byte	0x84
 881 037a 85030000 		.4byte	0x385
 882 037e 19       		.uleb128 0x19
 883 037f 7D000000 		.4byte	0x7d
 884 0383 0E       		.byte	0xe
 885 0384 00       		.byte	0
 886 0385 11       		.uleb128 0x11
 887 0386 C8010000 		.4byte	.LASF35
 888 038a 01       		.byte	0x1
 889 038b 8701     		.2byte	0x187
 890 038d 00000000 		.4byte	.LFB75
 891 0391 0C000000 		.4byte	.LFE75-.LFB75
 892 0395 01       		.uleb128 0x1
 893 0396 9C       		.byte	0x9c
 894 0397 11       		.uleb128 0x11
 895 0398 91010000 		.4byte	.LASF36
 896 039c 01       		.byte	0x1
 897 039d A001     		.2byte	0x1a0
 898 039f 00000000 		.4byte	.LFB76
 899 03a3 0C000000 		.4byte	.LFE76-.LFB76
 900 03a7 01       		.uleb128 0x1
 901 03a8 9C       		.byte	0x9c
 902 03a9 1A       		.uleb128 0x1a
 903 03aa 5A010000 		.4byte	.LASF47
 904 03ae 09       		.byte	0x9
 905 03af 1207     		.2byte	0x712
 906 03b1 B5030000 		.4byte	0x3b5
 907 03b5 08       		.uleb128 0x8
 908 03b6 92000000 		.4byte	0x92
 909 03ba 1B       		.uleb128 0x1b
 910 03bb 8E020000 		.4byte	.LASF37
 911 03bf 8E020000 		.4byte	.LASF37
 912 03c3 05       		.byte	0x5
 913 03c4 C3       		.byte	0xc3
 914 03c5 1B       		.uleb128 0x1b
 915 03c6 15000000 		.4byte	.LASF38
 916 03ca 15000000 		.4byte	.LASF38
 917 03ce 06       		.byte	0x6
 918 03cf 3A       		.byte	0x3a
 919 03d0 1B       		.uleb128 0x1b
 920 03d1 08020000 		.4byte	.LASF39
 921 03d5 08020000 		.4byte	.LASF39
 922 03d9 06       		.byte	0x6
 923 03da 3D       		.byte	0x3d
 924 03db 1B       		.uleb128 0x1b
ARM GAS  C:\Users\tmj32\AppData\Local\Temp\ccUJSuOK.s 			page 25


 925 03dc 19030000 		.4byte	.LASF40
 926 03e0 19030000 		.4byte	.LASF40
 927 03e4 07       		.byte	0x7
 928 03e5 E7       		.byte	0xe7
 929 03e6 1B       		.uleb128 0x1b
 930 03e7 81010000 		.4byte	.LASF41
 931 03eb 81010000 		.4byte	.LASF41
 932 03ef 06       		.byte	0x6
 933 03f0 3C       		.byte	0x3c
 934 03f1 1B       		.uleb128 0x1b
 935 03f2 21030000 		.4byte	.LASF42
 936 03f6 21030000 		.4byte	.LASF42
 937 03fa 08       		.byte	0x8
 938 03fb 76       		.byte	0x76
 939 03fc 00       		.byte	0
 940              		.section	.debug_abbrev,"",%progbits
 941              	.Ldebug_abbrev0:
 942 0000 01       		.uleb128 0x1
 943 0001 11       		.uleb128 0x11
 944 0002 01       		.byte	0x1
 945 0003 25       		.uleb128 0x25
 946 0004 0E       		.uleb128 0xe
 947 0005 13       		.uleb128 0x13
 948 0006 0B       		.uleb128 0xb
 949 0007 03       		.uleb128 0x3
 950 0008 0E       		.uleb128 0xe
 951 0009 1B       		.uleb128 0x1b
 952 000a 0E       		.uleb128 0xe
 953 000b 55       		.uleb128 0x55
 954 000c 17       		.uleb128 0x17
 955 000d 11       		.uleb128 0x11
 956 000e 01       		.uleb128 0x1
 957 000f 10       		.uleb128 0x10
 958 0010 17       		.uleb128 0x17
 959 0011 00       		.byte	0
 960 0012 00       		.byte	0
 961 0013 02       		.uleb128 0x2
 962 0014 24       		.uleb128 0x24
 963 0015 00       		.byte	0
 964 0016 0B       		.uleb128 0xb
 965 0017 0B       		.uleb128 0xb
 966 0018 3E       		.uleb128 0x3e
 967 0019 0B       		.uleb128 0xb
 968 001a 03       		.uleb128 0x3
 969 001b 08       		.uleb128 0x8
 970 001c 00       		.byte	0
 971 001d 00       		.byte	0
 972 001e 03       		.uleb128 0x3
 973 001f 24       		.uleb128 0x24
 974 0020 00       		.byte	0
 975 0021 0B       		.uleb128 0xb
 976 0022 0B       		.uleb128 0xb
 977 0023 3E       		.uleb128 0x3e
 978 0024 0B       		.uleb128 0xb
 979 0025 03       		.uleb128 0x3
 980 0026 0E       		.uleb128 0xe
 981 0027 00       		.byte	0
ARM GAS  C:\Users\tmj32\AppData\Local\Temp\ccUJSuOK.s 			page 26


 982 0028 00       		.byte	0
 983 0029 04       		.uleb128 0x4
 984 002a 16       		.uleb128 0x16
 985 002b 00       		.byte	0
 986 002c 03       		.uleb128 0x3
 987 002d 0E       		.uleb128 0xe
 988 002e 3A       		.uleb128 0x3a
 989 002f 0B       		.uleb128 0xb
 990 0030 3B       		.uleb128 0x3b
 991 0031 0B       		.uleb128 0xb
 992 0032 49       		.uleb128 0x49
 993 0033 13       		.uleb128 0x13
 994 0034 00       		.byte	0
 995 0035 00       		.byte	0
 996 0036 05       		.uleb128 0x5
 997 0037 0F       		.uleb128 0xf
 998 0038 00       		.byte	0
 999 0039 0B       		.uleb128 0xb
 1000 003a 0B       		.uleb128 0xb
 1001 003b 49       		.uleb128 0x49
 1002 003c 13       		.uleb128 0x13
 1003 003d 00       		.byte	0
 1004 003e 00       		.byte	0
 1005 003f 06       		.uleb128 0x6
 1006 0040 15       		.uleb128 0x15
 1007 0041 00       		.byte	0
 1008 0042 27       		.uleb128 0x27
 1009 0043 19       		.uleb128 0x19
 1010 0044 00       		.byte	0
 1011 0045 00       		.byte	0
 1012 0046 07       		.uleb128 0x7
 1013 0047 16       		.uleb128 0x16
 1014 0048 00       		.byte	0
 1015 0049 03       		.uleb128 0x3
 1016 004a 0E       		.uleb128 0xe
 1017 004b 3A       		.uleb128 0x3a
 1018 004c 0B       		.uleb128 0xb
 1019 004d 3B       		.uleb128 0x3b
 1020 004e 05       		.uleb128 0x5
 1021 004f 49       		.uleb128 0x49
 1022 0050 13       		.uleb128 0x13
 1023 0051 00       		.byte	0
 1024 0052 00       		.byte	0
 1025 0053 08       		.uleb128 0x8
 1026 0054 35       		.uleb128 0x35
 1027 0055 00       		.byte	0
 1028 0056 49       		.uleb128 0x49
 1029 0057 13       		.uleb128 0x13
 1030 0058 00       		.byte	0
 1031 0059 00       		.byte	0
 1032 005a 09       		.uleb128 0x9
 1033 005b 2E       		.uleb128 0x2e
 1034 005c 01       		.byte	0x1
 1035 005d 3F       		.uleb128 0x3f
 1036 005e 19       		.uleb128 0x19
 1037 005f 03       		.uleb128 0x3
 1038 0060 0E       		.uleb128 0xe
ARM GAS  C:\Users\tmj32\AppData\Local\Temp\ccUJSuOK.s 			page 27


 1039 0061 3A       		.uleb128 0x3a
 1040 0062 0B       		.uleb128 0xb
 1041 0063 3B       		.uleb128 0x3b
 1042 0064 0B       		.uleb128 0xb
 1043 0065 27       		.uleb128 0x27
 1044 0066 19       		.uleb128 0x19
 1045 0067 11       		.uleb128 0x11
 1046 0068 01       		.uleb128 0x1
 1047 0069 12       		.uleb128 0x12
 1048 006a 06       		.uleb128 0x6
 1049 006b 40       		.uleb128 0x40
 1050 006c 18       		.uleb128 0x18
 1051 006d 9742     		.uleb128 0x2117
 1052 006f 19       		.uleb128 0x19
 1053 0070 01       		.uleb128 0x1
 1054 0071 13       		.uleb128 0x13
 1055 0072 00       		.byte	0
 1056 0073 00       		.byte	0
 1057 0074 0A       		.uleb128 0xa
 1058 0075 05       		.uleb128 0x5
 1059 0076 00       		.byte	0
 1060 0077 03       		.uleb128 0x3
 1061 0078 0E       		.uleb128 0xe
 1062 0079 3A       		.uleb128 0x3a
 1063 007a 0B       		.uleb128 0xb
 1064 007b 3B       		.uleb128 0x3b
 1065 007c 0B       		.uleb128 0xb
 1066 007d 49       		.uleb128 0x49
 1067 007e 13       		.uleb128 0x13
 1068 007f 02       		.uleb128 0x2
 1069 0080 18       		.uleb128 0x18
 1070 0081 00       		.byte	0
 1071 0082 00       		.byte	0
 1072 0083 0B       		.uleb128 0xb
 1073 0084 34       		.uleb128 0x34
 1074 0085 00       		.byte	0
 1075 0086 03       		.uleb128 0x3
 1076 0087 0E       		.uleb128 0xe
 1077 0088 3A       		.uleb128 0x3a
 1078 0089 0B       		.uleb128 0xb
 1079 008a 3B       		.uleb128 0x3b
 1080 008b 0B       		.uleb128 0xb
 1081 008c 49       		.uleb128 0x49
 1082 008d 13       		.uleb128 0x13
 1083 008e 02       		.uleb128 0x2
 1084 008f 18       		.uleb128 0x18
 1085 0090 00       		.byte	0
 1086 0091 00       		.byte	0
 1087 0092 0C       		.uleb128 0xc
 1088 0093 2E       		.uleb128 0x2e
 1089 0094 01       		.byte	0x1
 1090 0095 3F       		.uleb128 0x3f
 1091 0096 19       		.uleb128 0x19
 1092 0097 03       		.uleb128 0x3
 1093 0098 0E       		.uleb128 0xe
 1094 0099 3A       		.uleb128 0x3a
 1095 009a 0B       		.uleb128 0xb
ARM GAS  C:\Users\tmj32\AppData\Local\Temp\ccUJSuOK.s 			page 28


 1096 009b 3B       		.uleb128 0x3b
 1097 009c 0B       		.uleb128 0xb
 1098 009d 27       		.uleb128 0x27
 1099 009e 19       		.uleb128 0x19
 1100 009f 49       		.uleb128 0x49
 1101 00a0 13       		.uleb128 0x13
 1102 00a1 11       		.uleb128 0x11
 1103 00a2 01       		.uleb128 0x1
 1104 00a3 12       		.uleb128 0x12
 1105 00a4 06       		.uleb128 0x6
 1106 00a5 40       		.uleb128 0x40
 1107 00a6 18       		.uleb128 0x18
 1108 00a7 9742     		.uleb128 0x2117
 1109 00a9 19       		.uleb128 0x19
 1110 00aa 01       		.uleb128 0x1
 1111 00ab 13       		.uleb128 0x13
 1112 00ac 00       		.byte	0
 1113 00ad 00       		.byte	0
 1114 00ae 0D       		.uleb128 0xd
 1115 00af 2E       		.uleb128 0x2e
 1116 00b0 01       		.byte	0x1
 1117 00b1 3F       		.uleb128 0x3f
 1118 00b2 19       		.uleb128 0x19
 1119 00b3 03       		.uleb128 0x3
 1120 00b4 0E       		.uleb128 0xe
 1121 00b5 3A       		.uleb128 0x3a
 1122 00b6 0B       		.uleb128 0xb
 1123 00b7 3B       		.uleb128 0x3b
 1124 00b8 05       		.uleb128 0x5
 1125 00b9 27       		.uleb128 0x27
 1126 00ba 19       		.uleb128 0x19
 1127 00bb 11       		.uleb128 0x11
 1128 00bc 01       		.uleb128 0x1
 1129 00bd 12       		.uleb128 0x12
 1130 00be 06       		.uleb128 0x6
 1131 00bf 40       		.uleb128 0x40
 1132 00c0 18       		.uleb128 0x18
 1133 00c1 9742     		.uleb128 0x2117
 1134 00c3 19       		.uleb128 0x19
 1135 00c4 01       		.uleb128 0x1
 1136 00c5 13       		.uleb128 0x13
 1137 00c6 00       		.byte	0
 1138 00c7 00       		.byte	0
 1139 00c8 0E       		.uleb128 0xe
 1140 00c9 05       		.uleb128 0x5
 1141 00ca 00       		.byte	0
 1142 00cb 03       		.uleb128 0x3
 1143 00cc 0E       		.uleb128 0xe
 1144 00cd 3A       		.uleb128 0x3a
 1145 00ce 0B       		.uleb128 0xb
 1146 00cf 3B       		.uleb128 0x3b
 1147 00d0 05       		.uleb128 0x5
 1148 00d1 49       		.uleb128 0x49
 1149 00d2 13       		.uleb128 0x13
 1150 00d3 02       		.uleb128 0x2
 1151 00d4 17       		.uleb128 0x17
 1152 00d5 00       		.byte	0
ARM GAS  C:\Users\tmj32\AppData\Local\Temp\ccUJSuOK.s 			page 29


 1153 00d6 00       		.byte	0
 1154 00d7 0F       		.uleb128 0xf
 1155 00d8 2E       		.uleb128 0x2e
 1156 00d9 01       		.byte	0x1
 1157 00da 3F       		.uleb128 0x3f
 1158 00db 19       		.uleb128 0x19
 1159 00dc 03       		.uleb128 0x3
 1160 00dd 0E       		.uleb128 0xe
 1161 00de 3A       		.uleb128 0x3a
 1162 00df 0B       		.uleb128 0xb
 1163 00e0 3B       		.uleb128 0x3b
 1164 00e1 05       		.uleb128 0x5
 1165 00e2 27       		.uleb128 0x27
 1166 00e3 19       		.uleb128 0x19
 1167 00e4 49       		.uleb128 0x49
 1168 00e5 13       		.uleb128 0x13
 1169 00e6 11       		.uleb128 0x11
 1170 00e7 01       		.uleb128 0x1
 1171 00e8 12       		.uleb128 0x12
 1172 00e9 06       		.uleb128 0x6
 1173 00ea 40       		.uleb128 0x40
 1174 00eb 18       		.uleb128 0x18
 1175 00ec 9742     		.uleb128 0x2117
 1176 00ee 19       		.uleb128 0x19
 1177 00ef 01       		.uleb128 0x1
 1178 00f0 13       		.uleb128 0x13
 1179 00f1 00       		.byte	0
 1180 00f2 00       		.byte	0
 1181 00f3 10       		.uleb128 0x10
 1182 00f4 34       		.uleb128 0x34
 1183 00f5 00       		.byte	0
 1184 00f6 03       		.uleb128 0x3
 1185 00f7 0E       		.uleb128 0xe
 1186 00f8 3A       		.uleb128 0x3a
 1187 00f9 0B       		.uleb128 0xb
 1188 00fa 3B       		.uleb128 0x3b
 1189 00fb 05       		.uleb128 0x5
 1190 00fc 49       		.uleb128 0x49
 1191 00fd 13       		.uleb128 0x13
 1192 00fe 02       		.uleb128 0x2
 1193 00ff 17       		.uleb128 0x17
 1194 0100 00       		.byte	0
 1195 0101 00       		.byte	0
 1196 0102 11       		.uleb128 0x11
 1197 0103 2E       		.uleb128 0x2e
 1198 0104 00       		.byte	0
 1199 0105 3F       		.uleb128 0x3f
 1200 0106 19       		.uleb128 0x19
 1201 0107 03       		.uleb128 0x3
 1202 0108 0E       		.uleb128 0xe
 1203 0109 3A       		.uleb128 0x3a
 1204 010a 0B       		.uleb128 0xb
 1205 010b 3B       		.uleb128 0x3b
 1206 010c 05       		.uleb128 0x5
 1207 010d 27       		.uleb128 0x27
 1208 010e 19       		.uleb128 0x19
 1209 010f 11       		.uleb128 0x11
ARM GAS  C:\Users\tmj32\AppData\Local\Temp\ccUJSuOK.s 			page 30


 1210 0110 01       		.uleb128 0x1
 1211 0111 12       		.uleb128 0x12
 1212 0112 06       		.uleb128 0x6
 1213 0113 40       		.uleb128 0x40
 1214 0114 18       		.uleb128 0x18
 1215 0115 9742     		.uleb128 0x2117
 1216 0117 19       		.uleb128 0x19
 1217 0118 00       		.byte	0
 1218 0119 00       		.byte	0
 1219 011a 12       		.uleb128 0x12
 1220 011b 2E       		.uleb128 0x2e
 1221 011c 00       		.byte	0
 1222 011d 3F       		.uleb128 0x3f
 1223 011e 19       		.uleb128 0x19
 1224 011f 03       		.uleb128 0x3
 1225 0120 0E       		.uleb128 0xe
 1226 0121 3A       		.uleb128 0x3a
 1227 0122 0B       		.uleb128 0xb
 1228 0123 3B       		.uleb128 0x3b
 1229 0124 05       		.uleb128 0x5
 1230 0125 27       		.uleb128 0x27
 1231 0126 19       		.uleb128 0x19
 1232 0127 49       		.uleb128 0x49
 1233 0128 13       		.uleb128 0x13
 1234 0129 11       		.uleb128 0x11
 1235 012a 01       		.uleb128 0x1
 1236 012b 12       		.uleb128 0x12
 1237 012c 06       		.uleb128 0x6
 1238 012d 40       		.uleb128 0x40
 1239 012e 18       		.uleb128 0x18
 1240 012f 9742     		.uleb128 0x2117
 1241 0131 19       		.uleb128 0x19
 1242 0132 00       		.byte	0
 1243 0133 00       		.byte	0
 1244 0134 13       		.uleb128 0x13
 1245 0135 898201   		.uleb128 0x4109
 1246 0138 00       		.byte	0
 1247 0139 11       		.uleb128 0x11
 1248 013a 01       		.uleb128 0x1
 1249 013b 31       		.uleb128 0x31
 1250 013c 13       		.uleb128 0x13
 1251 013d 00       		.byte	0
 1252 013e 00       		.byte	0
 1253 013f 14       		.uleb128 0x14
 1254 0140 898201   		.uleb128 0x4109
 1255 0143 01       		.byte	0x1
 1256 0144 11       		.uleb128 0x11
 1257 0145 01       		.uleb128 0x1
 1258 0146 31       		.uleb128 0x31
 1259 0147 13       		.uleb128 0x13
 1260 0148 01       		.uleb128 0x1
 1261 0149 13       		.uleb128 0x13
 1262 014a 00       		.byte	0
 1263 014b 00       		.byte	0
 1264 014c 15       		.uleb128 0x15
 1265 014d 8A8201   		.uleb128 0x410a
 1266 0150 00       		.byte	0
ARM GAS  C:\Users\tmj32\AppData\Local\Temp\ccUJSuOK.s 			page 31


 1267 0151 02       		.uleb128 0x2
 1268 0152 18       		.uleb128 0x18
 1269 0153 9142     		.uleb128 0x2111
 1270 0155 18       		.uleb128 0x18
 1271 0156 00       		.byte	0
 1272 0157 00       		.byte	0
 1273 0158 16       		.uleb128 0x16
 1274 0159 05       		.uleb128 0x5
 1275 015a 00       		.byte	0
 1276 015b 03       		.uleb128 0x3
 1277 015c 0E       		.uleb128 0xe
 1278 015d 3A       		.uleb128 0x3a
 1279 015e 0B       		.uleb128 0xb
 1280 015f 3B       		.uleb128 0x3b
 1281 0160 0B       		.uleb128 0xb
 1282 0161 49       		.uleb128 0x49
 1283 0162 13       		.uleb128 0x13
 1284 0163 02       		.uleb128 0x2
 1285 0164 17       		.uleb128 0x17
 1286 0165 00       		.byte	0
 1287 0166 00       		.byte	0
 1288 0167 17       		.uleb128 0x17
 1289 0168 34       		.uleb128 0x34
 1290 0169 00       		.byte	0
 1291 016a 03       		.uleb128 0x3
 1292 016b 08       		.uleb128 0x8
 1293 016c 3A       		.uleb128 0x3a
 1294 016d 0B       		.uleb128 0xb
 1295 016e 3B       		.uleb128 0x3b
 1296 016f 0B       		.uleb128 0xb
 1297 0170 49       		.uleb128 0x49
 1298 0171 13       		.uleb128 0x13
 1299 0172 02       		.uleb128 0x2
 1300 0173 17       		.uleb128 0x17
 1301 0174 00       		.byte	0
 1302 0175 00       		.byte	0
 1303 0176 18       		.uleb128 0x18
 1304 0177 01       		.uleb128 0x1
 1305 0178 01       		.byte	0x1
 1306 0179 49       		.uleb128 0x49
 1307 017a 13       		.uleb128 0x13
 1308 017b 01       		.uleb128 0x1
 1309 017c 13       		.uleb128 0x13
 1310 017d 00       		.byte	0
 1311 017e 00       		.byte	0
 1312 017f 19       		.uleb128 0x19
 1313 0180 21       		.uleb128 0x21
 1314 0181 00       		.byte	0
 1315 0182 49       		.uleb128 0x49
 1316 0183 13       		.uleb128 0x13
 1317 0184 2F       		.uleb128 0x2f
 1318 0185 0B       		.uleb128 0xb
 1319 0186 00       		.byte	0
 1320 0187 00       		.byte	0
 1321 0188 1A       		.uleb128 0x1a
 1322 0189 34       		.uleb128 0x34
 1323 018a 00       		.byte	0
ARM GAS  C:\Users\tmj32\AppData\Local\Temp\ccUJSuOK.s 			page 32


 1324 018b 03       		.uleb128 0x3
 1325 018c 0E       		.uleb128 0xe
 1326 018d 3A       		.uleb128 0x3a
 1327 018e 0B       		.uleb128 0xb
 1328 018f 3B       		.uleb128 0x3b
 1329 0190 05       		.uleb128 0x5
 1330 0191 49       		.uleb128 0x49
 1331 0192 13       		.uleb128 0x13
 1332 0193 3F       		.uleb128 0x3f
 1333 0194 19       		.uleb128 0x19
 1334 0195 3C       		.uleb128 0x3c
 1335 0196 19       		.uleb128 0x19
 1336 0197 00       		.byte	0
 1337 0198 00       		.byte	0
 1338 0199 1B       		.uleb128 0x1b
 1339 019a 2E       		.uleb128 0x2e
 1340 019b 00       		.byte	0
 1341 019c 3F       		.uleb128 0x3f
 1342 019d 19       		.uleb128 0x19
 1343 019e 3C       		.uleb128 0x3c
 1344 019f 19       		.uleb128 0x19
 1345 01a0 6E       		.uleb128 0x6e
 1346 01a1 0E       		.uleb128 0xe
 1347 01a2 03       		.uleb128 0x3
 1348 01a3 0E       		.uleb128 0xe
 1349 01a4 3A       		.uleb128 0x3a
 1350 01a5 0B       		.uleb128 0xb
 1351 01a6 3B       		.uleb128 0x3b
 1352 01a7 0B       		.uleb128 0xb
 1353 01a8 00       		.byte	0
 1354 01a9 00       		.byte	0
 1355 01aa 00       		.byte	0
 1356              		.section	.debug_loc,"",%progbits
 1357              	.Ldebug_loc0:
 1358              	.LLST0:
 1359 0000 00000000 		.4byte	.LVL3
 1360 0004 02000000 		.4byte	.LVL4
 1361 0008 0100     		.2byte	0x1
 1362 000a 50       		.byte	0x50
 1363 000b 02000000 		.4byte	.LVL4
 1364 000f 10000000 		.4byte	.LFE70
 1365 0013 0400     		.2byte	0x4
 1366 0015 F3       		.byte	0xf3
 1367 0016 01       		.uleb128 0x1
 1368 0017 50       		.byte	0x50
 1369 0018 9F       		.byte	0x9f
 1370 0019 00000000 		.4byte	0
 1371 001d 00000000 		.4byte	0
 1372              	.LLST1:
 1373 0021 04000000 		.4byte	.LVL5
 1374 0025 06000000 		.4byte	.LVL6
 1375 0029 0500     		.2byte	0x5
 1376 002b 70       		.byte	0x70
 1377 002c 00       		.sleb128 0
 1378 002d 35       		.byte	0x35
 1379 002e 25       		.byte	0x25
 1380 002f 9F       		.byte	0x9f
ARM GAS  C:\Users\tmj32\AppData\Local\Temp\ccUJSuOK.s 			page 33


 1381 0030 00000000 		.4byte	0
 1382 0034 00000000 		.4byte	0
 1383              	.LLST2:
 1384 0038 00000000 		.4byte	.LVL11
 1385 003c 07000000 		.4byte	.LVL12-1
 1386 0040 0100     		.2byte	0x1
 1387 0042 50       		.byte	0x50
 1388 0043 07000000 		.4byte	.LVL12-1
 1389 0047 1A000000 		.4byte	.LFE65
 1390 004b 0100     		.2byte	0x1
 1391 004d 54       		.byte	0x54
 1392 004e 00000000 		.4byte	0
 1393 0052 00000000 		.4byte	0
 1394              	.LLST3:
 1395 0056 04000000 		.4byte	.LVL18
 1396 005a 08000000 		.4byte	.LVL19
 1397 005e 0200     		.2byte	0x2
 1398 0060 49       		.byte	0x49
 1399 0061 9F       		.byte	0x9f
 1400 0062 08000000 		.4byte	.LVL19
 1401 0066 40000000 		.4byte	.LVL28
 1402 006a 0100     		.2byte	0x1
 1403 006c 54       		.byte	0x54
 1404 006d 00000000 		.4byte	0
 1405 0071 00000000 		.4byte	0
 1406              		.section	.debug_aranges,"",%progbits
 1407 0000 7C000000 		.4byte	0x7c
 1408 0004 0200     		.2byte	0x2
 1409 0006 00000000 		.4byte	.Ldebug_info0
 1410 000a 04       		.byte	0x4
 1411 000b 00       		.byte	0
 1412 000c 0000     		.2byte	0
 1413 000e 0000     		.2byte	0
 1414 0010 00000000 		.4byte	.LFB68
 1415 0014 0C000000 		.4byte	.LFE68-.LFB68
 1416 0018 00000000 		.4byte	.LFB69
 1417 001c 0C000000 		.4byte	.LFE69-.LFB69
 1418 0020 00000000 		.4byte	.LFB70
 1419 0024 10000000 		.4byte	.LFE70-.LFB70
 1420 0028 00000000 		.4byte	.LFB71
 1421 002c 0C000000 		.4byte	.LFE71-.LFB71
 1422 0030 00000000 		.4byte	.LFB72
 1423 0034 0C000000 		.4byte	.LFE72-.LFB72
 1424 0038 00000000 		.4byte	.LFB73
 1425 003c 18000000 		.4byte	.LFE73-.LFB73
 1426 0040 00000000 		.4byte	.LFB74
 1427 0044 0C000000 		.4byte	.LFE74-.LFB74
 1428 0048 00000000 		.4byte	.LFB64
 1429 004c 1C000000 		.4byte	.LFE64-.LFB64
 1430 0050 00000000 		.4byte	.LFB65
 1431 0054 1A000000 		.4byte	.LFE65-.LFB65
 1432 0058 00000000 		.4byte	.LFB66
 1433 005c 14000000 		.4byte	.LFE66-.LFB66
 1434 0060 00000000 		.4byte	.LFB67
 1435 0064 44000000 		.4byte	.LFE67-.LFB67
 1436 0068 00000000 		.4byte	.LFB75
 1437 006c 0C000000 		.4byte	.LFE75-.LFB75
ARM GAS  C:\Users\tmj32\AppData\Local\Temp\ccUJSuOK.s 			page 34


 1438 0070 00000000 		.4byte	.LFB76
 1439 0074 0C000000 		.4byte	.LFE76-.LFB76
 1440 0078 00000000 		.4byte	0
 1441 007c 00000000 		.4byte	0
 1442              		.section	.debug_ranges,"",%progbits
 1443              	.Ldebug_ranges0:
 1444 0000 00000000 		.4byte	.LFB68
 1445 0004 0C000000 		.4byte	.LFE68
 1446 0008 00000000 		.4byte	.LFB69
 1447 000c 0C000000 		.4byte	.LFE69
 1448 0010 00000000 		.4byte	.LFB70
 1449 0014 10000000 		.4byte	.LFE70
 1450 0018 00000000 		.4byte	.LFB71
 1451 001c 0C000000 		.4byte	.LFE71
 1452 0020 00000000 		.4byte	.LFB72
 1453 0024 0C000000 		.4byte	.LFE72
 1454 0028 00000000 		.4byte	.LFB73
 1455 002c 18000000 		.4byte	.LFE73
 1456 0030 00000000 		.4byte	.LFB74
 1457 0034 0C000000 		.4byte	.LFE74
 1458 0038 00000000 		.4byte	.LFB64
 1459 003c 1C000000 		.4byte	.LFE64
 1460 0040 00000000 		.4byte	.LFB65
 1461 0044 1A000000 		.4byte	.LFE65
 1462 0048 00000000 		.4byte	.LFB66
 1463 004c 14000000 		.4byte	.LFE66
 1464 0050 00000000 		.4byte	.LFB67
 1465 0054 44000000 		.4byte	.LFE67
 1466 0058 00000000 		.4byte	.LFB75
 1467 005c 0C000000 		.4byte	.LFE75
 1468 0060 00000000 		.4byte	.LFB76
 1469 0064 0C000000 		.4byte	.LFE76
 1470 0068 00000000 		.4byte	0
 1471 006c 00000000 		.4byte	0
 1472              		.section	.debug_line,"",%progbits
 1473              	.Ldebug_line0:
 1474 0000 DB020000 		.section	.debug_str,"MS",%progbits,1
 1474      0200DF01 
 1474      00000201 
 1474      FB0E0D00 
 1474      01010101 
 1475              	.LASF19:
 1476 0000 72656733 		.ascii	"reg32\000"
 1476      3200
 1477              	.LASF46:
 1478 0006 6973725F 		.ascii	"isr_2_GetState\000"
 1478      325F4765 
 1478      74537461 
 1478      746500
 1479              	.LASF38:
 1480 0015 4C43445F 		.ascii	"LCD_WriteControl\000"
 1480      57726974 
 1480      65436F6E 
 1480      74726F6C 
 1480      00
 1481              	.LASF12:
 1482 0026 5F5F696E 		.ascii	"__int32_t\000"
ARM GAS  C:\Users\tmj32\AppData\Local\Temp\ccUJSuOK.s 			page 35


 1482      7433325F 
 1482      7400
 1483              	.LASF7:
 1484 0030 6C6F6E67 		.ascii	"long int\000"
 1484      20696E74 
 1484      00
 1485              	.LASF22:
 1486 0039 6973725F 		.ascii	"isr_2_SetVector\000"
 1486      325F5365 
 1486      74566563 
 1486      746F7200 
 1487              	.LASF23:
 1488 0049 6973725F 		.ascii	"isr_2_SetPriority\000"
 1488      325F5365 
 1488      74507269 
 1488      6F726974 
 1488      7900
 1489              	.LASF30:
 1490 005b 6973725F 		.ascii	"isr_2_Start\000"
 1490      325F5374 
 1490      61727400 
 1491              	.LASF28:
 1492 0067 6973725F 		.ascii	"isr_2_Enable\000"
 1492      325F456E 
 1492      61626C65 
 1492      00
 1493              	.LASF16:
 1494 0074 666C6F61 		.ascii	"float\000"
 1494      7400
 1495              	.LASF3:
 1496 007a 7369676E 		.ascii	"signed char\000"
 1496      65642063 
 1496      68617200 
 1497              	.LASF4:
 1498 0086 756E7369 		.ascii	"unsigned char\000"
 1498      676E6564 
 1498      20636861 
 1498      7200
 1499              	.LASF43:
 1500 0094 474E5520 		.ascii	"GNU C11 5.4.1 20160609 (release) [ARM/embedded-5-br"
 1500      43313120 
 1500      352E342E 
 1500      31203230 
 1500      31363036 
 1501 00c7 616E6368 		.ascii	"anch revision 237715] -mcpu=cortex-m3 -mthumb -g -O"
 1501      20726576 
 1501      6973696F 
 1501      6E203233 
 1501      37373135 
 1502 00fa 67202D66 		.ascii	"g -ffunction-sections -ffat-lto-objects\000"
 1502      66756E63 
 1502      74696F6E 
 1502      2D736563 
 1502      74696F6E 
 1503              	.LASF31:
 1504 0122 6973725F 		.ascii	"isr_2_StartEx\000"
 1504      325F5374 
ARM GAS  C:\Users\tmj32\AppData\Local\Temp\ccUJSuOK.s 			page 36


 1504      61727445 
 1504      7800
 1505              	.LASF18:
 1506 0130 72656738 		.ascii	"reg8\000"
 1506      00
 1507              	.LASF8:
 1508 0135 6C6F6E67 		.ascii	"long unsigned int\000"
 1508      20756E73 
 1508      69676E65 
 1508      6420696E 
 1508      7400
 1509              	.LASF6:
 1510 0147 73686F72 		.ascii	"short unsigned int\000"
 1510      7420756E 
 1510      7369676E 
 1510      65642069 
 1510      6E7400
 1511              	.LASF47:
 1512 015a 49544D5F 		.ascii	"ITM_RxBuffer\000"
 1512      52784275 
 1512      66666572 
 1512      00
 1513              	.LASF17:
 1514 0167 646F7562 		.ascii	"double\000"
 1514      6C6500
 1515              	.LASF29:
 1516 016e 6973725F 		.ascii	"isr_2_Disable\000"
 1516      325F4469 
 1516      7361626C 
 1516      6500
 1517              	.LASF34:
 1518 017c 73747231 		.ascii	"str1\000"
 1518      00
 1519              	.LASF41:
 1520 0181 4C43445F 		.ascii	"LCD_PrintString\000"
 1520      5072696E 
 1520      74537472 
 1520      696E6700 
 1521              	.LASF36:
 1522 0191 6973725F 		.ascii	"isr_2_ClearPending\000"
 1522      325F436C 
 1522      65617250 
 1522      656E6469 
 1522      6E6700
 1523              	.LASF15:
 1524 01a4 75696E74 		.ascii	"uint32\000"
 1524      333200
 1525              	.LASF26:
 1526 01ab 6973725F 		.ascii	"isr_2_GetVector\000"
 1526      325F4765 
 1526      74566563 
 1526      746F7200 
 1527              	.LASF0:
 1528 01bb 756E7369 		.ascii	"unsigned int\000"
 1528      676E6564 
 1528      20696E74 
 1528      00
ARM GAS  C:\Users\tmj32\AppData\Local\Temp\ccUJSuOK.s 			page 37


 1529              	.LASF35:
 1530 01c8 6973725F 		.ascii	"isr_2_SetPending\000"
 1530      325F5365 
 1530      7450656E 
 1530      64696E67 
 1530      00
 1531              	.LASF33:
 1532 01d9 6973725F 		.ascii	"isr_2_Interrupt\000"
 1532      325F496E 
 1532      74657272 
 1532      75707400 
 1533              	.LASF24:
 1534 01e9 61646472 		.ascii	"address\000"
 1534      65737300 
 1535              	.LASF9:
 1536 01f1 6C6F6E67 		.ascii	"long long unsigned int\000"
 1536      206C6F6E 
 1536      6720756E 
 1536      7369676E 
 1536      65642069 
 1537              	.LASF39:
 1538 0208 4C43445F 		.ascii	"LCD_Position\000"
 1538      506F7369 
 1538      74696F6E 
 1538      00
 1539              	.LASF32:
 1540 0215 6973725F 		.ascii	"isr_2_Stop\000"
 1540      325F5374 
 1540      6F7000
 1541              	.LASF20:
 1542 0220 63796973 		.ascii	"cyisraddress\000"
 1542      72616464 
 1542      72657373 
 1542      00
 1543              	.LASF45:
 1544 022d 433A5C55 		.ascii	"C:\\Users\\tmj32\\Desktop\\343Final\\PSOC_C_AlarmCl"
 1544      73657273 
 1544      5C746D6A 
 1544      33325C44 
 1544      65736B74 
 1545 025b 6F636B55 		.ascii	"ockUsingInterrupts\\Design01.cydsn\000"
 1545      73696E67 
 1545      496E7465 
 1545      72727570 
 1545      74735C44 
 1546              	.LASF13:
 1547 027d 696E7433 		.ascii	"int32_t\000"
 1547      325F7400 
 1548              	.LASF25:
 1549 0285 7072696F 		.ascii	"priority\000"
 1549      72697479 
 1549      00
 1550              	.LASF37:
 1551 028e 50574D5F 		.ascii	"PWM_1_WriteCompare\000"
 1551      315F5772 
 1551      69746543 
 1551      6F6D7061 
ARM GAS  C:\Users\tmj32\AppData\Local\Temp\ccUJSuOK.s 			page 38


 1551      726500
 1552              	.LASF1:
 1553 02a1 6C6F6E67 		.ascii	"long long int\000"
 1553      206C6F6E 
 1553      6720696E 
 1553      7400
 1554              	.LASF10:
 1555 02af 73697A65 		.ascii	"sizetype\000"
 1555      74797065 
 1555      00
 1556              	.LASF11:
 1557 02b8 63686172 		.ascii	"char\000"
 1557      00
 1558              	.LASF21:
 1559 02bd 72616D56 		.ascii	"ramVectorTable\000"
 1559      6563746F 
 1559      72546162 
 1559      6C6500
 1560              	.LASF5:
 1561 02cc 73686F72 		.ascii	"short int\000"
 1561      7420696E 
 1561      7400
 1562              	.LASF14:
 1563 02d6 75696E74 		.ascii	"uint8\000"
 1563      3800
 1564              	.LASF44:
 1565 02dc 47656E65 		.ascii	"Generated_Source\\PSoC5\\isr_2.c\000"
 1565      72617465 
 1565      645F536F 
 1565      75726365 
 1565      5C50536F 
 1566              	.LASF2:
 1567 02fb 6C6F6E67 		.ascii	"long double\000"
 1567      20646F75 
 1567      626C6500 
 1568              	.LASF27:
 1569 0307 6973725F 		.ascii	"isr_2_GetPriority\000"
 1569      325F4765 
 1569      74507269 
 1569      6F726974 
 1569      7900
 1570              	.LASF40:
 1571 0319 73707269 		.ascii	"sprintf\000"
 1571      6E746600 
 1572              	.LASF42:
 1573 0321 43794465 		.ascii	"CyDelay\000"
 1573      6C617900 
 1574              		.ident	"GCC: (GNU Tools for ARM Embedded Processors) 5.4.1 20160609 (release) [ARM/embedded-5-bran
